C51 COMPILER V9.59.0.0   BLE_COMM                                                          06/28/2022 11:43:46 PAGE 1   


C51 COMPILER V9.59.0.0, COMPILATION OF MODULE BLE_COMM
OBJECT MODULE PLACED IN .\out\ble_comm.obj
COMPILER INVOKED BY: C:\Keil_v5\C51\BIN\C51.EXE src\ble_comm.c OPTIMIZE(7,SPEED) BROWSE NOAREGS INCDIR(.\inc) DEFINE(xLD
                    -O_5V) DEBUG OBJECTEXTEND CODE PRINT(.\lst\ble_comm.lst) TABS(2) OBJECT(.\out\ble_comm.obj)

line level    source

   1          
   2          #include "drv_uart.h"
   3          #include "utiles.h"
   4          #include "sys_message.h"
   5          #include "ble_comm.h"
   6          
   7          /******************************************************************************************
   8          *  FUNCTION NAME: SendFrame111
   9          *  INPUTS:
  10          *  OUTPUTS:
  11          *  VALUE RETURNED:     void.
  12          *  DESCRIPTION:      
  13          *  CAUTIONS:    .
  14          ******************************************************************************************
  15          * MODIFICATION HISTORY:
  16          * Date          Person                  Change
  17          * ---------------------------------------------------------------------------------------
  18          * 9/06/2013    LIRIZHI (LRZ)         Initial creation
  19          ******************************************************************************************/
  20          void AppCommandParse(uint8_t *rx_buf){
  21   1      
  22   1        switch(rx_buf[0]){
  23   2        case CMD_HANDSHAKE:
  24   2      
  25   2          SendQueueAppAck(ACK_CMD_HANDSHAKE);
  26   2          put_message(MSG_BLE_CONNECT_IND,1);
  27   2          break;
  28   2        case CMD_RUNING:
  29   2      
  30   2            SendQueueAppAck(ACK_CMD_RUNING);
  31   2            put_message(MSG_BLE_CMD_START,rx_buf[1]);
  32   2      
  33   2          break;
  34   2        case CMD_STOP:
  35   2          SendQueueAppAck(ACK_CMD_STOP);
  36   2          put_message(MSG_BLE_CMD_STOP,0);
  37   2          break;
  38   2        case CMD_SET_SPEED:
  39   2          SendQueueAppAck(ACK_CMD_SET_SPEED);
  40   2          put_message(MSG_BLE_SET_SPEED,(rx_buf[1]<<8|rx_buf[2]));
  41   2            break;
  42   2        case CMD_SET_FLOWTIME:
  43   2          SendQueueAppAck(ACK_CMD_SET_FLOWTIME);
  44   2          put_message(MSG_BLE_SET_FLOWTIME,(uint16_t)rx_buf[1]);
  45   2        
  46   2          break;
  47   2        default:
  48   2        break;
  49   2        }
  50   1      }
C51 COMPILER V9.59.0.0   BLE_COMM                                                          06/28/2022 11:43:46 PAGE 2   

ASSEMBLY LISTING OF GENERATED OBJECT CODE


             ; FUNCTION _AppCommandParse (BEGIN)
                                           ; SOURCE LINE # 20
0000 8B00        R     MOV     rx_buf,R3
0002 8A00        R     MOV     rx_buf+01H,R2
0004 8900        R     MOV     rx_buf+02H,R1
                                           ; SOURCE LINE # 22
0006 120000      E     LCALL   ?C?CLDPTR
0009 14                DEC     A
000A 601C              JZ      ?C0003
000C 14                DEC     A
000D 6033              JZ      ?C0004
000F 14                DEC     A
0010 603E              JZ      ?C0005
0012 14                DEC     A
0013 605D              JZ      ?C0006
0015 2404              ADD     A,#04H
0017 7072              JNZ     ?C0008
                                           ; SOURCE LINE # 23
0019         ?C0002:
                                           ; SOURCE LINE # 25
0019 7F80              MOV     R7,#080H
001B 120000      E     LCALL   _SendQueueAppAck
                                           ; SOURCE LINE # 26
001E 7D01              MOV     R5,#01H
0020 7C00              MOV     R4,#00H
0022 7F09              MOV     R7,#09H
0024 120000      E     LCALL   _put_message
                                           ; SOURCE LINE # 27
0027 22                RET     
                                           ; SOURCE LINE # 28
0028         ?C0003:
                                           ; SOURCE LINE # 30
0028 7F81              MOV     R7,#081H
002A 120000      E     LCALL   _SendQueueAppAck
                                           ; SOURCE LINE # 31
002D AB00        R     MOV     R3,rx_buf
002F AA00        R     MOV     R2,rx_buf+01H
0031 A900        R     MOV     R1,rx_buf+02H
0033 900001            MOV     DPTR,#01H
0036 120000      E     LCALL   ?C?CLDOPTR
0039 FD                MOV     R5,A
003A 7C00              MOV     R4,#00H
003C 7F0B              MOV     R7,#0BH
003E 120000      E     LCALL   _put_message
                                           ; SOURCE LINE # 33
0041 22                RET     
                                           ; SOURCE LINE # 34
0042         ?C0004:
                                           ; SOURCE LINE # 35
0042 7F82              MOV     R7,#082H
0044 120000      E     LCALL   _SendQueueAppAck
                                           ; SOURCE LINE # 36
0047 E4                CLR     A
0048 FD                MOV     R5,A
0049 FC                MOV     R4,A
004A 7F0C              MOV     R7,#0CH
004C 120000      E     LCALL   _put_message
                                           ; SOURCE LINE # 37
004F 22                RET     
C51 COMPILER V9.59.0.0   BLE_COMM                                                          06/28/2022 11:43:46 PAGE 3   

                                           ; SOURCE LINE # 38
0050         ?C0005:
                                           ; SOURCE LINE # 39
0050 7F83              MOV     R7,#083H
0052 120000      E     LCALL   _SendQueueAppAck
                                           ; SOURCE LINE # 40
0055 AB00        R     MOV     R3,rx_buf
0057 AA00        R     MOV     R2,rx_buf+01H
0059 A900        R     MOV     R1,rx_buf+02H
005B 900001            MOV     DPTR,#01H
005E 120000      E     LCALL   ?C?CLDOPTR
0061 FE                MOV     R6,A
0062 900002            MOV     DPTR,#02H
0065 120000      E     LCALL   ?C?CLDOPTR
0068 FD                MOV     R5,A
0069 EE                MOV     A,R6
006A FC                MOV     R4,A
006B ED                MOV     A,R5
006C 7F0D              MOV     R7,#0DH
006E 120000      E     LCALL   _put_message
                                           ; SOURCE LINE # 41
0071 22                RET     
                                           ; SOURCE LINE # 42
0072         ?C0006:
                                           ; SOURCE LINE # 43
0072 7F84              MOV     R7,#084H
0074 120000      E     LCALL   _SendQueueAppAck
                                           ; SOURCE LINE # 44
0077 AB00        R     MOV     R3,rx_buf
0079 AA00        R     MOV     R2,rx_buf+01H
007B A900        R     MOV     R1,rx_buf+02H
007D 900001            MOV     DPTR,#01H
0080 120000      E     LCALL   ?C?CLDOPTR
0083 FD                MOV     R5,A
0084 7C00              MOV     R4,#00H
0086 7F0E              MOV     R7,#0EH
0088 120000      E     LCALL   _put_message
                                           ; SOURCE LINE # 46
                                           ; SOURCE LINE # 47
                                           ; SOURCE LINE # 48
                                           ; SOURCE LINE # 49
                                           ; SOURCE LINE # 50
008B         ?C0008:
008B 22                RET     
             ; FUNCTION _AppCommandParse (END)



MODULE INFORMATION:   STATIC OVERLAYABLE
   CODE SIZE        =    140    ----
   CONSTANT SIZE    =   ----    ----
   XDATA SIZE       =   ----    ----
   PDATA SIZE       =   ----    ----
   DATA SIZE        =   ----       3
   IDATA SIZE       =   ----    ----
   BIT SIZE         =   ----    ----
END OF MODULE INFORMATION.


C51 COMPILATION COMPLETE.  0 WARNING(S),  0 ERROR(S)
