BL51 BANKED LINKER/LOCATER V6.22.2.0                                                    05/16/2022  18:16:27  PAGE 1


BL51 BANKED LINKER/LOCATER V6.22.2.0, INVOKED BY:
C:\KEIL_V5\C51\BIN\BL51.EXE .\out\drv_battery.obj, .\out\drv_led.obj, .\out\drv_motor.obj, .\out\main.obj, .\out\startup
>> .obj, .\out\drv_uart.obj, .\out\sys_message.obj, .\out\sys_manage.obj, .\out\drv_key.obj, .\out\ble_comm.obj, .\out\d
>> rv_timer.obj, .\out\utiles.obj, .\out\drv_adc.obj, .\out\drv_charge.obj TO .\out\FLOW-GUN-V04 PRINT (.\lst\FLOW-GUN-V
>> 04.m51) RAMSIZE (256) CODE (0X0000-0X3FFF) XDATA (0X0000-0X01FF)


MEMORY MODEL: SMALL


INPUT MODULES INCLUDED:
  .\out\drv_battery.obj (DRV_BATTERY)
  .\out\drv_led.obj (DRV_LED)
  .\out\drv_motor.obj (DRV_MOTOR)
  .\out\main.obj (MAIN)
  .\out\startup.obj (?C_STARTUP)
  .\out\drv_uart.obj (DRV_UART)
  .\out\sys_message.obj (SYS_MESSAGE)
  .\out\sys_manage.obj (SYS_MANAGE)
  .\out\drv_key.obj (DRV_KEY)
  .\out\ble_comm.obj (BLE_COMM)
  .\out\drv_timer.obj (DRV_TIMER)
  .\out\utiles.obj (UTILES)
  .\out\drv_adc.obj (DRV_ADC)
  .\out\drv_charge.obj (DRV_CHARGE)
  C:\KEIL_V5\C51\LIB\C51S.LIB (?C?CLDPTR)
  C:\KEIL_V5\C51\LIB\C51S.LIB (?C?CLDOPTR)
  C:\KEIL_V5\C51\LIB\C51S.LIB (?C?CSTPTR)
  C:\KEIL_V5\C51\LIB\C51S.LIB (?C?CSTOPTR)
  C:\KEIL_V5\C51\LIB\C51S.LIB (?C?IMUL)
  C:\KEIL_V5\C51\LIB\C51S.LIB (?C?UIDIV)
  C:\KEIL_V5\C51\LIB\C51S.LIB (?C?ILDOPTR)
  C:\KEIL_V5\C51\LIB\C51S.LIB (?C?IILDOPTR)
  C:\KEIL_V5\C51\LIB\C51S.LIB (?C?ISTPTR)
  C:\KEIL_V5\C51\LIB\C51S.LIB (?C?ISTOPTR)
  C:\KEIL_V5\C51\LIB\C51S.LIB (?C?IILDX)


LINK MAP OF MODULE:  .\out\FLOW-GUN-V04 (DRV_BATTERY)


            TYPE    BASE      LENGTH    RELOCATION   SEGMENT NAME
            -----------------------------------------------------

            * * * * * * *   D A T A   M E M O R Y   * * * * * * *
            REG     0000H     0008H     ABSOLUTE     "REG BANK 0"
            DATA    0008H     0020H     UNIT         ?DT?SYS_MESSAGE
            DATA    0028H     000EH     UNIT         ?DT?SYS_MANAGE
            DATA    0036H     0009H     UNIT         _DATA_GROUP_
            DATA    003FH     0006H     UNIT         ?DT?DRV_KEY
            DATA    0045H     0004H     UNIT         ?DT?MAIN
            DATA    0049H     0003H     UNIT         ?DT?DRV_MOTOR
            DATA    004CH     0002H     UNIT         ?DT?DRV_LED
            DATA    004EH     0001H     UNIT         ?DT?DRV_BATTERY
            DATA    004FH     0001H     UNIT         ?DT?DRV_TIMER
            DATA    0050H     0001H     UNIT         ?DT?DRV_CHARGE
            IDATA   0051H     0008H     UNIT         ?ID?DRV_ADC
            IDATA   0059H     0001H     UNIT         ?STACK
BL51 BANKED LINKER/LOCATER V6.22.2.0                                                  05/16/2022  18:16:27  PAGE 2



            * * * * * * *  X D A T A   M E M O R Y  * * * * * * *
            XDATA   0000H     0030H     UNIT         ?XD?DRV_TIMER
            XDATA   0030H     002EH     UNIT         ?XD?DRV_UART
            XDATA   005EH     0011H     UNIT         ?XD?UTILES
            XDATA   006FH     000BH     UNIT         ?XD?DRV_MOTOR
            XDATA   007AH     0007H     UNIT         ?XD?DRV_LED
            XDATA   0081H     0004H     UNIT         ?XD?DRV_CHARGE
            XDATA   0085H     0003H     UNIT         ?XD?DRV_BATTERY
                    0088H     4FC8H                  *** GAP ***
            XDATA   5050H     0001H     ABSOLUTE     
            XDATA   5051H     0001H     ABSOLUTE     
            XDATA   5052H     0001H     ABSOLUTE     
            XDATA   5053H     0001H     ABSOLUTE     
            XDATA   5054H     0001H     ABSOLUTE     
            XDATA   5055H     0001H     ABSOLUTE     
            XDATA   5056H     0001H     ABSOLUTE     
            XDATA   5057H     0001H     ABSOLUTE     
            XDATA   5058H     0001H     ABSOLUTE     
                    5059H     0005H                  *** GAP ***
            XDATA   505EH     0001H     ABSOLUTE     
            XDATA   505FH     0001H     ABSOLUTE     

            * * * * * * *   C O D E   M E M O R Y   * * * * * * *
            CODE    0000H     0003H     ABSOLUTE     
            CODE    0003H     0045H     UNIT         ?PR?PORT_INIT?MAIN
            CODE    0048H     0001H     UNIT         ?PR?INT_USI_TX?MAIN
                    0049H     0002H                  *** GAP ***
            CODE    004BH     0003H     ABSOLUTE     
            CODE    004EH     0004H     UNIT         ?PR?OPAMP_INIT?MAIN
                    0052H     0001H                  *** GAP ***
            CODE    0053H     0003H     ABSOLUTE     
            CODE    0056H     0004H     UNIT         ?PR?SYS_PROCESS_INI?SYS_MANAGE
                    005AH     0001H                  *** GAP ***
            CODE    005BH     0003H     ABSOLUTE     
                    005EH     0005H                  *** GAP ***
            CODE    0063H     0003H     ABSOLUTE     
            CODE    0066H     01D8H     UNIT         ?PR?DRV_MOTOR?DRV_MOTOR
            CODE    023EH     01C8H     UNIT         ?C?LIB_CODE
            CODE    0406H     0142H     UNIT         ?PR?RECEIVEUARTFRAME?DRV_UART
            CODE    0548H     00E0H     UNIT         ?PR?DRV_CHARGE?DRV_CHARGE
            CODE    0628H     00D7H     UNIT         ?PR?DRV_KEY?DRV_KEY
            CODE    06FFH     00CDH     UNIT         ?PR?DRV_BATTERY?DRV_BATTERY
            CODE    07CCH     00CBH     UNIT         ?PR?DRV_ADC?DRV_ADC
            CODE    0897H     00BEH     UNIT         ?PR?_READBATTERYLEVEL?DRV_BATTERY
            CODE    0955H     00B9H     UNIT         ?PR?DRV_COMM?DRV_UART
            CODE    0A0EH     00AFH     UNIT         ?PR?_DRV_MOTOR_CHANGE_MODE_SPEED?DRV_MOTOR
            CODE    0ABDH     00AAH     UNIT         ?PR?_DRV_MOTOR_START?DRV_MOTOR
            CODE    0B67H     00A3H     UNIT         ?PR?SYS_CHARGE?SYS_MANAGE
            CODE    0C0AH     009FH     UNIT         ?PR?COMMON_EV_PROCESS?SYS_MANAGE
            CODE    0CA9H     009CH     UNIT         ?PR?SYS_RUNING?SYS_MANAGE
            CODE    0D45H     0095H     UNIT         ?PR?_START_EVTIMER?DRV_TIMER
            CODE    0DDAH     0092H     UNIT         ?PR?SYS_POWER_UP?SYS_MANAGE
            CODE    0E6CH     0078H     UNIT         ?PR?SYS_POWER_NONE?SYS_MANAGE
            CODE    0EE4H     0077H     UNIT         ?PR?DRV_TIME?DRV_TIMER
            CODE    0F5BH     0074H     UNIT         ?PR?SYS_CHARGE_FULL?SYS_MANAGE
            CODE    0FCFH     0074H     UNIT         ?PR?SYS_PROCESS?SYS_MANAGE
BL51 BANKED LINKER/LOCATER V6.22.2.0                                                  05/16/2022  18:16:27  PAGE 3


            CODE    1043H     0073H     UNIT         ?PR?DRV_LED?DRV_LED
            CODE    10B6H     0070H     UNIT         ?PR?_APPCOMMANDPARSE?BLE_COMM
            CODE    1126H     006FH     UNIT         ?PR?SYS_ERROR?SYS_MANAGE
            CODE    1195H     006CH     UNIT         ?PR?DRV_UART_TX?DRV_UART
            CODE    1201H     0069H     UNIT         ?PR?SYS_TEST?SYS_MANAGE
            CODE    126AH     0064H     UNIT         ?PR?_DRV_LED_SET_BATTERY_LIGHT?DRV_LED
            CODE    12CEH     0061H     UNIT         ?PR?SYS_STOP?SYS_MANAGE
            CODE    132FH     005BH     UNIT         ?PR?_SENDQUEUESYSRUNINGPARAM?UTILES
            CODE    138AH     0058H     UNIT         ?PR?_DRV_LED_SET_BATTERY_CHARGE_LIGHT?DRV_LED
            CODE    13E2H     0056H     UNIT         ?PR?MAIN?MAIN
            CODE    1438H     0050H     UNIT         ?PR?BREATH_DUTY_CAL?DRV_LED
            CODE    1488H     0049H     UNIT         ?PR?_GET_MESSAGE?SYS_MESSAGE
            CODE    14D1H     0043H     UNIT         ?PR?MOTOR_CURRENT_CHECK?DRV_MOTOR
            CODE    1514H     0040H     UNIT         ?PR?DRV_LED_WRITE_BATTERY?DRV_LED
            CODE    1554H     003FH     UNIT         ?PR?SYS_POWERKEY_RELEASE_WAIT?SYS_MANAGE
            CODE    1593H     0039H     UNIT         ?PR?_RUNING_CURRENT_CHECK?DRV_MOTOR
            CODE    15CCH     0039H     UNIT         ?PR?_STOP_EVTIMER?DRV_TIMER
            CODE    1605H     0036H     UNIT         ?PR?_DRV_LED_SET_CURRENT_LIGHT?DRV_LED
            CODE    163BH     0036H     UNIT         ?PR?INT_USI_RX?DRV_UART
            CODE    1671H     0036H     UNIT         ?PR?_SENDQUEUEAPPACK?UTILES
            CODE    16A7H     0032H     UNIT         ?PR?_DRV_MOTOR_CHANGE_FLOW_TIME?DRV_MOTOR
            CODE    16D9H     0032H     UNIT         ?PR?_DRV_UART_GET?DRV_UART
            CODE    170BH     0030H     UNIT         ?CO?DRV_LED
            CODE    173BH     0030H     UNIT         ?PR?_PUT_MESSAGE?SYS_MESSAGE
            CODE    176BH     002CH     UNIT         ?PR?DRV_LED_WRITE_MODE?DRV_LED
            CODE    1797H     002BH     UNIT         ?PR?_SENDNOTICEFRAME?DRV_UART
            CODE    17C2H     0023H     UNIT         ?PR?POPCOMMANDQUEUE?UTILES
            CODE    17E5H     0023H     UNIT         ?PR?POPACKQUEUE?UTILES
            CODE    1808H     0022H     UNIT         ?PR?INIT_EVTIMERS?DRV_TIMER
            CODE    182AH     0021H     UNIT         ?PR?DRV_MOTOR_STOP?DRV_MOTOR
            CODE    184BH     001EH     UNIT         ?PR?DRV_LED_INI?DRV_LED
            CODE    1869H     001EH     UNIT         ?PR?_SENDACKFRAME?DRV_UART
            CODE    1887H     001DH     UNIT         ?PR?TIMER3_INIT?MAIN
            CODE    18A4H     001BH     UNIT         ?PR?_DRV_MOTOR_CHANGE_DIRECT_SPEED?DRV_MOTOR
            CODE    18BFH     001AH     UNIT         ?C_C51STARTUP
            CODE    18D9H     001AH     UNIT         ?PR?INITIALQUEUE?UTILES
            CODE    18F3H     0015H     UNIT         ?PR?TIMER2_INIT?MAIN
            CODE    1908H     0013H     UNIT         ?PR?_DRV_LED_SET_MODE_LIGHT?DRV_LED
            CODE    191BH     0013H     UNIT         ?PR?UART_INIT?MAIN
            CODE    192EH     0012H     UNIT         ?PR?DRV_LED_SET_CURRENT_LIGHT_RESET?DRV_LED
            CODE    1940H     000EH     UNIT         ?PR?READCHARGESTATE?DRV_CHARGE
            CODE    194EH     000EH     UNIT         ?PR?DRV_CHARGE_INI?DRV_CHARGE
            CODE    195CH     000DH     UNIT         ?PR?INT_EXT11?MAIN
            CODE    1969H     000DH     UNIT         ?PR?INT_TIMER0?MAIN
            CODE    1976H     000DH     UNIT         ?PR?TIMER0_INIT?MAIN
            CODE    1983H     000DH     UNIT         ?PR?DRV_ADC_INI?DRV_ADC
            CODE    1990H     000CH     UNIT         ?PR?EXINT_INIT?MAIN
            CODE    199CH     000CH     UNIT         ?PR?ISTXCOMPLETE?DRV_UART
            CODE    19A8H     000AH     UNIT         ?PR?DRV_BATTERY_INI?DRV_BATTERY
            CODE    19B2H     000AH     UNIT         ?PR?_DRV_SET_LED_B_DUTY?DRV_LED
            CODE    19BCH     000AH     UNIT         ?PR?WDT_INIT?MAIN
            CODE    19C6H     000AH     UNIT         ?PR?DRV_UART_INI?DRV_UART
            CODE    19D0H     0009H     UNIT         ?PR?DRV_LED_SET_MODE_LIGHT_OFF?DRV_LED
            CODE    19D9H     0009H     UNIT         ?PR?DRV_LED_SET_BATTERY_LIGHT_OFF?DRV_LED
            CODE    19E2H     0008H     UNIT         ?PR?_UART_WRITE?DRV_UART
            CODE    19EAH     0008H     UNIT         ?PR?DRV_READ_ADC_BATTERY?DRV_ADC
            CODE    19F2H     0008H     UNIT         ?PR?DRV_READ_ADC_CURRRENT?DRV_ADC
BL51 BANKED LINKER/LOCATER V6.22.2.0                                                  05/16/2022  18:16:27  PAGE 4


            CODE    19FAH     0007H     UNIT         ?PR?_DRV_SET_LED_R_DUTY?DRV_LED
            CODE    1A01H     0007H     UNIT         ?PR?ADC_INIT?MAIN
            CODE    1A08H     0007H     UNIT         ?PR?CLOCK_INIT?MAIN
            CODE    1A0FH     0006H     UNIT         ?PR?_DRV_LED_SET_BAT_LEVEL?DRV_LED
            CODE    1A15H     0006H     UNIT         ?PR?_DRV_LED_SET_CHARGE_ONOFF?DRV_LED
            CODE    1A1BH     0006H     UNIT         ?PR?INI_MESSAGE?SYS_MESSAGE



OVERLAY MAP OF MODULE:   .\out\FLOW-GUN-V04 (DRV_BATTERY)


SEGMENT                                            DATA_GROUP 
  +--> CALLED SEGMENT                            START    LENGTH
----------------------------------------------------------------
?C_C51STARTUP                                    -----    -----
  +--> ?PR?MAIN?MAIN

?PR?MAIN?MAIN                                    -----    -----
  +--> ?PR?PORT_INIT?MAIN
  +--> ?PR?CLOCK_INIT?MAIN
  +--> ?PR?ADC_INIT?MAIN
  +--> ?PR?EXINT_INIT?MAIN
  +--> ?PR?OPAMP_INIT?MAIN
  +--> ?PR?TIMER0_INIT?MAIN
  +--> ?PR?TIMER2_INIT?MAIN
  +--> ?PR?TIMER3_INIT?MAIN
  +--> ?PR?DRV_ADC_INI?DRV_ADC
  +--> ?PR?DRV_LED_INI?DRV_LED
  +--> ?PR?DRV_CHARGE_INI?DRV_CHARGE
  +--> ?PR?DRV_BATTERY_INI?DRV_BATTERY
  +--> ?PR?DRV_UART_INI?DRV_UART
  +--> ?PR?INI_MESSAGE?SYS_MESSAGE
  +--> ?PR?INIT_EVTIMERS?DRV_TIMER
  +--> ?PR?SYS_PROCESS_INI?SYS_MANAGE
  +--> ?PR?DRV_ADC?DRV_ADC
  +--> ?PR?DRV_COMM?DRV_UART
  +--> ?PR?DRV_UART_TX?DRV_UART
  +--> ?PR?DRV_KEY?DRV_KEY
  +--> ?PR?DRV_LED?DRV_LED
  +--> ?PR?DRV_MOTOR?DRV_MOTOR
  +--> ?PR?DRV_CHARGE?DRV_CHARGE
  +--> ?PR?DRV_BATTERY?DRV_BATTERY
  +--> ?PR?DRV_TIME?DRV_TIMER
  +--> ?PR?SYS_PROCESS?SYS_MANAGE

?PR?DRV_LED_INI?DRV_LED                          -----    -----
  +--> ?PR?_DRV_SET_LED_B_DUTY?DRV_LED
  +--> ?PR?_DRV_SET_LED_R_DUTY?DRV_LED
  +--> ?PR?DRV_LED_WRITE_MODE?DRV_LED
  +--> ?PR?DRV_LED_WRITE_BATTERY?DRV_LED

?PR?DRV_UART_INI?DRV_UART                        -----    -----
  +--> ?PR?INITIALQUEUE?UTILES

?PR?DRV_COMM?DRV_UART                            -----    -----
  +--> ?PR?_SENDACKFRAME?DRV_UART
BL51 BANKED LINKER/LOCATER V6.22.2.0                                                  05/16/2022  18:16:27  PAGE 5


  +--> ?PR?_SENDNOTICEFRAME?DRV_UART
  +--> ?PR?RECEIVEUARTFRAME?DRV_UART
  +--> ?PR?_APPCOMMANDPARSE?BLE_COMM
  +--> ?PR?ISTXCOMPLETE?DRV_UART
  +--> ?PR?POPACKQUEUE?UTILES
  +--> ?PR?POPCOMMANDQUEUE?UTILES

?PR?RECEIVEUARTFRAME?DRV_UART                    0036H    0001H
  +--> ?PR?_DRV_UART_GET?DRV_UART
  +--> ?PR?_UART_WRITE?DRV_UART

?PR?_APPCOMMANDPARSE?BLE_COMM                    0036H    0003H
  +--> ?PR?_SENDQUEUEAPPACK?UTILES
  +--> ?PR?_PUT_MESSAGE?SYS_MESSAGE

?PR?_PUT_MESSAGE?SYS_MESSAGE                     003AH    0001H

?PR?DRV_KEY?DRV_KEY                              -----    -----
  +--> ?PR?_PUT_MESSAGE?SYS_MESSAGE

?PR?DRV_LED?DRV_LED                              -----    -----
  +--> ?PR?BREATH_DUTY_CAL?DRV_LED
  +--> ?PR?_DRV_SET_LED_R_DUTY?DRV_LED
  +--> ?PR?_DRV_SET_LED_B_DUTY?DRV_LED
  +--> ?PR?DRV_LED_WRITE_MODE?DRV_LED
  +--> ?PR?DRV_LED_WRITE_BATTERY?DRV_LED

?PR?DRV_MOTOR?DRV_MOTOR                          0036H    0002H
  +--> ?PR?_PUT_MESSAGE?SYS_MESSAGE
  +--> ?PR?MOTOR_CURRENT_CHECK?DRV_MOTOR

?PR?MOTOR_CURRENT_CHECK?DRV_MOTOR                -----    -----
  +--> ?PR?DRV_READ_ADC_CURRRENT?DRV_ADC
  +--> ?PR?_RUNING_CURRENT_CHECK?DRV_MOTOR
  +--> ?PR?_PUT_MESSAGE?SYS_MESSAGE

?PR?DRV_CHARGE?DRV_CHARGE                        -----    -----
  +--> ?PR?_PUT_MESSAGE?SYS_MESSAGE

?PR?DRV_BATTERY?DRV_BATTERY                      0036H    0002H
  +--> ?PR?_READBATTERYLEVEL?DRV_BATTERY
  +--> ?PR?_PUT_MESSAGE?SYS_MESSAGE
  +--> ?PR?READCHARGESTATE?DRV_CHARGE

?PR?_READBATTERYLEVEL?DRV_BATTERY                0038H    0002H
  +--> ?PR?DRV_READ_ADC_BATTERY?DRV_ADC

?PR?DRV_TIME?DRV_TIMER                           0036H    0004H
  +--> ?PR?_PUT_MESSAGE?SYS_MESSAGE

?PR?SYS_PROCESS?SYS_MANAGE                       -----    -----
  +--> ?PR?_GET_MESSAGE?SYS_MESSAGE
  +--> ?PR?SYS_POWER_UP?SYS_MANAGE
  +--> ?PR?SYS_STOP?SYS_MANAGE
  +--> ?PR?SYS_RUNING?SYS_MANAGE
  +--> ?PR?SYS_CHARGE?SYS_MANAGE
  +--> ?PR?SYS_CHARGE_FULL?SYS_MANAGE
BL51 BANKED LINKER/LOCATER V6.22.2.0                                                  05/16/2022  18:16:27  PAGE 6


  +--> ?PR?SYS_POWER_NONE?SYS_MANAGE
  +--> ?PR?SYS_POWERKEY_RELEASE_WAIT?SYS_MANAGE
  +--> ?PR?SYS_ERROR?SYS_MANAGE
  +--> ?PR?SYS_TEST?SYS_MANAGE
  +--> ?PR?COMMON_EV_PROCESS?SYS_MANAGE

?PR?_GET_MESSAGE?SYS_MESSAGE                     0036H    0006H

?PR?SYS_POWER_UP?SYS_MANAGE                      -----    -----
  +--> ?PR?_DRV_MOTOR_START?DRV_MOTOR
  +--> ?PR?_DRV_LED_SET_MODE_LIGHT?DRV_LED
  +--> ?PR?_DRV_LED_SET_CURRENT_LIGHT?DRV_LED
  +--> ?PR?_DRV_LED_SET_BATTERY_LIGHT?DRV_LED
  +--> ?PR?_START_EVTIMER?DRV_TIMER
  +--> ?PR?_DRV_LED_SET_BAT_LEVEL?DRV_LED
  +--> ?PR?_DRV_LED_SET_BATTERY_CHARGE_LIGHT...
  +--> ?PR?_DRV_LED_SET_CHARGE_ONOFF?DRV_LED
  +--> ?PR?DRV_LED_SET_CURRENT_LIGHT_RESET?D...

?PR?_DRV_LED_SET_CURRENT_LIGHT?DRV_LED           -----    -----
  +--> ?PR?_DRV_SET_LED_B_DUTY?DRV_LED
  +--> ?PR?_DRV_SET_LED_R_DUTY?DRV_LED

?PR?_START_EVTIMER?DRV_TIMER                     0036H    0008H

?PR?_DRV_LED_SET_BATTERY_CHARGE_LIGHT...         -----    -----
  +--> ?CO?DRV_LED

?PR?DRV_LED_SET_CURRENT_LIGHT_RESET?D...         -----    -----
  +--> ?PR?_DRV_SET_LED_B_DUTY?DRV_LED
  +--> ?PR?_DRV_SET_LED_R_DUTY?DRV_LED

?PR?SYS_STOP?SYS_MANAGE                          -----    -----
  +--> ?PR?_DRV_MOTOR_START?DRV_MOTOR
  +--> ?PR?_DRV_LED_SET_MODE_LIGHT?DRV_LED
  +--> ?PR?_DRV_LED_SET_CURRENT_LIGHT?DRV_LED
  +--> ?PR?DRV_LED_SET_MODE_LIGHT_OFF?DRV_LED
  +--> ?PR?DRV_LED_SET_CURRENT_LIGHT_RESET?D...
  +--> ?PR?DRV_LED_SET_BATTERY_LIGHT_OFF?DRV...
  +--> ?PR?_STOP_EVTIMER?DRV_TIMER
  +--> ?PR?_DRV_LED_SET_BATTERY_CHARGE_LIGHT...
  +--> ?PR?_DRV_LED_SET_CHARGE_ONOFF?DRV_LED
  +--> ?PR?_START_EVTIMER?DRV_TIMER

?PR?SYS_RUNING?SYS_MANAGE                        -----    -----
  +--> ?PR?_DRV_LED_SET_MODE_LIGHT?DRV_LED
  +--> ?PR?_DRV_MOTOR_CHANGE_MODE_SPEED?DRV_...
  +--> ?PR?_STOP_EVTIMER?DRV_TIMER
  +--> ?PR?_DRV_LED_SET_BATTERY_CHARGE_LIGHT...
  +--> ?PR?_DRV_LED_SET_CHARGE_ONOFF?DRV_LED
  +--> ?PR?DRV_LED_SET_CURRENT_LIGHT_RESET?D...
  +--> ?PR?_START_EVTIMER?DRV_TIMER
  +--> ?PR?_DRV_LED_SET_CURRENT_LIGHT?DRV_LED
  +--> ?PR?DRV_MOTOR_STOP?DRV_MOTOR
  +--> ?PR?DRV_LED_SET_MODE_LIGHT_OFF?DRV_LED
  +--> ?PR?_DRV_LED_SET_BATTERY_LIGHT?DRV_LED

BL51 BANKED LINKER/LOCATER V6.22.2.0                                                  05/16/2022  18:16:27  PAGE 7


?PR?SYS_CHARGE?SYS_MANAGE                        -----    -----
  +--> ?PR?DRV_LED_SET_MODE_LIGHT_OFF?DRV_LED
  +--> ?PR?_DRV_LED_SET_CHARGE_ONOFF?DRV_LED
  +--> ?PR?DRV_LED_SET_BATTERY_LIGHT_OFF?DRV...
  +--> ?PR?DRV_LED_SET_CURRENT_LIGHT_RESET?D...
  +--> ?PR?_STOP_EVTIMER?DRV_TIMER
  +--> ?PR?_DRV_LED_SET_BATTERY_CHARGE_LIGHT...
  +--> ?PR?_START_EVTIMER?DRV_TIMER
  +--> ?PR?_DRV_LED_SET_BAT_LEVEL?DRV_LED
  +--> ?PR?_DRV_LED_SET_BATTERY_LIGHT?DRV_LED
  +--> ?PR?_DRV_LED_SET_CURRENT_LIGHT?DRV_LED
  +--> ?PR?_DRV_MOTOR_START?DRV_MOTOR
  +--> ?PR?_DRV_LED_SET_MODE_LIGHT?DRV_LED

?PR?SYS_CHARGE_FULL?SYS_MANAGE                   -----    -----
  +--> ?PR?DRV_LED_SET_BATTERY_LIGHT_OFF?DRV...
  +--> ?PR?DRV_LED_SET_CURRENT_LIGHT_RESET?D...
  +--> ?PR?_DRV_LED_SET_CURRENT_LIGHT?DRV_LED
  +--> ?PR?_DRV_LED_SET_BATTERY_LIGHT?DRV_LED
  +--> ?PR?_START_EVTIMER?DRV_TIMER
  +--> ?PR?_DRV_MOTOR_START?DRV_MOTOR
  +--> ?PR?_DRV_LED_SET_MODE_LIGHT?DRV_LED
  +--> ?PR?_DRV_LED_SET_BAT_LEVEL?DRV_LED
  +--> ?PR?DRV_LED_SET_MODE_LIGHT_OFF?DRV_LED
  +--> ?PR?_DRV_LED_SET_CHARGE_ONOFF?DRV_LED
  +--> ?PR?_STOP_EVTIMER?DRV_TIMER

?PR?SYS_POWER_NONE?SYS_MANAGE                    -----    -----
  +--> ?PR?DRV_LED_SET_BATTERY_LIGHT_OFF?DRV...
  +--> ?PR?_DRV_LED_SET_BATTERY_LIGHT?DRV_LED
  +--> ?PR?_START_EVTIMER?DRV_TIMER
  +--> ?PR?DRV_LED_SET_MODE_LIGHT_OFF?DRV_LED
  +--> ?PR?_DRV_LED_SET_CHARGE_ONOFF?DRV_LED
  +--> ?PR?DRV_LED_SET_CURRENT_LIGHT_RESET?D...
  +--> ?PR?_STOP_EVTIMER?DRV_TIMER
  +--> ?PR?_DRV_LED_SET_BATTERY_CHARGE_LIGHT...

?PR?SYS_POWERKEY_RELEASE_WAIT?SYS_MANAGE         -----    -----
  +--> ?PR?_DRV_LED_SET_BATTERY_CHARGE_LIGHT...
  +--> ?PR?_DRV_LED_SET_CHARGE_ONOFF?DRV_LED
  +--> ?PR?DRV_LED_SET_CURRENT_LIGHT_RESET?D...
  +--> ?PR?_START_EVTIMER?DRV_TIMER

?PR?SYS_ERROR?SYS_MANAGE                         -----    -----
  +--> ?PR?DRV_LED_SET_BATTERY_LIGHT_OFF?DRV...
  +--> ?PR?_DRV_LED_SET_BATTERY_LIGHT?DRV_LED
  +--> ?PR?_DRV_LED_SET_BATTERY_CHARGE_LIGHT...
  +--> ?PR?_DRV_LED_SET_CHARGE_ONOFF?DRV_LED
  +--> ?PR?DRV_LED_SET_CURRENT_LIGHT_RESET?D...
  +--> ?PR?_START_EVTIMER?DRV_TIMER

?PR?SYS_TEST?SYS_MANAGE                          -----    -----
  +--> ?PR?DRV_MOTOR_STOP?DRV_MOTOR
  +--> ?PR?DRV_LED_SET_CURRENT_LIGHT_RESET?D...
  +--> ?PR?_DRV_MOTOR_START?DRV_MOTOR
  +--> ?PR?_DRV_LED_SET_MODE_LIGHT?DRV_LED
  +--> ?PR?_DRV_LED_SET_CURRENT_LIGHT?DRV_LED
BL51 BANKED LINKER/LOCATER V6.22.2.0                                                  05/16/2022  18:16:27  PAGE 8


  +--> ?PR?_START_EVTIMER?DRV_TIMER
  +--> ?PR?DRV_LED_SET_MODE_LIGHT_OFF?DRV_LED
  +--> ?PR?DRV_LED_SET_BATTERY_LIGHT_OFF?DRV...

?PR?COMMON_EV_PROCESS?SYS_MANAGE                 -----    -----
  +--> ?PR?_DRV_LED_SET_BAT_LEVEL?DRV_LED
  +--> ?PR?_DRV_LED_SET_BATTERY_LIGHT?DRV_LED
  +--> ?PR?DRV_MOTOR_STOP?DRV_MOTOR
  +--> ?PR?_START_EVTIMER?DRV_TIMER
  +--> ?PR?_DRV_MOTOR_CHANGE_FLOW_TIME?DRV_M...
  +--> ?PR?_DRV_MOTOR_CHANGE_DIRECT_SPEED?DR...
  +--> ?PR?DRV_LED_SET_MODE_LIGHT_OFF?DRV_LED
  +--> ?PR?DRV_LED_SET_CURRENT_LIGHT_RESET?D...
  +--> ?PR?DRV_LED_SET_BATTERY_LIGHT_OFF?DRV...

?PR?_DRV_MOTOR_CHANGE_FLOW_TIME?DRV_M...         0036H    0002H

*** NEW ROOT ***************************************************

?PR?INT_USI_RX?DRV_UART                          003EH    0001H



SYMBOL TABLE OF MODULE:  .\out\FLOW-GUN-V04 (DRV_BATTERY)

  VALUE           TYPE          NAME
  ----------------------------------

  -------         MODULE        DRV_BATTERY
  C:0000H         SYMBOL        _ICE_DUMMY_
  C:06FFH         PUBLIC        drv_battery
  D:004EH         PUBLIC        drv_battery_tick
  C:19A8H         PUBLIC        drv_battery_ini
  C:0897H         PUBLIC        _ReadBatteryLevel
  X:0085H         PUBLIC        BatteryCtrl
  -------         PROC          _READBATTERYLEVEL
  D:0038H         SYMBOL        charge
  -------         DO            
  D:0039H         SYMBOL        battery_level
  D:0006H         SYMBOL        battery_adc
  -------         ENDDO         
  C:0897H         LINE#         31
  C:0899H         LINE#         37
  C:089CH         LINE#         39
  C:08A0H         LINE#         40
  C:08A9H         LINE#         41
  C:08A9H         LINE#         42
  C:08B4H         LINE#         43
  C:08B4H         LINE#         45
  C:08BFH         LINE#         46
  C:08BFH         LINE#         48
  C:08CAH         LINE#         49
  C:08CAH         LINE#         51
  C:08D5H         LINE#         52
  C:08D5H         LINE#         54
  C:08E0H         LINE#         55
  C:08E0H         LINE#         56
BL51 BANKED LINKER/LOCATER V6.22.2.0                                                  05/16/2022  18:16:27  PAGE 9


  C:08EBH         LINE#         57
  C:08EBH         LINE#         58
  C:08EDH         LINE#         63
  C:08EDH         LINE#         65
  C:08F6H         LINE#         66
  C:08F9H         LINE#         67
  C:0904H         LINE#         68
  C:0907H         LINE#         69
  C:0912H         LINE#         70
  C:0915H         LINE#         71
  C:0920H         LINE#         72
  C:0923H         LINE#         73
  C:092EH         LINE#         74
  C:0931H         LINE#         75
  C:093CH         LINE#         76
  C:093FH         LINE#         77
  C:094AH         LINE#         78
  C:094DH         LINE#         79
  C:094FH         LINE#         80
  C:0952H         LINE#         81
  C:0952H         LINE#         82
  C:0952H         LINE#         84
  C:0954H         LINE#         85
  -------         ENDPROC       _READBATTERYLEVEL
  -------         PROC          DRV_BATTERY
  -------         DO            
  D:0036H         SYMBOL        level
  D:0037H         SYMBOL        chargeing
  -------         ENDDO         
  C:06FFH         LINE#         101
  C:06FFH         LINE#         105
  C:070DH         LINE#         106
  C:0710H         LINE#         107
  C:0721H         LINE#         108
  C:0721H         LINE#         109
  C:0726H         LINE#         110
  C:072FH         LINE#         111
  C:0735H         LINE#         112
  C:0736H         LINE#         113
  C:0736H         LINE#         115
  C:073DH         LINE#         116
  C:0745H         LINE#         117
  C:0748H         LINE#         118
  C:074BH         LINE#         119
  C:074CH         LINE#         121
  C:074CH         LINE#         122
  C:0752H         LINE#         123
  C:075CH         LINE#         124
  C:0766H         LINE#         125
  C:076CH         LINE#         126
  C:0772H         LINE#         127
  C:0772H         LINE#         128
  C:0772H         LINE#         130
  C:0773H         LINE#         131
  C:0773H         LINE#         132
  C:0778H         LINE#         133
  C:077DH         LINE#         134
BL51 BANKED LINKER/LOCATER V6.22.2.0                                                  05/16/2022  18:16:27  PAGE 10


  C:0781H         LINE#         135
  C:078CH         LINE#         136
  C:0790H         LINE#         137
  C:079AH         LINE#         138
  C:079AH         LINE#         139
  C:079AH         LINE#         140
  C:079CH         LINE#         144
  C:079CH         LINE#         145
  C:079CH         LINE#         146
  C:079EH         LINE#         148
  C:079EH         LINE#         149
  C:07A9H         LINE#         150
  C:07ADH         LINE#         151
  C:07B6H         LINE#         152
  C:07BCH         LINE#         153
  C:07C4H         LINE#         154
  C:07C4H         LINE#         155
  C:07C4H         LINE#         156
  C:07C4H         LINE#         157
  C:07C6H         LINE#         158
  C:07CBH         LINE#         159
  C:07CBH         LINE#         160
  C:07CBH         LINE#         161
  C:07CBH         LINE#         162
  C:07CBH         LINE#         163
  C:07CBH         LINE#         164
  C:07CBH         LINE#         165
  -------         ENDPROC       DRV_BATTERY
  -------         PROC          DRV_BATTERY_INI
  C:19A8H         LINE#         181
  C:19A8H         LINE#         182
  C:19ADH         LINE#         183
  C:19B1H         LINE#         185
  -------         ENDPROC       DRV_BATTERY_INI
  -------         ENDMOD        DRV_BATTERY

  -------         MODULE        DRV_LED
  C:0000H         SYMBOL        _ICE_DUMMY_
  C:19B5H         PUBLIC        _drv_set_led_b_duty
  C:192EH         PUBLIC        drv_led_set_current_light_reset
  C:184BH         PUBLIC        drv_led_ini
  C:19D9H         PUBLIC        drv_led_set_battery_light_off
  C:19FAH         PUBLIC        _drv_set_led_r_duty
  C:1908H         PUBLIC        _drv_led_set_mode_light
  X:007AH         PUBLIC        breath_dir
  X:007BH         PUBLIC        breath_duty
  C:1713H         PUBLIC        charge_light_on_l1
  C:171BH         PUBLIC        charge_light_on_l2
  C:1723H         PUBLIC        charge_light_on_l3
  C:1A0FH         PUBLIC        _drv_led_set_bat_level
  D:00CBH         PUBLIC        T3ADRH
  C:172BH         PUBLIC        charge_light_on_l4
  D:00CDH         PUBLIC        T3BDRH
  C:1733H         PUBLIC        charge_light_on_l5
  D:00CAH         PUBLIC        T3ADRL
  D:00CCH         PUBLIC        T3BDRL
  B:0080H.1       PUBLIC        P01
BL51 BANKED LINKER/LOCATER V6.22.2.0                                                  05/16/2022  18:16:27  PAGE 11


  B:0090H.0       PUBLIC        P20
  B:0098H.0       PUBLIC        P30
  B:0090H.1       PUBLIC        P21
  B:0088H.2       PUBLIC        P12
  B:0080H.3       PUBLIC        P03
  C:19D0H         PUBLIC        drv_led_set_mode_light_off
  B:0098H.1       PUBLIC        P31
  B:0088H.3       PUBLIC        P13
  B:0080H.4       PUBLIC        P04
  C:1438H         PUBLIC        breath_duty_cal
  B:0080H.5       PUBLIC        P05
  X:007DH         PUBLIC        led
  C:138AH         PUBLIC        _drv_led_set_battery_charge_light
  C:1514H         PUBLIC        drv_led_write_battery
  C:170BH         PUBLIC        charge_light_on_low
  C:1A15H         PUBLIC        _drv_led_set_charge_onoff
  D:004CH         PUBLIC        led_req
  C:1043H         PUBLIC        drv_led
  X:007FH         PUBLIC        drv_led_state
  C:126AH         PUBLIC        _drv_led_set_battery_light
  D:004DH         PUBLIC        drv_led_tick
  C:1605H         PUBLIC        _drv_led_set_current_light
  X:0080H         PUBLIC        drv_led_bat_level
  C:176BH         PUBLIC        drv_led_write_mode
  -------         PROC          _DRV_LED_SET_MODE_LIGHT
  D:0007H         SYMBOL        mode
  C:1908H         LINE#         42
  C:1908H         LINE#         45
  C:1917H         LINE#         46
  C:191AH         LINE#         47
  -------         ENDPROC       _DRV_LED_SET_MODE_LIGHT
  -------         PROC          DRV_LED_SET_MODE_LIGHT_OFF
  C:19D0H         LINE#         60
  C:19D0H         LINE#         62
  C:19D5H         LINE#         63
  C:19D8H         LINE#         65
  -------         ENDPROC       DRV_LED_SET_MODE_LIGHT_OFF
  -------         PROC          _DRV_LED_SET_BATTERY_LIGHT
  D:0007H         SYMBOL        bat_level
  C:126AH         LINE#         76
  C:126AH         LINE#         78
  C:1294H         LINE#         79
  C:1294H         LINE#         80
  C:129AH         LINE#         81
  C:129CH         LINE#         82
  C:129CH         LINE#         83
  C:12A2H         LINE#         84
  C:12A4H         LINE#         85
  C:12A4H         LINE#         86
  C:12AAH         LINE#         87
  C:12ACH         LINE#         88
  C:12ACH         LINE#         89
  C:12B2H         LINE#         90
  C:12B4H         LINE#         91
  C:12B4H         LINE#         92
  C:12BAH         LINE#         93
  C:12BCH         LINE#         94
BL51 BANKED LINKER/LOCATER V6.22.2.0                                                  05/16/2022  18:16:27  PAGE 12


  C:12BCH         LINE#         95
  C:12C2H         LINE#         96
  C:12C4H         LINE#         97
  C:12C4H         LINE#         98
  C:12CAH         LINE#         99
  C:12CAH         LINE#         100
  C:12CAH         LINE#         101
  C:12CAH         LINE#         102
  C:12CAH         LINE#         103
  C:12CDH         LINE#         104
  -------         ENDPROC       _DRV_LED_SET_BATTERY_LIGHT
  -------         PROC          _DRV_LED_SET_BATTERY_CHARGE_LIGHT
  D:0007H         SYMBOL        bat_level
  D:0005H         SYMBOL        fl
  C:138AH         LINE#         115
  C:138AH         LINE#         116
  C:13AFH         LINE#         117
  C:13AFH         LINE#         118
  C:13AFH         LINE#         119
  C:13B3H         LINE#         120
  C:13B5H         LINE#         121
  C:13B5H         LINE#         122
  C:13B9H         LINE#         123
  C:13BBH         LINE#         124
  C:13BBH         LINE#         125
  C:13BFH         LINE#         126
  C:13C1H         LINE#         127
  C:13C1H         LINE#         128
  C:13C5H         LINE#         129
  C:13C7H         LINE#         130
  C:13C7H         LINE#         131
  C:13CBH         LINE#         132
  C:13CDH         LINE#         133
  C:13CDH         LINE#         134
  C:13D6H         LINE#         135
  C:13D8H         LINE#         136
  C:13D8H         LINE#         137
  C:13DEH         LINE#         138
  C:13DEH         LINE#         139
  C:13DEH         LINE#         140
  C:13DEH         LINE#         141
  C:13DEH         LINE#         143
  C:13E1H         LINE#         145
  -------         ENDPROC       _DRV_LED_SET_BATTERY_CHARGE_LIGHT
  -------         PROC          DRV_LED_SET_BATTERY_LIGHT_OFF
  C:19D9H         LINE#         158
  C:19D9H         LINE#         160
  C:19DEH         LINE#         161
  C:19E1H         LINE#         162
  -------         ENDPROC       DRV_LED_SET_BATTERY_LIGHT_OFF
  -------         PROC          _DRV_SET_LED_R_DUTY
  D:0006H         SYMBOL        duty
  C:19FAH         LINE#         174
  C:19FAH         LINE#         175
  C:19FAH         LINE#         176
  C:19FDH         LINE#         177
  C:1A00H         LINE#         179
BL51 BANKED LINKER/LOCATER V6.22.2.0                                                  05/16/2022  18:16:27  PAGE 13


  -------         ENDPROC       _DRV_SET_LED_R_DUTY
  -------         PROC          L?0094
  -------         ENDPROC       L?0094
  -------         PROC          _DRV_SET_LED_B_DUTY
  D:0006H         SYMBOL        duty
  C:19B5H         LINE#         190
  C:19B5H         LINE#         191
  C:19B5H         LINE#         192
  C:19B8H         LINE#         193
  C:19BBH         LINE#         195
  -------         ENDPROC       _DRV_SET_LED_B_DUTY
  -------         PROC          _DRV_LED_SET_CURRENT_LIGHT
  D:0007H         SYMBOL        current
  C:1605H         LINE#         207
  C:1605H         LINE#         208
  C:1616H         LINE#         209
  C:1616H         LINE#         210
  C:161DH         LINE#         211
  C:1620H         LINE#         212
  C:1622H         LINE#         213
  C:1622H         LINE#         217
  C:1622H         LINE#         218
  C:1629H         LINE#         219
  C:1629H         LINE#         220
  C:162BH         LINE#         221
  C:162BH         LINE#         225
  C:162BH         LINE#         226
  C:162EH         LINE#         227
  C:1635H         LINE#         228
  C:1635H         LINE#         229
  C:1635H         LINE#         230
  C:1635H         LINE#         231
  C:1635H         LINE#         232
  C:163AH         LINE#         233
  -------         ENDPROC       _DRV_LED_SET_CURRENT_LIGHT
  -------         PROC          DRV_LED_SET_CURRENT_LIGHT_RESET
  C:192EH         LINE#         245
  C:192EH         LINE#         246
  C:1935H         LINE#         247
  C:193AH         LINE#         248
  C:193DH         LINE#         249
  -------         ENDPROC       DRV_LED_SET_CURRENT_LIGHT_RESET
  -------         PROC          DRV_LED_WRITE_MODE
  C:176BH         LINE#         262
  C:176BH         LINE#         263
  C:1777H         LINE#         264
  C:1779H         LINE#         265
  C:1781H         LINE#         266
  C:1783H         LINE#         267
  C:178BH         LINE#         268
  C:178DH         LINE#         269
  C:1794H         LINE#         270
  C:1796H         LINE#         274
  -------         ENDPROC       DRV_LED_WRITE_MODE
  -------         PROC          DRV_LED_WRITE_BATTERY
  C:1514H         LINE#         285
  C:1514H         LINE#         287
BL51 BANKED LINKER/LOCATER V6.22.2.0                                                  05/16/2022  18:16:27  PAGE 14


  C:1520H         LINE#         288
  C:1522H         LINE#         290
  C:152AH         LINE#         291
  C:152CH         LINE#         293
  C:1534H         LINE#         294
  C:1536H         LINE#         296
  C:153EH         LINE#         297
  C:1540H         LINE#         300
  C:1548H         LINE#         301
  C:154AH         LINE#         303
  C:1551H         LINE#         304
  C:1553H         LINE#         306
  -------         ENDPROC       DRV_LED_WRITE_BATTERY
  -------         PROC          BREATH_DUTY_CAL
  C:1438H         LINE#         317
  C:1438H         LINE#         318
  C:143EH         LINE#         319
  C:144CH         LINE#         320
  C:1459H         LINE#         321
  C:145EH         LINE#         322
  C:145EH         LINE#         323
  C:145FH         LINE#         324
  C:146EH         LINE#         325
  C:147AH         LINE#         326
  C:147BH         LINE#         327
  C:1482H         LINE#         328
  C:1487H         LINE#         329
  C:1487H         LINE#         330
  C:1487H         LINE#         331
  -------         ENDPROC       BREATH_DUTY_CAL
  -------         PROC          DRV_LED
  C:1043H         LINE#         342
  C:1043H         LINE#         344
  C:104EH         LINE#         345
  C:1051H         LINE#         348
  C:1059H         LINE#         349
  C:1059H         LINE#         350
  C:105CH         LINE#         351
  C:106CH         LINE#         352
  C:106FH         LINE#         353
  C:106FH         LINE#         354
  C:1084H         LINE#         355
  C:1087H         LINE#         356
  C:108FH         LINE#         357
  C:1091H         LINE#         358
  C:1094H         LINE#         359
  C:109AH         LINE#         360
  C:109AH         LINE#         361
  C:109AH         LINE#         364
  C:109EH         LINE#         365
  C:10A4H         LINE#         366
  C:10A7H         LINE#         367
  C:10A7H         LINE#         368
  C:10AFH         LINE#         369
  C:10B2H         LINE#         370
  C:10B2H         LINE#         371
  C:10B5H         LINE#         372
BL51 BANKED LINKER/LOCATER V6.22.2.0                                                  05/16/2022  18:16:27  PAGE 15


  C:10B5H         LINE#         374
  -------         ENDPROC       DRV_LED
  -------         PROC          DRV_LED_INI
  C:184BH         LINE#         388
  C:184BH         LINE#         389
  C:1851H         LINE#         390
  C:1854H         LINE#         392
  C:1859H         LINE#         393
  C:185BH         LINE#         394
  C:185EH         LINE#         395
  C:1861H         LINE#         396
  C:1866H         LINE#         397
  C:1868H         LINE#         399
  -------         ENDPROC       DRV_LED_INI
  -------         PROC          _DRV_LED_SET_BAT_LEVEL
  D:0007H         SYMBOL        level
  C:1A0FH         LINE#         411
  C:1A0FH         LINE#         413
  C:1A14H         LINE#         416
  -------         ENDPROC       _DRV_LED_SET_BAT_LEVEL
  -------         PROC          _DRV_LED_SET_CHARGE_ONOFF
  D:0007H         SYMBOL        onoff
  C:1A15H         LINE#         429
  C:1A15H         LINE#         430
  C:1A1AH         LINE#         433
  -------         ENDPROC       _DRV_LED_SET_CHARGE_ONOFF
  -------         ENDMOD        DRV_LED

  -------         MODULE        DRV_MOTOR
  C:0000H         SYMBOL        _ICE_DUMMY_
  C:18A4H         PUBLIC        _drv_motor_change_direct_speed
  C:182AH         PUBLIC        drv_motor_stop
  D:00A8H         PUBLIC        IE
  C:14D1H         PUBLIC        Motor_Current_Check
  D:00BFH         PUBLIC        T2BDRH
  C:0A0EH         PUBLIC        _drv_motor_change_mode_speed
  D:00BEH         PUBLIC        T2BDRL
  D:0049H         PUBLIC        motor_FG_pluse
  X:006FH         PUBLIC        motor_ctrl
  C:16A7H         PUBLIC        _drv_motor_change_flow_time
  C:1593H         PUBLIC        _runing_current_check
  C:0066H         PUBLIC        drv_motor
  D:00BBH         PUBLIC        T2CRH
  D:004BH         PUBLIC        drv_motor_tick
  C:0ABDH         PUBLIC        _drv_motor_start
  -------         PROC          _RUNING_CURRENT_CHECK
  D:0006H         SYMBOL        current
  -------         DO            
  D:0005H         SYMBOL        currrent_level
  -------         ENDDO         
  C:1593H         LINE#         102
  C:1593H         LINE#         104
  C:159CH         LINE#         105
  C:159EH         LINE#         106
  C:15A9H         LINE#         107
  C:15ABH         LINE#         108
  C:15B6H         LINE#         109
BL51 BANKED LINKER/LOCATER V6.22.2.0                                                  05/16/2022  18:16:27  PAGE 16


  C:15B8H         LINE#         110
  C:15C3H         LINE#         111
  C:15C5H         LINE#         112
  C:15C7H         LINE#         113
  C:15C9H         LINE#         114
  C:15C9H         LINE#         115
  C:15CBH         LINE#         117
  -------         ENDPROC       _RUNING_CURRENT_CHECK
  -------         PROC          MOTOR_CURRENT_CHECK
  -------         DO            
  D:0006H         SYMBOL        current_current
  D:0007H         SYMBOL        level
  -------         ENDDO         
  C:14D1H         LINE#         130
  C:14D1H         LINE#         133
  C:14D4H         LINE#         134
  C:14D7H         LINE#         135
  C:14DEH         LINE#         136
  C:14E2H         LINE#         137
  C:14ECH         LINE#         138
  C:14EEH         LINE#         139
  C:14F7H         LINE#         140
  C:14FAH         LINE#         141
  C:14FCH         LINE#         142
  C:1502H         LINE#         143
  C:1502H         LINE#         144
  C:150EH         LINE#         145
  C:150EH         LINE#         147
  C:150EH         LINE#         148
  C:1513H         LINE#         149
  C:1513H         LINE#         151
  -------         ENDPROC       MOTOR_CURRENT_CHECK
  -------         PROC          DRV_MOTOR
  -------         DO            
  D:0036H         SYMBOL        current_speed
  -------         ENDDO         
  C:0066H         LINE#         162
  C:0066H         LINE#         165
  C:0074H         LINE#         166
  C:0077H         LINE#         168
  C:008FH         LINE#         169
  C:008FH         LINE#         170
  C:0095H         LINE#         171
  C:009FH         LINE#         172
  C:00A1H         LINE#         173
  C:00A7H         LINE#         174
  C:00B1H         LINE#         175
  C:00BBH         LINE#         176
  C:00C1H         LINE#         177
  C:00CBH         LINE#         178
  C:00CDH         LINE#         179
  C:00D4H         LINE#         180
  C:00D4H         LINE#         181
  C:00D6H         LINE#         183
  C:00D6H         LINE#         184
  C:00DBH         LINE#         185
  C:00DBH         LINE#         186
BL51 BANKED LINKER/LOCATER V6.22.2.0                                                  05/16/2022  18:16:27  PAGE 17


  C:00DBH         LINE#         188
  C:00F0H         LINE#         189
  C:0102H         LINE#         190
  C:0105H         LINE#         191
  C:010FH         LINE#         192
  C:0119H         LINE#         193
  C:011FH         LINE#         194
  C:011FH         LINE#         195
  C:011FH         LINE#         196
  C:0122H         LINE#         197
  C:0122H         LINE#         198
  C:0128H         LINE#         199
  C:0132H         LINE#         200
  C:0134H         LINE#         201
  C:013AH         LINE#         202
  C:0144H         LINE#         203
  C:014EH         LINE#         204
  C:0154H         LINE#         205
  C:015EH         LINE#         206
  C:0160H         LINE#         207
  C:0167H         LINE#         208
  C:0167H         LINE#         209
  C:0169H         LINE#         211
  C:0169H         LINE#         212
  C:016EH         LINE#         213
  C:016EH         LINE#         214
  C:016EH         LINE#         217
  C:0184H         LINE#         218
  C:0196H         LINE#         219
  C:0198H         LINE#         220
  C:01A2H         LINE#         221
  C:01ACH         LINE#         222
  C:01B2H         LINE#         223
  C:01B2H         LINE#         224
  C:01B5H         LINE#         225
  C:01B7H         LINE#         226
  C:01B7H         LINE#         227
  C:01BDH         LINE#         228
  C:01C7H         LINE#         230
  C:01C9H         LINE#         231
  C:01CFH         LINE#         232
  C:01D9H         LINE#         234
  C:01E3H         LINE#         235
  C:01E9H         LINE#         236
  C:01F3H         LINE#         237
  C:01F5H         LINE#         238
  C:01FCH         LINE#         239
  C:01FCH         LINE#         240
  C:01FEH         LINE#         242
  C:01FEH         LINE#         243
  C:0203H         LINE#         244
  C:0203H         LINE#         246
  C:0216H         LINE#         247
  C:021FH         LINE#         248
  C:021FH         LINE#         249
  C:0221H         LINE#         250
  C:022BH         LINE#         251
BL51 BANKED LINKER/LOCATER V6.22.2.0                                                  05/16/2022  18:16:27  PAGE 18


  C:0234H         LINE#         252
  C:0234H         LINE#         253
  C:0234H         LINE#         254
  C:0234H         LINE#         255
  C:0234H         LINE#         256
  C:0234H         LINE#         257
  C:0234H         LINE#         258
  C:023AH         LINE#         260
  C:023DH         LINE#         262
  C:023DH         LINE#         264
  -------         ENDPROC       DRV_MOTOR
  -------         PROC          _DRV_MOTOR_START
  D:0007H         SYMBOL        mode_speed
  C:0ABDH         LINE#         276
  C:0ABDH         LINE#         278
  C:0ACBH         LINE#         279
  C:0ACBH         LINE#         281
  C:0AD5H         LINE#         282
  C:0ADFH         LINE#         283
  C:0AE4H         LINE#         284
  C:0AE4H         LINE#         285
  C:0AE6H         LINE#         286
  C:0AE6H         LINE#         288
  C:0AF0H         LINE#         289
  C:0AFAH         LINE#         290
  C:0AFFH         LINE#         291
  C:0AFFH         LINE#         292
  C:0B01H         LINE#         293
  C:0B01H         LINE#         295
  C:0B0BH         LINE#         296
  C:0B15H         LINE#         297
  C:0B1BH         LINE#         298
  C:0B1EH         LINE#         299
  C:0B20H         LINE#         300
  C:0B20H         LINE#         301
  C:0B2AH         LINE#         302
  C:0B32H         LINE#         303
  C:0B38H         LINE#         304
  C:0B3EH         LINE#         305
  C:0B44H         LINE#         307
  C:0B44H         LINE#         308
  C:0B44H         LINE#         309
  C:0B44H         LINE#         310
  C:0B44H         LINE#         311
  C:0B50H         LINE#         312
  C:0B53H         LINE#         313
  C:0B5EH         LINE#         314
  C:0B62H         LINE#         315
  C:0B66H         LINE#         317
  -------         ENDPROC       _DRV_MOTOR_START
  -------         PROC          DRV_MOTOR_STOP
  C:182AH         LINE#         329
  C:182AH         LINE#         331
  C:182FH         LINE#         332
  C:1832H         LINE#         333
  C:1838H         LINE#         334
  C:183EH         LINE#         335
BL51 BANKED LINKER/LOCATER V6.22.2.0                                                  05/16/2022  18:16:27  PAGE 19


  C:1842H         LINE#         336
  C:1846H         LINE#         337
  C:184AH         LINE#         338
  -------         ENDPROC       DRV_MOTOR_STOP
  -------         PROC          _DRV_MOTOR_CHANGE_MODE_SPEED
  D:0007H         SYMBOL        mode_speed
  C:0A0EH         LINE#         350
  C:0A0EH         LINE#         352
  C:0A1FH         LINE#         353
  C:0A1FH         LINE#         354
  C:0A25H         LINE#         355
  C:0A2FH         LINE#         356
  C:0A39H         LINE#         357
  C:0A3EH         LINE#         358
  C:0A3EH         LINE#         359
  C:0A40H         LINE#         360
  C:0A40H         LINE#         361
  C:0A46H         LINE#         362
  C:0A50H         LINE#         363
  C:0A5AH         LINE#         364
  C:0A5FH         LINE#         365
  C:0A5FH         LINE#         366
  C:0A61H         LINE#         367
  C:0A61H         LINE#         368
  C:0A67H         LINE#         369
  C:0A71H         LINE#         370
  C:0A7BH         LINE#         371
  C:0A81H         LINE#         372
  C:0A87H         LINE#         373
  C:0A89H         LINE#         374
  C:0A89H         LINE#         375
  C:0A93H         LINE#         376
  C:0A9BH         LINE#         377
  C:0AA1H         LINE#         378
  C:0AA7H         LINE#         379
  C:0AADH         LINE#         380
  C:0AADH         LINE#         381
  C:0AADH         LINE#         382
  C:0AADH         LINE#         383
  C:0AADH         LINE#         384
  C:0AB8H         LINE#         385
  C:0ABCH         LINE#         386
  -------         ENDPROC       _DRV_MOTOR_CHANGE_MODE_SPEED
  -------         PROC          _DRV_MOTOR_CHANGE_DIRECT_SPEED
  D:0006H         SYMBOL        speed
  C:18A4H         LINE#         398
  C:18A4H         LINE#         399
  C:18ACH         LINE#         400
  C:18B2H         LINE#         401
  C:18BEH         LINE#         403
  -------         ENDPROC       _DRV_MOTOR_CHANGE_DIRECT_SPEED
  -------         PROC          _DRV_MOTOR_CHANGE_FLOW_TIME
  D:0003H         SYMBOL        time
  -------         DO            
  D:0036H         SYMBOL        t2c
  -------         ENDDO         
  C:16A7H         LINE#         415
BL51 BANKED LINKER/LOCATER V6.22.2.0                                                  05/16/2022  18:16:27  PAGE 20


  C:16A9H         LINE#         417
  C:16BFH         LINE#         418
  C:16CAH         LINE#         419
  C:16D8H         LINE#         420
  C:16D8H         LINE#         421
  -------         ENDPROC       _DRV_MOTOR_CHANGE_FLOW_TIME
  -------         ENDMOD        DRV_MOTOR

  -------         MODULE        MAIN
  C:0000H         SYMBOL        _ICE_DUMMY_
  D:0080H         PUBLIC        P0
  C:1969H         PUBLIC        INT_Timer0
  D:0088H         PUBLIC        P1
  D:0090H         PUBLIC        P2
  D:0098H         PUBLIC        P3
  D:008DH         PUBLIC        WDTCR
  C:19BCH         PUBLIC        WDT_init
  D:0095H         PUBLIC        P1DB
  D:00A8H         PUBLIC        IE
  D:0091H         PUBLIC        P0OD
  D:0092H         PUBLIC        P1OD
  C:004EH         PUBLIC        OPAMP_init
  X:505FH         PUBLIC        WDTSR
  D:0093H         PUBLIC        P2OD
  D:0094H         PUBLIC        P3OD
  D:00A1H         PUBLIC        P0IO
  D:0099H         PUBLIC        T0CR
  D:00B1H         PUBLIC        P1IO
  D:009BH         PUBLIC        T0DR
  D:00B9H         PUBLIC        P2IO
  D:00C1H         PUBLIC        P3IO
  X:5056H         PUBLIC        FCCR
  C:1A08H         PUBLIC        clock_init
  D:00ACH         PUBLIC        P0PU
  C:13E2H         PUBLIC        main
  D:009DH         PUBLIC        ADCCRH
  D:00BDH         PUBLIC        T2ADRH
  D:00ADH         PUBLIC        P1PU
  D:00CBH         PUBLIC        T3ADRH
  D:00BFH         PUBLIC        T2BDRH
  D:00AEH         PUBLIC        P2PU
  D:00CDH         PUBLIC        T3BDRH
  D:00AFH         PUBLIC        P3PU
  D:00CFH         PUBLIC        T3CDRH
  X:5051H         PUBLIC        FCEARH
  D:009CH         PUBLIC        ADCCRL
  D:00BCH         PUBLIC        T2ADRL
  D:00CAH         PUBLIC        T3ADRL
  D:00BEH         PUBLIC        T2BDRL
  D:008AH         PUBLIC        SCCR
  D:00A6H         PUBLIC        EIPOL1
  D:00CCH         PUBLIC        T3BDRL
  D:00CEH         PUBLIC        T3CDRL
  X:5055H         PUBLIC        FCEARL
  X:5053H         PUBLIC        FCEARM
  X:505EH         PUBLIC        WDTC
  D:00F3H         PUBLIC        P1FSRH
BL51 BANKED LINKER/LOCATER V6.22.2.0                                                  05/16/2022  18:16:27  PAGE 21


  D:0045H         PUBLIC        systme_tick
  D:00C7H         PUBLIC        T3PDRH
  D:00F5H         PUBLIC        P2FSRH
  X:5050H         PUBLIC        FCSARH
  D:00D9H         PUBLIC        USICR1
  D:00DAH         PUBLIC        USICR2
  D:00F2H         PUBLIC        P1FSRL
  D:00DBH         PUBLIC        USICR3
  D:00C6H         PUBLIC        T3PDRL
  D:00F4H         PUBLIC        P2FSRL
  D:0096H         PUBLIC        P23DB
  X:5054H         PUBLIC        FCSARL
  X:5052H         PUBLIC        FCSARM
  D:00A9H         PUBLIC        IE1
  D:00AAH         PUBLIC        IE2
  C:1990H         PUBLIC        ExINT_init
  C:1976H         PUBLIC        Timer0_init
  C:18F3H         PUBLIC        Timer2_init
  C:1887H         PUBLIC        Timer3_init
  C:191BH         PUBLIC        UART_init
  C:0003H         PUBLIC        port_init
  C:1A01H         PUBLIC        ADC_init
  D:00C5H         PUBLIC        T3OUTCRH
  C:195CH         PUBLIC        INT_Ext11
  D:00BBH         PUBLIC        T2CRH
  D:00C3H         PUBLIC        T3CRH
  X:5057H         PUBLIC        FCDRH
  D:00BAH         PUBLIC        T2CRL
  C:0048H         PUBLIC        INT_USI_Tx
  X:5058H         PUBLIC        FCDRL
  D:00F1H         PUBLIC        P0FSR
  D:00F6H         PUBLIC        P3FSR
  D:00A5H         PUBLIC        EIPOL0H
  D:00EBH         PUBLIC        AMPCR
  D:00A4H         PUBLIC        EIPOL0L
  D:00E3H         PUBLIC        USIBD
  D:00C8H         PUBLIC        OSCCR
  -------         PROC          MAIN
  C:13E2H         LINE#         28
  C:13E2H         LINE#         29
  C:13E2H         LINE#         30
  C:13E5H         LINE#         31
  C:13E8H         LINE#         32
  C:13EBH         LINE#         33
  C:13EEH         LINE#         34
  C:13F1H         LINE#         35
  C:13F4H         LINE#         36
  C:13F7H         LINE#         38
  C:13FAH         LINE#         39
  C:13FDH         LINE#         44
  C:1400H         LINE#         45
  C:1403H         LINE#         46
  C:1406H         LINE#         47
  C:1409H         LINE#         48
  C:140CH         LINE#         49
  C:140FH         LINE#         50
  C:1412H         LINE#         51
BL51 BANKED LINKER/LOCATER V6.22.2.0                                                  05/16/2022  18:16:27  PAGE 22


  C:1415H         LINE#         52
  C:1418H         LINE#         56
  C:1418H         LINE#         57
  C:141BH         LINE#         58
  C:141EH         LINE#         59
  C:1421H         LINE#         61
  C:1424H         LINE#         62
  C:1427H         LINE#         63
  C:142AH         LINE#         64
  C:142DH         LINE#         65
  C:1430H         LINE#         66
  C:1433H         LINE#         68
  C:1436H         LINE#         70
  -------         ENDPROC       MAIN
  -------         PROC          INT_USI_TX
  C:0048H         LINE#         79
  C:0048H         LINE#         83
  -------         ENDPROC       INT_USI_TX
  -------         PROC          INT_EXT11
  C:195CH         LINE#         85
  C:195EH         LINE#         88
  C:1966H         LINE#         89
  -------         ENDPROC       INT_EXT11
  -------         PROC          INT_TIMER0
  C:1969H         LINE#         91
  C:1969H         LINE#         96
  C:196BH         LINE#         97
  C:196DH         LINE#         98
  C:196FH         LINE#         99
  C:1971H         LINE#         100
  C:1973H         LINE#         101
  C:1975H         LINE#         102
  -------         ENDPROC       INT_TIMER0
  -------         PROC          ADC_INIT
  C:1A01H         LINE#         130
  C:1A01H         LINE#         131
  C:1A01H         LINE#         133
  C:1A04H         LINE#         134
  C:1A07H         LINE#         135
  -------         ENDPROC       ADC_INIT
  -------         PROC          EXINT_INIT
  C:1990H         LINE#         145
  C:1990H         LINE#         146
  C:1990H         LINE#         148
  C:1993H         LINE#         149
  C:1995H         LINE#         150
  C:1998H         LINE#         152
  C:199BH         LINE#         153
  -------         ENDPROC       EXINT_INIT
  -------         PROC          OPAMP_INIT
  C:004EH         LINE#         155
  C:004EH         LINE#         156
  C:004EH         LINE#         158
  C:0051H         LINE#         159
  -------         ENDPROC       OPAMP_INIT
  -------         PROC          TIMER0_INIT
  C:1976H         LINE#         161
BL51 BANKED LINKER/LOCATER V6.22.2.0                                                  05/16/2022  18:16:27  PAGE 23


  C:1976H         LINE#         162
  C:1976H         LINE#         165
  C:1979H         LINE#         166
  C:197CH         LINE#         168
  C:197FH         LINE#         169
  C:1982H         LINE#         170
  -------         ENDPROC       TIMER0_INIT
  -------         PROC          TIMER2_INIT
  C:18F3H         LINE#         172
  C:18F3H         LINE#         173
  C:18F3H         LINE#         177
  C:18F6H         LINE#         178
  C:18F9H         LINE#         179
  C:18FCH         LINE#         180
  C:18FFH         LINE#         181
  C:1901H         LINE#         182
  C:1904H         LINE#         183
  C:1907H         LINE#         186
  -------         ENDPROC       TIMER2_INIT
  -------         PROC          TIMER3_INIT
  C:1887H         LINE#         188
  C:1887H         LINE#         189
  C:1887H         LINE#         193
  C:188AH         LINE#         194
  C:188CH         LINE#         196
  C:188EH         LINE#         197
  C:1890H         LINE#         199
  C:1892H         LINE#         200
  C:1894H         LINE#         203
  C:1897H         LINE#         205
  C:189AH         LINE#         206
  C:189DH         LINE#         210
  C:18A0H         LINE#         211
  C:18A3H         LINE#         218
  -------         ENDPROC       TIMER3_INIT
  -------         PROC          UART_INIT
  C:191BH         LINE#         220
  C:191BH         LINE#         221
  C:191BH         LINE#         224
  C:191EH         LINE#         225
  C:1921H         LINE#         226
  C:1924H         LINE#         227
  C:1927H         LINE#         228
  C:192AH         LINE#         229
  C:192DH         LINE#         231
  -------         ENDPROC       UART_INIT
  -------         PROC          WDT_INIT
  C:19BCH         LINE#         240
  C:19BCH         LINE#         241
  C:19BCH         LINE#         243
  C:19BFH         LINE#         244
  C:19C5H         LINE#         245
  -------         ENDPROC       WDT_INIT
  -------         PROC          CLOCK_INIT
  C:1A08H         LINE#         247
  C:1A08H         LINE#         248
  C:1A08H         LINE#         250
BL51 BANKED LINKER/LOCATER V6.22.2.0                                                  05/16/2022  18:16:27  PAGE 24


  C:1A0BH         LINE#         251
  C:1A0EH         LINE#         252
  -------         ENDPROC       CLOCK_INIT
  -------         PROC          PORT_INIT
  C:0003H         LINE#         254
  C:0003H         LINE#         255
  C:0003H         LINE#         282
  C:0006H         LINE#         283
  C:0009H         LINE#         284
  C:000CH         LINE#         285
  C:000FH         LINE#         287
  C:0012H         LINE#         288
  C:0015H         LINE#         289
  C:0018H         LINE#         290
  C:001BH         LINE#         291
  C:001EH         LINE#         296
  C:0021H         LINE#         298
  C:0024H         LINE#         299
  C:0027H         LINE#         300
  C:002AH         LINE#         301
  C:002DH         LINE#         304
  C:0030H         LINE#         305
  C:0033H         LINE#         306
  C:0035H         LINE#         307
  C:0037H         LINE#         311
  C:003AH         LINE#         312
  C:003DH         LINE#         313
  C:003FH         LINE#         314
  C:0041H         LINE#         315
  C:0044H         LINE#         316
  C:0047H         LINE#         319
  -------         ENDPROC       PORT_INIT
  -------         ENDMOD        MAIN

  -------         MODULE        ?C_STARTUP
  C:18BFH         SEGMENT       ?C_C51STARTUP
  I:0059H         SEGMENT       ?STACK
  C:0000H         PUBLIC        ?C_STARTUP
  D:00E0H         SYMBOL        ACC
  D:00F0H         SYMBOL        B
  D:0083H         SYMBOL        DPH
  D:0082H         SYMBOL        DPL
  N:0000H         SYMBOL        IBPSTACK
  N:0100H         SYMBOL        IBPSTACKTOP
  N:0100H         SYMBOL        IDATALEN
  C:18C2H         SYMBOL        IDATALOOP
  N:0000H         SYMBOL        PBPSTACK
  N:0000H         SYMBOL        PBPSTACKTOP
  N:0000H         SYMBOL        PDATALEN
  N:0000H         SYMBOL        PDATASTART
  N:0000H         SYMBOL        PPAGE
  N:0000H         SYMBOL        PPAGEENABLE
  D:00A0H         SYMBOL        PPAGE_SFR
  D:0081H         SYMBOL        SP
  C:18BFH         SYMBOL        STARTUP1
  N:0000H         SYMBOL        XBPSTACK
  N:0000H         SYMBOL        XBPSTACKTOP
BL51 BANKED LINKER/LOCATER V6.22.2.0                                                  05/16/2022  18:16:27  PAGE 25


  N:0100H         SYMBOL        XDATALEN
  C:18CDH         SYMBOL        XDATALOOP
  N:0000H         SYMBOL        XDATASTART
  C:0000H         LINE#         94
  C:18BFH         LINE#         101
  C:18C1H         LINE#         102
  C:18C2H         LINE#         103
  C:18C3H         LINE#         104
  C:18C5H         LINE#         108
  C:18C8H         LINE#         109
  C:18CAH         LINE#         113
  C:18CCH         LINE#         115
  C:18CDH         LINE#         116
  C:18CEH         LINE#         117
  C:18CFH         LINE#         118
  C:18D1H         LINE#         119
  C:18D3H         LINE#         153
  C:18D6H         LINE#         157
  -------         ENDMOD        ?C_STARTUP

  -------         MODULE        DRV_UART
  C:0000H         SYMBOL        _ICE_DUMMY_
  X:0030H         PUBLIC        ComRxCtrl
  X:003FH         PUBLIC        ComTxCtrl
  D:00E5H         PUBLIC        USIDR
  C:1869H         PUBLIC        _SendAckFrame
  C:16D9H         PUBLIC        _drv_uart_get
  C:19C6H         PUBLIC        drv_uart_ini
  X:004BH         PUBLIC        commState
  X:004CH         PUBLIC        usart_fifo
  C:1195H         PUBLIC        drv_uart_tx
  C:199CH         PUBLIC        IsTxComplete
  D:00E1H         PUBLIC        USIST1
  C:19E2H         PUBLIC        _UART_write
  C:0406H         PUBLIC        ReceiveUartFrame
  C:0955H         PUBLIC        drv_comm
  C:1797H         PUBLIC        _SendNoticeFrame
  C:163BH         PUBLIC        INT_USI_Rx
  -------         PROC          DRV_UART_INI
  C:19C6H         LINE#         22
  C:19C6H         LINE#         23
  C:19CBH         LINE#         24
  C:19CDH         LINE#         25
  -------         ENDPROC       DRV_UART_INI
  -------         PROC          _DRV_UART_GET
  D:0001H         SYMBOL        chr
  -------         DO            
  D:0007H         SYMBOL        ret
  -------         ENDDO         
  C:16D9H         LINE#         59
  C:16D9H         LINE#         60
  C:16DBH         LINE#         61
  C:16E8H         LINE#         62
  C:16F6H         LINE#         63
  C:16FCH         LINE#         64
  C:1706H         LINE#         65
  C:1708H         LINE#         66
BL51 BANKED LINKER/LOCATER V6.22.2.0                                                  05/16/2022  18:16:27  PAGE 26


  C:1708H         LINE#         67
  C:170AH         LINE#         68
  C:170AH         LINE#         69
  C:170AH         LINE#         70
  -------         ENDPROC       _DRV_UART_GET
  -------         PROC          INT_USI_RX
  -------         DO            
  D:003EH         SYMBOL        temp
  -------         ENDDO         
  C:163BH         LINE#         85
  C:1643H         LINE#         88
  C:1646H         LINE#         90
  C:1646H         LINE#         91
  C:1668H         LINE#         92
  C:1668H         LINE#         94
  -------         ENDPROC       INT_USI_RX
  -------         PROC          DRV_UART_TX
  C:1195H         LINE#         111
  C:1195H         LINE#         112
  C:11A0H         LINE#         113
  C:11A0H         LINE#         114
  C:11A5H         LINE#         115
  C:11ADH         LINE#         116
  C:11BAH         LINE#         117
  C:11C0H         LINE#         118
  C:11C4H         LINE#         119
  C:11CAH         LINE#         120
  C:11CAH         LINE#         121
  C:11CBH         LINE#         122
  C:11CBH         LINE#         123
  C:11D3H         LINE#         124
  C:11E0H         LINE#         125
  C:11E0H         LINE#         127
  C:11F0H         LINE#         128
  C:11F6H         LINE#         129
  C:11FAH         LINE#         130
  C:11FBH         LINE#         131
  C:1200H         LINE#         132
  C:1200H         LINE#         133
  C:1200H         LINE#         134
  C:1200H         LINE#         135
  C:1200H         LINE#         136
  C:1200H         LINE#         137
  C:1200H         LINE#         139
  -------         ENDPROC       DRV_UART_TX
  -------         PROC          _SENDACKFRAME
  D:0007H         SYMBOL        cmd
  C:1869H         LINE#         155
  C:1869H         LINE#         157
  C:186FH         LINE#         158
  C:1873H         LINE#         159
  C:1876H         LINE#         160
  C:187AH         LINE#         161
  C:1880H         LINE#         162
  C:1886H         LINE#         163
  -------         ENDPROC       _SENDACKFRAME
  -------         PROC          _SENDNOTICEFRAME
BL51 BANKED LINKER/LOCATER V6.22.2.0                                                  05/16/2022  18:16:27  PAGE 27


  D:0007H         SYMBOL        pressure
  D:0005H         SYMBOL        temperature
  D:0003H         SYMBOL        battery
  C:1797H         LINE#         178
  C:1797H         LINE#         179
  C:1797H         LINE#         181
  C:179DH         LINE#         182
  C:17A1H         LINE#         183
  C:17A5H         LINE#         184
  C:17A8H         LINE#         185
  C:17ABH         LINE#         186
  C:17AEH         LINE#         187
  C:17B5H         LINE#         188
  C:17BBH         LINE#         189
  C:17C1H         LINE#         190
  -------         ENDPROC       _SENDNOTICEFRAME
  -------         PROC          ISTXCOMPLETE
  C:199CH         LINE#         206
  C:199CH         LINE#         208
  C:19A7H         LINE#         209
  -------         ENDPROC       ISTXCOMPLETE
  -------         PROC          _UART_WRITE
  D:0007H         SYMBOL        dat
  C:19E2H         LINE#         211
  C:19E2H         LINE#         212
  C:19E2H         LINE#         213
  C:19E7H         LINE#         214
  C:19E9H         LINE#         215
  -------         ENDPROC       _UART_WRITE
  -------         PROC          RECEIVEUARTFRAME
  -------         DO            
  D:0036H         SYMBOL        chr
  D:0004H         SYMBOL        retVal
  -------         ENDDO         
  C:0406H         LINE#         230
  C:0406H         LINE#         232
  C:0408H         LINE#         234
  C:0417H         LINE#         235
  C:0417H         LINE#         237
  C:042EH         LINE#         238
  C:042EH         LINE#         239
  C:042EH         LINE#         240
  C:0434H         LINE#         241
  C:0434H         LINE#         243
  C:043CH         LINE#         244
  C:0441H         LINE#         245
  C:0441H         LINE#         246
  C:0441H         LINE#         247
  C:0444H         LINE#         249
  C:0444H         LINE#         250
  C:045CH         LINE#         251
  C:045CH         LINE#         252
  C:0460H         LINE#         253
  C:0460H         LINE#         255
  C:0463H         LINE#         257
  C:0463H         LINE#         259
  C:0473H         LINE#         260
BL51 BANKED LINKER/LOCATER V6.22.2.0                                                  05/16/2022  18:16:27  PAGE 28


  C:0477H         LINE#         261
  C:047CH         LINE#         262
  C:0482H         LINE#         263
  C:048BH         LINE#         264
  C:0491H         LINE#         265
  C:0491H         LINE#         266
  C:0494H         LINE#         268
  C:0494H         LINE#         269
  C:04A2H         LINE#         270
  C:04A2H         LINE#         272
  C:04AFH         LINE#         273
  C:04B5H         LINE#         274
  C:04BCH         LINE#         275
  C:04C9H         LINE#         276
  C:04C9H         LINE#         277
  C:04C9H         LINE#         278
  C:04C9H         LINE#         280
  C:04CBH         LINE#         282
  C:04CBH         LINE#         283
  C:04D8H         LINE#         284
  C:04D8H         LINE#         285
  C:04DEH         LINE#         286
  C:04DEH         LINE#         287
  C:04DEH         LINE#         288
  C:04E7H         LINE#         289
  C:04EAH         LINE#         291
  C:04EAH         LINE#         294
  C:04F1H         LINE#         295
  C:04F1H         LINE#         296
  C:04F6H         LINE#         297
  C:04F8H         LINE#         298
  C:04FAH         LINE#         300
  C:04FAH         LINE#         301
  C:04FFH         LINE#         302
  C:0501H         LINE#         303
  C:0501H         LINE#         304
  C:0501H         LINE#         305
  C:0506H         LINE#         306
  C:050AH         LINE#         307
  C:050DH         LINE#         308
  C:050DH         LINE#         309
  C:050DH         LINE#         311
  C:0528H         LINE#         314
  C:052BH         LINE#         315
  C:052BH         LINE#         317
  C:053DH         LINE#         319
  C:053DH         LINE#         321
  C:0541H         LINE#         322
  C:0543H         LINE#         323
  C:0545H         LINE#         324
  C:0545H         LINE#         325
  C:0545H         LINE#         326
  C:0547H         LINE#         327
  -------         ENDPROC       RECEIVEUARTFRAME
  -------         PROC          DRV_COMM
  C:0955H         LINE#         340
  C:0955H         LINE#         342
BL51 BANKED LINKER/LOCATER V6.22.2.0                                                  05/16/2022  18:16:27  PAGE 29


  C:096CH         LINE#         343
  C:096CH         LINE#         344
  C:0972H         LINE#         346
  C:097BH         LINE#         347
  C:098DH         LINE#         348
  C:0993H         LINE#         349
  C:0993H         LINE#         351
  C:099AH         LINE#         353
  C:09A0H         LINE#         354
  C:09DAH         LINE#         357
  C:09E0H         LINE#         358
  C:09E0H         LINE#         360
  C:09E1H         LINE#         362
  C:09E1H         LINE#         364
  C:09E9H         LINE#         365
  C:09E9H         LINE#         366
  C:09F2H         LINE#         367
  C:09F2H         LINE#         368
  C:09F2H         LINE#         370
  C:09F2H         LINE#         371
  C:09F2H         LINE#         372
  C:09F8H         LINE#         373
  C:09FBH         LINE#         374
  C:09FBH         LINE#         375
  C:09FBH         LINE#         376
  C:09FDH         LINE#         377
  C:09FDH         LINE#         378
  C:0A03H         LINE#         379
  C:0A06H         LINE#         380
  C:0A06H         LINE#         381
  C:0A06H         LINE#         382
  C:0A08H         LINE#         383
  C:0A08H         LINE#         384
  C:0A0DH         LINE#         385
  C:0A0DH         LINE#         386
  C:0A0DH         LINE#         388
  -------         ENDPROC       DRV_COMM
  -------         ENDMOD        DRV_UART

  -------         MODULE        SYS_MESSAGE
  C:0000H         SYMBOL        _ICE_DUMMY_
  C:1A1BH         PUBLIC        ini_message
  C:1488H         PUBLIC        _get_message
  C:173BH         PUBLIC        _put_message
  D:0008H         PUBLIC        fetch_msg
  D:0009H         PUBLIC        total_msg
  D:000AH         PUBLIC        message
  -------         PROC          INI_MESSAGE
  C:1A1BH         LINE#         17
  C:1A1BH         LINE#         18
  C:1A1EH         LINE#         19
  C:1A20H         LINE#         20
  -------         ENDPROC       INI_MESSAGE
  -------         PROC          _PUT_MESSAGE
  D:003AH         SYMBOL        msg
  D:0002H         SYMBOL        info
  -------         DO            
BL51 BANKED LINKER/LOCATER V6.22.2.0                                                  05/16/2022  18:16:27  PAGE 30


  D:0007H         SYMBOL        sum
  -------         ENDDO         
  C:173BH         LINE#         31
  C:1741H         LINE#         33
  C:1751H         LINE#         34
  C:175BH         LINE#         35
  C:1768H         LINE#         36
  C:176AH         LINE#         37
  -------         ENDPROC       _PUT_MESSAGE
  -------         PROC          _GET_MESSAGE
  D:0001H         SYMBOL        msg
  D:0039H         SYMBOL        info
  -------         DO            
  D:0007H         SYMBOL        ret
  -------         ENDDO         
  C:1488H         LINE#         49
  C:1488H         LINE#         50
  C:148AH         LINE#         51
  C:1495H         LINE#         53
  C:14A2H         LINE#         54
  C:14BBH         LINE#         55
  C:14CCH         LINE#         56
  C:14CEH         LINE#         57
  C:14D0H         LINE#         58
  C:14D0H         LINE#         59
  C:14D0H         LINE#         61
  -------         ENDPROC       _GET_MESSAGE
  -------         ENDMOD        SYS_MESSAGE

  -------         MODULE        SYS_MANAGE
  C:0000H         SYMBOL        _ICE_DUMMY_
  C:1201H         PUBLIC        sys_test
  C:0E6CH         PUBLIC        sys_power_none
  C:12CEH         PUBLIC        sys_stop
  C:0C0AH         PUBLIC        common_ev_Process
  D:0028H         PUBLIC        mmi_battery_charge_disposition
  D:0029H         PUBLIC        mmi_charge
  D:002AH         PUBLIC        knock_flash_count
  C:1554H         PUBLIC        sys_powerkey_release_wait
  D:002BH         PUBLIC        runing_mode
  D:002CH         PUBLIC        mmi_battery_level
  D:002DH         PUBLIC        knock_led_flash
  C:0B67H         PUBLIC        sys_charge
  C:0DDAH         PUBLIC        sys_power_up
  B:0088H.7       PUBLIC        P17
  C:0F5BH         PUBLIC        sys_charge_full
  C:0FCFH         PUBLIC        sys_process
  D:002EH         PUBLIC        act_info
  D:0030H         PUBLIC        none_power_led_flash
  C:0CA9H         PUBLIC        sys_runing
  D:0031H         PUBLIC        test_time_count
  D:0032H         PUBLIC        act_msg
  D:0033H         PUBLIC        sys_state
  C:0056H         PUBLIC        sys_process_ini
  D:0034H         PUBLIC        low_power_led_flash
  C:1126H         PUBLIC        sys_error
  D:0035H         PUBLIC        msg_processed
BL51 BANKED LINKER/LOCATER V6.22.2.0                                                  05/16/2022  18:16:27  PAGE 31


  -------         PROC          COMMON_EV_PROCESS
  C:0C0AH         LINE#         49
  C:0C0AH         LINE#         51
  C:0C24H         LINE#         55
  C:0C24H         LINE#         57
  C:0C28H         LINE#         58
  C:0C2DH         LINE#         59
  C:0C32H         LINE#         60
  C:0C38H         LINE#         61
  C:0C3BH         LINE#         62
  C:0C40H         LINE#         63
  C:0C42H         LINE#         64
  C:0C46H         LINE#         65
  C:0C49H         LINE#         66
  C:0C4CH         LINE#         67
  C:0C51H         LINE#         68
  C:0C5AH         LINE#         69
  C:0C63H         LINE#         70
  C:0C66H         LINE#         71
  C:0C66H         LINE#         72
  C:0C67H         LINE#         75
  C:0C67H         LINE#         76
  C:0C6DH         LINE#         77
  C:0C6FH         LINE#         78
  C:0C71H         LINE#         79
  C:0C73H         LINE#         80
  C:0C76H         LINE#         81
  C:0C7BH         LINE#         82
  C:0C7BH         LINE#         83
  C:0C84H         LINE#         84
  C:0C84H         LINE#         87
  C:0C84H         LINE#         88
  C:0C8CH         LINE#         89
  C:0C8CH         LINE#         90
  C:0C8CH         LINE#         91
  C:0C93H         LINE#         92
  C:0C96H         LINE#         93
  C:0C97H         LINE#         100
  C:0C97H         LINE#         101
  C:0C99H         LINE#         102
  C:0C9CH         LINE#         103
  C:0C9FH         LINE#         104
  C:0CA2H         LINE#         105
  C:0CA5H         LINE#         106
  C:0CA8H         LINE#         107
  C:0CA8H         LINE#         109
  C:0CA8H         LINE#         110
  C:0CA8H         LINE#         111
  C:0CA8H         LINE#         113
  -------         ENDPROC       COMMON_EV_PROCESS
  -------         PROC          SYS_POWER_UP
  C:0DDAH         LINE#         124
  C:0DDAH         LINE#         125
  C:0DEBH         LINE#         127
  C:0DEBH         LINE#         128
  C:0DEEH         LINE#         131
  C:0DF0H         LINE#         132
BL51 BANKED LINKER/LOCATER V6.22.2.0                                                  05/16/2022  18:16:27  PAGE 32


  C:0DF4H         LINE#         133
  C:0DF4H         LINE#         134
  C:0DF7H         LINE#         135
  C:0DFCH         LINE#         136
  C:0E01H         LINE#         137
  C:0E06H         LINE#         138
  C:0E0BH         LINE#         139
  C:0E11H         LINE#         140
  C:0E14H         LINE#         141
  C:0E1CH         LINE#         142
  C:0E1CH         LINE#         146
  C:0E1FH         LINE#         147
  C:0E20H         LINE#         149
  C:0E20H         LINE#         150
  C:0E25H         LINE#         151
  C:0E28H         LINE#         152
  C:0E31H         LINE#         153
  C:0E3AH         LINE#         154
  C:0E3DH         LINE#         155
  C:0E3DH         LINE#         158
  C:0E3EH         LINE#         161
  C:0E3EH         LINE#         162
  C:0E41H         LINE#         163
  C:0E45H         LINE#         164
  C:0E4AH         LINE#         165
  C:0E4AH         LINE#         166
  C:0E4AH         LINE#         167
  C:0E4DH         LINE#         168
  C:0E50H         LINE#         169
  C:0E57H         LINE#         170
  C:0E5CH         LINE#         171
  C:0E5FH         LINE#         172
  C:0E68H         LINE#         173
  C:0E6BH         LINE#         174
  C:0E6BH         LINE#         176
  C:0E6BH         LINE#         177
  C:0E6BH         LINE#         178
  C:0E6BH         LINE#         179
  -------         ENDPROC       SYS_POWER_UP
  -------         PROC          SYS_STOP
  C:12CEH         LINE#         192
  C:12CEH         LINE#         195
  C:12E0H         LINE#         196
  C:12E0H         LINE#         197
  C:12E0H         LINE#         198
  C:12E3H         LINE#         199
  C:12E8H         LINE#         200
  C:12EDH         LINE#         201
  C:12F2H         LINE#         205
  C:12F5H         LINE#         207
  C:12F6H         LINE#         209
  C:12F6H         LINE#         210
  C:12F9H         LINE#         211
  C:12FCH         LINE#         212
  C:12FFH         LINE#         213
  C:1302H         LINE#         214
  C:1304H         LINE#         215
BL51 BANKED LINKER/LOCATER V6.22.2.0                                                  05/16/2022  18:16:27  PAGE 33


  C:1307H         LINE#         216
  C:1308H         LINE#         217
  C:1308H         LINE#         218
  C:130BH         LINE#         219
  C:1310H         LINE#         220
  C:1313H         LINE#         221
  C:131AH         LINE#         222
  C:131FH         LINE#         223
  C:1322H         LINE#         224
  C:132BH         LINE#         225
  C:132EH         LINE#         226
  C:132EH         LINE#         227
  C:132EH         LINE#         228
  C:132EH         LINE#         229
  C:132EH         LINE#         230
  -------         ENDPROC       SYS_STOP
  -------         PROC          SYS_RUNING
  C:0CA9H         LINE#         241
  C:0CA9H         LINE#         243
  C:0CC1H         LINE#         244
  C:0CC1H         LINE#         245
  C:0CC4H         LINE#         246
  C:0CC6H         LINE#         247
  C:0CD1H         LINE#         248
  C:0CD4H         LINE#         249
  C:0CD4H         LINE#         250
  C:0CD9H         LINE#         251
  C:0CDEH         LINE#         252
  C:0CDEH         LINE#         253
  C:0CDEH         LINE#         254
  C:0CE1H         LINE#         255
  C:0CE6H         LINE#         256
  C:0CE9H         LINE#         257
  C:0CF0H         LINE#         258
  C:0CF5H         LINE#         259
  C:0CF8H         LINE#         260
  C:0D01H         LINE#         261
  C:0D04H         LINE#         263
  C:0D04H         LINE#         264
  C:0D07H         LINE#         265
  C:0D0CH         LINE#         266
  C:0D0CH         LINE#         268
  C:0D0CH         LINE#         269
  C:0D0FH         LINE#         270
  C:0D12H         LINE#         271
  C:0D15H         LINE#         272
  C:0D18H         LINE#         273
  C:0D1BH         LINE#         274
  C:0D20H         LINE#         275
  C:0D25H         LINE#         276
  C:0D2EH         LINE#         277
  C:0D31H         LINE#         279
  C:0D32H         LINE#         280
  C:0D32H         LINE#         281
  C:0D35H         LINE#         282
  C:0D38H         LINE#         283
  C:0D41H         LINE#         284
BL51 BANKED LINKER/LOCATER V6.22.2.0                                                  05/16/2022  18:16:27  PAGE 34


  C:0D44H         LINE#         287
  C:0D44H         LINE#         290
  C:0D44H         LINE#         291
  C:0D44H         LINE#         292
  C:0D44H         LINE#         294
  -------         ENDPROC       SYS_RUNING
  -------         PROC          SYS_CHARGE
  C:0B67H         LINE#         306
  C:0B67H         LINE#         307
[...]
  D:0040H         PUBLIC        keyCtrl
  C:0628H         PUBLIC        drv_key
  -------         PROC          DRV_KEY
  C:0628H         LINE#         30
  C:0628H         LINE#         31
  C:0636H         LINE#         32
  C:0639H         LINE#         34
  C:064BH         LINE#         35
  C:064BH         LINE#         36
  C:064EH         LINE#         37
  C:0650H         LINE#         38
  C:0655H         LINE#         39
  C:0658H         LINE#         40
  C:0659H         LINE#         42
  C:0659H         LINE#         44
  C:0662H         LINE#         45
  C:0664H         LINE#         46
  C:0667H         LINE#         47
  C:0667H         LINE#         48
  C:0668H         LINE#         50
  C:0668H         LINE#         51
  C:066EH         LINE#         52
  C:0670H         LINE#         53
  C:067EH         LINE#         54
  C:0681H         LINE#         56
  C:0684H         LINE#         57
  C:0684H         LINE#         58
  C:0685H         LINE#         59
  C:0685H         LINE#         60
  C:0685H         LINE#         61
  C:0687H         LINE#         64
  C:0687H         LINE#         65
  C:068DH         LINE#         67
  C:068FH         LINE#         68
  C:069AH         LINE#         69
  C:06A2H         LINE#         70
  C:06A2H         LINE#         72
  C:06ADH         LINE#         73
  C:06B2H         LINE#         74
  C:06B6H         LINE#         75
  C:06B8H         LINE#         77
  C:06B8H         LINE#         79
  C:06C3H         LINE#         80
  C:06C7H         LINE#         81
BL51 BANKED LINKER/LOCATER V6.22.2.0                                                  05/16/2022  18:16:27  PAGE 40


  C:06CAH         LINE#         82
  C:06D1H         LINE#         83
  C:06D1H         LINE#         84
  C:06D1H         LINE#         85
  C:06D1H         LINE#         87
  C:06D1H         LINE#         89
  C:06D1H         LINE#         90
  C:06D3H         LINE#         91
  C:06DEH         LINE#         92
  C:06E1H         LINE#         93
  C:06EDH         LINE#         95
  C:06EDH         LINE#         96
  C:06F2H         LINE#         98
  C:06F4H         LINE#         99
  C:06FBH         LINE#         101
  C:06FBH         LINE#         102
  C:06FEH         LINE#         103
  C:06FEH         LINE#         105
  C:06FEH         LINE#         106
  C:06FEH         LINE#         108
  C:06FEH         LINE#         109
  C:06FEH         LINE#         111
  C:06FEH         LINE#         112
  -------         ENDPROC       DRV_KEY
  -------         ENDMOD        DRV_KEY

  -------         MODULE        BLE_COMM
  C:0000H         SYMBOL        _ICE_DUMMY_
  C:10B6H         PUBLIC        _AppCommandParse
  -------         PROC          _APPCOMMANDPARSE
  D:0036H         SYMBOL        rx_buf
  C:10B6H         LINE#         21
  C:10BCH         LINE#         23
  C:10CFH         LINE#         24
  C:10CFH         LINE#         25
  C:10D4H         LINE#         26
  C:10D4H         LINE#         27
  C:10D4H         LINE#         28
  C:10D9H         LINE#         29
  C:10DEH         LINE#         30
  C:10E0H         LINE#         31
  C:10E0H         LINE#         32
  C:10E5H         LINE#         33
  C:10EAH         LINE#         34
  C:10ECH         LINE#         35
  C:10ECH         LINE#         36
  C:10F1H         LINE#         37
  C:110AH         LINE#         38
  C:110CH         LINE#         39
  C:110CH         LINE#         40
  C:1111H         LINE#         41
  C:1125H         LINE#         42
  C:1125H         LINE#         43
  C:1125H         LINE#         44
  C:1125H         LINE#         45
  C:1125H         LINE#         46
  -------         ENDPROC       _APPCOMMANDPARSE
BL51 BANKED LINKER/LOCATER V6.22.2.0                                                  05/16/2022  18:16:27  PAGE 41


  -------         ENDMOD        BLE_COMM

  -------         MODULE        DRV_TIMER
  C:0000H         SYMBOL        _ICE_DUMMY_
  C:1808H         PUBLIC        Init_evTimers
  C:0D45H         PUBLIC        _Start_evTimer
  C:0EE4H         PUBLIC        drv_time
  X:0000H         PUBLIC        ev_timer
  D:004FH         PUBLIC        drv_timer_tick
  C:15CCH         PUBLIC        _Stop_evTimer
  -------         PROC          INIT_EVTIMERS
  -------         DO            
  D:0007H         SYMBOL        u8_Index
  -------         ENDDO         
  C:1808H         LINE#         27
  C:1808H         LINE#         28
  C:1808H         LINE#         31
  C:1814H         LINE#         32
  C:1814H         LINE#         33
  C:1826H         LINE#         34
  C:1829H         LINE#         35
  -------         ENDPROC       INIT_EVTIMERS
  -------         PROC          _START_EVTIMER
  D:0036H         SYMBOL        Time
  D:0005H         SYMBOL        ev
  -------         DO            
  D:0038H         SYMBOL        pTimer
  D:003BH         SYMBOL        pFreeTimer
  D:0007H         SYMBOL        u8_Index
  -------         ENDDO         
  C:0D45H         LINE#         51
  C:0D49H         LINE#         52
  C:0D49H         LINE#         54
  C:0D52H         LINE#         57
  C:0D5BH         LINE#         58
  C:0D67H         LINE#         59
  C:0D67H         LINE#         60
  C:0D77H         LINE#         61
  C:0D77H         LINE#         63
  C:0D7FH         LINE#         64
  C:0D7FH         LINE#         66
  C:0D85H         LINE#         67
  C:0D85H         LINE#         68
  C:0D87H         LINE#         70
  C:0D87H         LINE#         72
  C:0D96H         LINE#         73
  C:0D96H         LINE#         77
  C:0D9EH         LINE#         78
  C:0D9EH         LINE#         82
  C:0DA7H         LINE#         83
  C:0DA9H         LINE#         85
  C:0DA9H         LINE#         86
  C:0DB2H         LINE#         87
  C:0DB2H         LINE#         88
  C:0DB4H         LINE#         89
  C:0DB4H         LINE#         90
  C:0DB4H         LINE#         91
BL51 BANKED LINKER/LOCATER V6.22.2.0                                                  05/16/2022  18:16:27  PAGE 42


  C:0DBFH         LINE#         92
  C:0DC2H         LINE#         94
  C:0DD3H         LINE#         95
  -------         ENDPROC       _START_EVTIMER
  -------         PROC          _STOP_EVTIMER
  D:0007H         SYMBOL        ev
  -------         DO            
  D:0001H         SYMBOL        pTimer
  D:0006H         SYMBOL        u8_Index
  -------         ENDDO         
  C:15CCH         LINE#         112
  C:15CCH         LINE#         118
  C:15D2H         LINE#         119
  C:15DEH         LINE#         120
  C:15DEH         LINE#         121
  C:15E8H         LINE#         122
  C:15E8H         LINE#         124
  C:15F1H         LINE#         125
  C:15F1H         LINE#         126
  C:15FAH         LINE#         127
  C:15FAH         LINE#         128
  C:15FAH         LINE#         129
  C:1601H         LINE#         130
  C:1604H         LINE#         135
  -------         ENDPROC       _STOP_EVTIMER
  -------         PROC          DRV_TIME
  -------         DO            
  D:0036H         SYMBOL        pTimer
  D:0039H         SYMBOL        u8_Index
  -------         ENDDO         
  C:0EE4H         LINE#         151
  C:0EE4H         LINE#         156
  C:0EEFH         LINE#         157
  C:0EF2H         LINE#         159
  C:0EFBH         LINE#         160
  C:0F08H         LINE#         161
  C:0F08H         LINE#         162
  C:0F1AH         LINE#         163
  C:0F1AH         LINE#         164
  C:0F23H         LINE#         165
  C:0F23H         LINE#         166
  C:0F2CH         LINE#         167
  C:0F39H         LINE#         168
  C:0F3BH         LINE#         170
  C:0F3BH         LINE#         171
  C:0F4BH         LINE#         172
  C:0F4BH         LINE#         173
  C:0F4BH         LINE#         174
  C:0F56H         LINE#         175
  C:0F5AH         LINE#         177
  -------         ENDPROC       DRV_TIME
  -------         ENDMOD        DRV_TIMER

  -------         MODULE        UTILES
  C:0000H         SYMBOL        _ICE_DUMMY_
  X:005EH         PUBLIC        callbackQueue
  C:132FH         PUBLIC        _SendQueueSysRuningParam
BL51 BANKED LINKER/LOCATER V6.22.2.0                                                  05/16/2022  18:16:27  PAGE 43


  C:1671H         PUBLIC        _SendQueueAppAck
  C:17E5H         PUBLIC        PopAckQueue
  C:18D9H         PUBLIC        InitialQueue
  X:0063H         PUBLIC        commandQueue
  C:17C2H         PUBLIC        PopCommandQueue
  -------         PROC          INITIALQUEUE
  C:18D9H         LINE#         20
  C:18D9H         LINE#         21
  C:18DEH         LINE#         22
  C:18E2H         LINE#         23
  C:18E6H         LINE#         24
  C:18EAH         LINE#         25
  C:18EEH         LINE#         26
  C:18F2H         LINE#         27
  -------         ENDPROC       INITIALQUEUE
  -------         PROC          _SENDQUEUESYSRUNINGPARAM
  D:0007H         SYMBOL        pressure
  D:0005H         SYMBOL        temperature
  D:0003H         SYMBOL        battery
  C:132FH         LINE#         42
  C:132FH         LINE#         43
  C:132FH         LINE#         45
  C:133CH         LINE#         46
  C:133CH         LINE#         47
  C:133FH         LINE#         48
  C:1353H         LINE#         49
  C:1363H         LINE#         50
  C:1373H         LINE#         51
  C:1382H         LINE#         52
  C:1382H         LINE#         53
  C:1384H         LINE#         54
  C:1384H         LINE#         55
  C:1387H         LINE#         56
  C:1387H         LINE#         57
  C:1389H         LINE#         58
  -------         ENDPROC       _SENDQUEUESYSRUNINGPARAM
  -------         PROC          POPCOMMANDQUEUE
  C:17C2H         LINE#         72
  C:17C2H         LINE#         73
  C:17C2H         LINE#         74
  C:17C8H         LINE#         75
  C:17C8H         LINE#         76
  C:17CAH         LINE#         77
  C:17D9H         LINE#         78
  C:17D9H         LINE#         79
  C:17DBH         LINE#         80
  C:17DBH         LINE#         81
  C:17DCH         LINE#         83
  C:17DCH         LINE#         84
  C:17E4H         LINE#         85
  C:17E4H         LINE#         87
  -------         ENDPROC       POPCOMMANDQUEUE
  -------         PROC          _SENDQUEUEAPPACK
  D:0007H         SYMBOL        cmd
  C:1671H         LINE#         103
  C:1671H         LINE#         104
  C:1671H         LINE#         105
BL51 BANKED LINKER/LOCATER V6.22.2.0                                                  05/16/2022  18:16:27  PAGE 44


  C:167EH         LINE#         106
  C:167EH         LINE#         107
  C:1681H         LINE#         109
  C:1690H         LINE#         110
  C:169FH         LINE#         111
  C:169FH         LINE#         112
  C:16A1H         LINE#         113
  C:16A1H         LINE#         114
  C:16A4H         LINE#         115
  C:16A4H         LINE#         116
  C:16A6H         LINE#         117
  -------         ENDPROC       _SENDQUEUEAPPACK
  -------         PROC          POPACKQUEUE
  C:17E5H         LINE#         131
  C:17E5H         LINE#         132
  C:17E5H         LINE#         133
  C:17EBH         LINE#         134
  C:17EBH         LINE#         135
  C:17EDH         LINE#         136
  C:17FCH         LINE#         137
  C:17FCH         LINE#         138
  C:17FEH         LINE#         139
  C:17FEH         LINE#         140
  C:17FFH         LINE#         142
  C:17FFH         LINE#         143
  C:1807H         LINE#         144
  C:1807H         LINE#         146
  -------         ENDPROC       POPACKQUEUE
  -------         ENDMOD        UTILES

  -------         MODULE        DRV_ADC
  C:0000H         SYMBOL        _ICE_DUMMY_
  I:0051H         PUBLIC        adc_battery
  D:009FH         PUBLIC        ADCDRH
  D:009CH         PUBLIC        ADCCRL
  D:009EH         PUBLIC        ADCDRL
  I:0053H         PUBLIC        adc_state
  C:19F2H         PUBLIC        drv_read_adc_currrent
  I:0054H         PUBLIC        adc_count
  C:19EAH         PUBLIC        drv_read_adc_battery
  I:0055H         PUBLIC        adc_motor
  C:07CCH         PUBLIC        drv_adc
  I:0057H         PUBLIC        adc_sum
  C:1983H         PUBLIC        drv_adc_ini
  -------         PROC          DRV_ADC_INI
  C:1983H         LINE#         26
  C:1983H         LINE#         28
  C:1987H         LINE#         29
  C:198CH         LINE#         30
  C:198FH         LINE#         31
  -------         ENDPROC       DRV_ADC_INI
  -------         PROC          DRV_READ_ADC_BATTERY
  C:19EAH         LINE#         45
  C:19EAH         LINE#         47
  C:19F1H         LINE#         49
  -------         ENDPROC       DRV_READ_ADC_BATTERY
  -------         PROC          DRV_READ_ADC_CURRRENT
BL51 BANKED LINKER/LOCATER V6.22.2.0                                                  05/16/2022  18:16:27  PAGE 45


  C:19F2H         LINE#         63
  C:19F2H         LINE#         65
  C:19F9H         LINE#         67
  -------         ENDPROC       DRV_READ_ADC_CURRRENT
  -------         PROC          DRV_ADC
  -------         DO            
  D:0004H         SYMBOL        adcVal
  -------         ENDDO         
  C:07CCH         LINE#         83
  C:07CCH         LINE#         86
  C:07DCH         LINE#         87
  C:07DCH         LINE#         88
  C:07E4H         LINE#         89
  C:07E7H         LINE#         90
  C:07EBH         LINE#         91
  C:07F0H         LINE#         92
  C:07F4H         LINE#         93
  C:07F5H         LINE#         95
  C:07F5H         LINE#         96
  C:07FDH         LINE#         97
  C:0801H         LINE#         98
  C:0805H         LINE#         99
  C:080EH         LINE#         100
  C:0811H         LINE#         101
  C:081BH         LINE#         102
  C:0831H         LINE#         103
  C:0837H         LINE#         104
  C:083AH         LINE#         105
  C:0842H         LINE#         106
  C:0845H         LINE#         107
  C:0845H         LINE#         108
  C:0845H         LINE#         109
  C:0845H         LINE#         111
  C:0847H         LINE#         113
  C:0847H         LINE#         115
  C:084CH         LINE#         116
  C:0850H         LINE#         117
  C:0854H         LINE#         118
  C:085DH         LINE#         119
  C:0860H         LINE#         120
  C:086AH         LINE#         121
  C:0880H         LINE#         122
  C:0885H         LINE#         123
  C:0888H         LINE#         124
  C:0890H         LINE#         125
  C:0893H         LINE#         126
  C:0893H         LINE#         127
  C:0896H         LINE#         128
  C:0896H         LINE#         129
  C:0896H         LINE#         130
  C:0896H         LINE#         131
  C:0896H         LINE#         133
  C:0896H         LINE#         134
  -------         ENDPROC       DRV_ADC
  -------         ENDMOD        DRV_ADC

  -------         MODULE        DRV_CHARGE
BL51 BANKED LINKER/LOCATER V6.22.2.0                                                  05/16/2022  18:16:27  PAGE 46


  C:0000H         SYMBOL        _ICE_DUMMY_
  D:0088H         PUBLIC        P1
  X:0081H         PUBLIC        chargeCtrl
  D:0050H         PUBLIC        drv_charge_tick
  C:194EH         PUBLIC        drv_charge_ini
  C:1940H         PUBLIC        ReadChargeState
  C:0548H         PUBLIC        Drv_Charge
  -------         PROC          READCHARGESTATE
  C:1940H         LINE#         30
  C:1940H         LINE#         31
  C:194DH         LINE#         33
  -------         ENDPROC       READCHARGESTATE
  -------         PROC          DRV_CHARGE
  C:0548H         LINE#         48
  C:0548H         LINE#         49
  C:0556H         LINE#         50
  C:0558H         LINE#         51
  C:0572H         LINE#         52
  C:0572H         LINE#         53
  C:0579H         LINE#         54
  C:0582H         LINE#         56
  C:0582H         LINE#         57
  C:0584H         LINE#         58
  C:0587H         LINE#         59
  C:0587H         LINE#         60
  C:0588H         LINE#         61
  C:0588H         LINE#         62
  C:058EH         LINE#         63
  C:0594H         LINE#         64
  C:0597H         LINE#         65
  C:0599H         LINE#         67
  C:0599H         LINE#         68
  C:05A7H         LINE#         69
  C:05B6H         LINE#         70
  C:05BAH         LINE#         71
  C:05C1H         LINE#         72
  C:05C7H         LINE#         73
  C:05C7H         LINE#         74
  C:05C7H         LINE#         75
  C:05C8H         LINE#         76
  C:05C8H         LINE#         77
  C:05CEH         LINE#         78
  C:05D4H         LINE#         79
  C:05DAH         LINE#         80
  C:05DAH         LINE#         81
  C:05DBH         LINE#         82
  C:05DBH         LINE#         83
  C:05E1H         LINE#         84
  C:05EFH         LINE#         85
  C:05FEH         LINE#         86
  C:0602H         LINE#         87
  C:060AH         LINE#         88
  C:0610H         LINE#         89
  C:0610H         LINE#         90
  C:0611H         LINE#         92
  C:0611H         LINE#         93
  C:0612H         LINE#         94
BL51 BANKED LINKER/LOCATER V6.22.2.0                                                  05/16/2022  18:16:27  PAGE 47


  C:0612H         LINE#         95
  C:0612H         LINE#         96
  C:0614H         LINE#         97
  C:0614H         LINE#         98
  C:061CH         LINE#         99
  C:0622H         LINE#         100
  C:0627H         LINE#         101
  C:0627H         LINE#         102
  C:0627H         LINE#         103
  C:0627H         LINE#         104
  C:0627H         LINE#         105
  C:0627H         LINE#         107
  -------         ENDPROC       DRV_CHARGE
  -------         PROC          DRV_CHARGE_INI
  C:194EH         LINE#         121
  C:194EH         LINE#         123
  C:1951H         LINE#         124
  C:1957H         LINE#         125
  C:195BH         LINE#         126
  -------         ENDPROC       DRV_CHARGE_INI
  -------         ENDMOD        DRV_CHARGE

  -------         MODULE        ?C?CLDPTR
  C:023EH         PUBLIC        ?C?CLDPTR
  -------         ENDMOD        ?C?CLDPTR

  -------         MODULE        ?C?CLDOPTR
  C:0257H         PUBLIC        ?C?CLDOPTR
  -------         ENDMOD        ?C?CLDOPTR

  -------         MODULE        ?C?CSTPTR
  C:0284H         PUBLIC        ?C?CSTPTR
  -------         ENDMOD        ?C?CSTPTR

  -------         MODULE        ?C?CSTOPTR
  C:0296H         PUBLIC        ?C?CSTOPTR
  -------         ENDMOD        ?C?CSTOPTR

  -------         MODULE        ?C?IMUL
  C:02B8H         PUBLIC        ?C?IMUL
  -------         ENDMOD        ?C?IMUL

  -------         MODULE        ?C?UIDIV
  C:02CAH         PUBLIC        ?C?UIDIV
  -------         ENDMOD        ?C?UIDIV

  -------         MODULE        ?C?ILDOPTR
  C:031FH         PUBLIC        ?C?ILDOPTR
  -------         ENDMOD        ?C?ILDOPTR

  -------         MODULE        ?C?IILDOPTR
  C:0357H         PUBLIC        ?C?IILDOPTR
  -------         ENDMOD        ?C?IILDOPTR

  -------         MODULE        ?C?ISTPTR
  C:03A4H         PUBLIC        ?C?ISTPTR
  -------         ENDMOD        ?C?ISTPTR
BL51 BANKED LINKER/LOCATER V6.22.2.0                                                  05/16/2022  18:16:27  PAGE 48



  -------         MODULE        ?C?ISTOPTR
  C:03C3H         PUBLIC        ?C?ISTOPTR
  -------         ENDMOD        ?C?ISTOPTR

  -------         MODULE        ?C?IILDX
  C:03F0H         PUBLIC        ?C?IILDX
  -------         ENDMOD        ?C?IILDX

*** WARNING L16: UNCALLED SEGMENT, IGNORED FOR OVERLAY PROCESS
    SEGMENT: ?PR?UART_INIT?MAIN

*** WARNING L16: UNCALLED SEGMENT, IGNORED FOR OVERLAY PROCESS
    SEGMENT: ?PR?WDT_INIT?MAIN

*** WARNING L16: UNCALLED SEGMENT, IGNORED FOR OVERLAY PROCESS
    SEGMENT: ?PR?_SENDQUEUESYSRUNINGPARAM?UTILES

Program Size: data=90.0 xdata=147 code=6680
LINK/LOCATE RUN COMPLETE.  3 WARNING(S),  0 ERROR(S)
