BL51 BANKED LINKER/LOCATER V6.22.2.0                                                    05/16/2022  16:14:03  PAGE 1


BL51 BANKED LINKER/LOCATER V6.22.2.0, INVOKED BY:
C:\KEIL_V5\C51\BIN\BL51.EXE .\out\drv_battery.obj, .\out\drv_led.obj, .\out\drv_motor.obj, .\out\main.obj, .\out\startup
>> .obj, .\out\drv_uart.obj, .\out\sys_message.obj, .\out\sys_manage.obj, .\out\drv_key.obj, .\out\ble_comm.obj, .\out\d
>> rv_timer.obj, .\out\utiles.obj, .\out\drv_adc.obj, .\out\drv_charge.obj TO .\out\FLOW-GUN-V03 PRINT (.\lst\FLOW-GUN-V
>> 03.m51) RAMSIZE (256) CODE (0X0000-0X3FFF) XDATA (0X0000-0X01FF)


MEMORY MODEL: SMALL


INPUT MODULES INCLUDED:
  .\out\drv_battery.obj (DRV_BATTERY)
  .\out\drv_led.obj (DRV_LED)
  .\out\drv_motor.obj (DRV_MOTOR)
  .\out\main.obj (MAIN)
  .\out\startup.obj (?C_STARTUP)
  .\out\drv_uart.obj (DRV_UART)
  .\out\sys_message.obj (SYS_MESSAGE)
  .\out\sys_manage.obj (SYS_MANAGE)
  .\out\drv_key.obj (DRV_KEY)
  .\out\ble_comm.obj (BLE_COMM)
  .\out\drv_timer.obj (DRV_TIMER)
  .\out\utiles.obj (UTILES)
  .\out\drv_adc.obj (DRV_ADC)
  .\out\drv_charge.obj (DRV_CHARGE)
  C:\KEIL_V5\C51\LIB\C51S.LIB (?C?CLDPTR)
  C:\KEIL_V5\C51\LIB\C51S.LIB (?C?CLDOPTR)
  C:\KEIL_V5\C51\LIB\C51S.LIB (?C?CSTPTR)
  C:\KEIL_V5\C51\LIB\C51S.LIB (?C?CSTOPTR)
  C:\KEIL_V5\C51\LIB\C51S.LIB (?C?IMUL)
  C:\KEIL_V5\C51\LIB\C51S.LIB (?C?UIDIV)
  C:\KEIL_V5\C51\LIB\C51S.LIB (?C?ILDOPTR)
  C:\KEIL_V5\C51\LIB\C51S.LIB (?C?IILDOPTR)
  C:\KEIL_V5\C51\LIB\C51S.LIB (?C?ISTPTR)
  C:\KEIL_V5\C51\LIB\C51S.LIB (?C?ISTOPTR)
  C:\KEIL_V5\C51\LIB\C51S.LIB (?C?IILDX)


LINK MAP OF MODULE:  .\out\FLOW-GUN-V03 (DRV_BATTERY)


            TYPE    BASE      LENGTH    RELOCATION   SEGMENT NAME
            -----------------------------------------------------

            * * * * * * *   D A T A   M E M O R Y   * * * * * * *
            REG     0000H     0008H     ABSOLUTE     "REG BANK 0"
            DATA    0008H     0020H     UNIT         ?DT?SYS_MESSAGE
            DATA    0028H     000EH     UNIT         ?DT?SYS_MANAGE
            DATA    0036H     0009H     UNIT         _DATA_GROUP_
            DATA    003FH     0006H     UNIT         ?DT?DRV_KEY
            DATA    0045H     0005H     UNIT         ?DT?DRV_CHARGE
            DATA    004AH     0004H     UNIT         ?DT?MAIN
            DATA    004EH     0003H     UNIT         ?DT?DRV_MOTOR
            DATA    0051H     0002H     UNIT         ?DT?DRV_LED
            DATA    0053H     0001H     UNIT         ?DT?DRV_BATTERY
            DATA    0054H     0001H     UNIT         ?DT?DRV_TIMER
            IDATA   0055H     0008H     UNIT         ?ID?DRV_ADC
            IDATA   005DH     0001H     UNIT         ?STACK
BL51 BANKED LINKER/LOCATER V6.22.2.0                                                  05/16/2022  16:14:03  PAGE 2



            * * * * * * *  X D A T A   M E M O R Y  * * * * * * *
            XDATA   0000H     002EH     UNIT         ?XD?DRV_UART
            XDATA   002EH     0028H     UNIT         ?XD?DRV_TIMER
            XDATA   0056H     0011H     UNIT         ?XD?UTILES
            XDATA   0067H     000BH     UNIT         ?XD?DRV_MOTOR
            XDATA   0072H     0007H     UNIT         ?XD?DRV_LED
            XDATA   0079H     0003H     UNIT         ?XD?DRV_BATTERY
                    007CH     4FD4H                  *** GAP ***
            XDATA   5050H     0001H     ABSOLUTE     
            XDATA   5051H     0001H     ABSOLUTE     
            XDATA   5052H     0001H     ABSOLUTE     
            XDATA   5053H     0001H     ABSOLUTE     
            XDATA   5054H     0001H     ABSOLUTE     
            XDATA   5055H     0001H     ABSOLUTE     
            XDATA   5056H     0001H     ABSOLUTE     
            XDATA   5057H     0001H     ABSOLUTE     
            XDATA   5058H     0001H     ABSOLUTE     
                    5059H     0005H                  *** GAP ***
            XDATA   505EH     0001H     ABSOLUTE     
            XDATA   505FH     0001H     ABSOLUTE     

            * * * * * * *   C O D E   M E M O R Y   * * * * * * *
            CODE    0000H     0003H     ABSOLUTE     
            CODE    0003H     0045H     UNIT         ?PR?PORT_INIT?MAIN
            CODE    0048H     0001H     UNIT         ?PR?INT_USI_TX?MAIN
                    0049H     0002H                  *** GAP ***
            CODE    004BH     0003H     ABSOLUTE     
            CODE    004EH     0004H     UNIT         ?PR?OPAMP_INIT?MAIN
                    0052H     0001H                  *** GAP ***
            CODE    0053H     0003H     ABSOLUTE     
                    0056H     0005H                  *** GAP ***
            CODE    005BH     0003H     ABSOLUTE     
                    005EH     0005H                  *** GAP ***
            CODE    0063H     0003H     ABSOLUTE     
            CODE    0066H     01D8H     UNIT         ?PR?DRV_MOTOR?DRV_MOTOR
            CODE    023EH     01C8H     UNIT         ?C?LIB_CODE
            CODE    0406H     0142H     UNIT         ?PR?RECEIVEUARTFRAME?DRV_UART
            CODE    0548H     00CEH     UNIT         ?PR?DRV_KEY?DRV_KEY
            CODE    0616H     00CDH     UNIT         ?PR?DRV_BATTERY?DRV_BATTERY
            CODE    06E3H     00CBH     UNIT         ?PR?DRV_ADC?DRV_ADC
            CODE    07AEH     00BEH     UNIT         ?PR?_READBATTERYLEVEL?DRV_BATTERY
            CODE    086CH     00B9H     UNIT         ?PR?DRV_COMM?DRV_UART
            CODE    0925H     00AFH     UNIT         ?PR?_DRV_MOTOR_CHANGE_MODE_SPEED?DRV_MOTOR
            CODE    09D4H     00AFH     UNIT         ?PR?DRV_CHARGE?DRV_CHARGE
            CODE    0A83H     00AAH     UNIT         ?PR?_DRV_MOTOR_START?DRV_MOTOR
            CODE    0B2DH     009FH     UNIT         ?PR?COMMON_EV_PROCESS?SYS_MANAGE
            CODE    0BCCH     009CH     UNIT         ?PR?SYS_RUNING?SYS_MANAGE
            CODE    0C68H     009BH     UNIT         ?PR?SYS_CHARGE?SYS_MANAGE
            CODE    0D03H     0095H     UNIT         ?PR?_START_EVTIMER?DRV_TIMER
            CODE    0D98H     0092H     UNIT         ?PR?SYS_POWER_UP?SYS_MANAGE
            CODE    0E2AH     0077H     UNIT         ?PR?DRV_TIME?DRV_TIMER
            CODE    0EA1H     0074H     UNIT         ?PR?SYS_CHARGE_FULL?SYS_MANAGE
            CODE    0F15H     0074H     UNIT         ?PR?SYS_PROCESS?SYS_MANAGE
            CODE    0F89H     0073H     UNIT         ?PR?DRV_LED?DRV_LED
            CODE    0FFCH     0070H     UNIT         ?PR?_APPCOMMANDPARSE?BLE_COMM
            CODE    106CH     006FH     UNIT         ?PR?SYS_ERROR?SYS_MANAGE
BL51 BANKED LINKER/LOCATER V6.22.2.0                                                  05/16/2022  16:14:03  PAGE 3


            CODE    10DBH     006CH     UNIT         ?PR?DRV_UART_TX?DRV_UART
            CODE    1147H     0069H     UNIT         ?PR?SYS_TEST?SYS_MANAGE
            CODE    11B0H     0064H     UNIT         ?PR?_DRV_LED_SET_BATTERY_LIGHT?DRV_LED
            CODE    1214H     0061H     UNIT         ?PR?SYS_STOP?SYS_MANAGE
            CODE    1275H     0061H     UNIT         ?PR?SYS_POWER_NONE?SYS_MANAGE
            CODE    12D6H     005BH     UNIT         ?PR?_SENDQUEUESYSRUNINGPARAM?UTILES
            CODE    1331H     0058H     UNIT         ?PR?_DRV_LED_SET_BATTERY_CHARGE_LIGHT?DRV_LED
            CODE    1389H     0050H     UNIT         ?PR?BREATH_DUTY_CAL?DRV_LED
            CODE    13D9H     004DH     UNIT         ?PR?MAIN?MAIN
            CODE    1426H     0049H     UNIT         ?PR?_GET_MESSAGE?SYS_MESSAGE
            CODE    146FH     0043H     UNIT         ?PR?MOTOR_CURRENT_CHECK?DRV_MOTOR
            CODE    14B2H     0040H     UNIT         ?PR?DRV_LED_WRITE_BATTERY?DRV_LED
            CODE    14F2H     003FH     UNIT         ?PR?SYS_POWERKEY_RELEASE_WAIT?SYS_MANAGE
            CODE    1531H     0039H     UNIT         ?PR?_RUNING_CURRENT_CHECK?DRV_MOTOR
            CODE    156AH     0039H     UNIT         ?PR?_STOP_EVTIMER?DRV_TIMER
            CODE    15A3H     0036H     UNIT         ?PR?_DRV_LED_SET_CURRENT_LIGHT?DRV_LED
            CODE    15D9H     0036H     UNIT         ?PR?INT_USI_RX?DRV_UART
            CODE    160FH     0036H     UNIT         ?PR?_SENDQUEUEAPPACK?UTILES
            CODE    1645H     0032H     UNIT         ?PR?_DRV_MOTOR_CHANGE_FLOW_TIME?DRV_MOTOR
            CODE    1677H     0032H     UNIT         ?PR?_DRV_UART_GET?DRV_UART
            CODE    16A9H     0030H     UNIT         ?CO?DRV_LED
            CODE    16D9H     0030H     UNIT         ?PR?_PUT_MESSAGE?SYS_MESSAGE
            CODE    1709H     002CH     UNIT         ?PR?DRV_LED_WRITE_MODE?DRV_LED
            CODE    1735H     002BH     UNIT         ?PR?_SENDNOTICEFRAME?DRV_UART
            CODE    1760H     0023H     UNIT         ?PR?POPCOMMANDQUEUE?UTILES
            CODE    1783H     0023H     UNIT         ?PR?POPACKQUEUE?UTILES
            CODE    17A6H     0022H     UNIT         ?PR?INIT_EVTIMERS?DRV_TIMER
            CODE    17C8H     0021H     UNIT         ?PR?DRV_MOTOR_STOP?DRV_MOTOR
            CODE    17E9H     001EH     UNIT         ?PR?_SENDACKFRAME?DRV_UART
            CODE    1807H     001DH     UNIT         ?PR?TIMER3_INIT?MAIN
            CODE    1824H     001CH     UNIT         ?PR?DRV_LED_INI?DRV_LED
            CODE    1840H     001BH     UNIT         ?PR?_DRV_MOTOR_CHANGE_DIRECT_SPEED?DRV_MOTOR
            CODE    185BH     001AH     UNIT         ?C_C51STARTUP
            CODE    1875H     001AH     UNIT         ?PR?INITIALQUEUE?UTILES
            CODE    188FH     0015H     UNIT         ?PR?TIMER2_INIT?MAIN
            CODE    18A4H     0013H     UNIT         ?PR?_DRV_LED_SET_MODE_LIGHT?DRV_LED
            CODE    18B7H     0013H     UNIT         ?PR?UART_INIT?MAIN
            CODE    18CAH     0012H     UNIT         ?PR?DRV_LED_SET_CURRENT_LIGHT_RESET?DRV_LED
            CODE    18DCH     000DH     UNIT         ?PR?INT_EXT11?MAIN
            CODE    18E9H     000DH     UNIT         ?PR?INT_TIMER0?MAIN
            CODE    18F6H     000DH     UNIT         ?PR?TIMER0_INIT?MAIN
            CODE    1903H     000DH     UNIT         ?PR?DRV_ADC_INI?DRV_ADC
            CODE    1910H     000CH     UNIT         ?PR?EXINT_INIT?MAIN
            CODE    191CH     000CH     UNIT         ?PR?ISTXCOMPLETE?DRV_UART
            CODE    1928H     000CH     UNIT         ?PR?READCHARGESTATE?DRV_CHARGE
            CODE    1934H     000AH     UNIT         ?PR?_DRV_SET_LED_B_DUTY?DRV_LED
            CODE    193EH     000AH     UNIT         ?PR?WDT_INIT?MAIN
            CODE    1948H     000AH     UNIT         ?PR?DRV_UART_INI?DRV_UART
            CODE    1952H     0009H     UNIT         ?PR?DRV_LED_SET_MODE_LIGHT_OFF?DRV_LED
            CODE    195BH     0009H     UNIT         ?PR?DRV_LED_SET_BATTERY_LIGHT_OFF?DRV_LED
            CODE    1964H     0008H     UNIT         ?PR?_UART_WRITE?DRV_UART
            CODE    196CH     0008H     UNIT         ?PR?DRV_READ_ADC_BATTERY?DRV_ADC
            CODE    1974H     0008H     UNIT         ?PR?DRV_READ_ADC_CURRRENT?DRV_ADC
            CODE    197CH     0007H     UNIT         ?PR?_DRV_SET_LED_R_DUTY?DRV_LED
            CODE    1983H     0007H     UNIT         ?PR?ADC_INIT?MAIN
            CODE    198AH     0007H     UNIT         ?PR?CLOCK_INIT?MAIN
            CODE    1991H     0006H     UNIT         ?PR?_DRV_LED_SET_BAT_LEVEL?DRV_LED
BL51 BANKED LINKER/LOCATER V6.22.2.0                                                  05/16/2022  16:14:03  PAGE 4


            CODE    1997H     0006H     UNIT         ?PR?_DRV_LED_SET_CHARGE_ONOFF?DRV_LED
            CODE    199DH     0006H     UNIT         ?PR?INI_MESSAGE?SYS_MESSAGE



OVERLAY MAP OF MODULE:   .\out\FLOW-GUN-V03 (DRV_BATTERY)


SEGMENT                                            DATA_GROUP 
  +--> CALLED SEGMENT                            START    LENGTH
----------------------------------------------------------------
?C_C51STARTUP                                    -----    -----
  +--> ?PR?MAIN?MAIN

?PR?MAIN?MAIN                                    -----    -----
  +--> ?PR?PORT_INIT?MAIN
  +--> ?PR?CLOCK_INIT?MAIN
  +--> ?PR?ADC_INIT?MAIN
  +--> ?PR?EXINT_INIT?MAIN
  +--> ?PR?OPAMP_INIT?MAIN
  +--> ?PR?TIMER0_INIT?MAIN
  +--> ?PR?TIMER2_INIT?MAIN
  +--> ?PR?TIMER3_INIT?MAIN
  +--> ?PR?DRV_ADC_INI?DRV_ADC
  +--> ?PR?DRV_LED_INI?DRV_LED
  +--> ?PR?DRV_UART_INI?DRV_UART
  +--> ?PR?INI_MESSAGE?SYS_MESSAGE
  +--> ?PR?INIT_EVTIMERS?DRV_TIMER
  +--> ?PR?DRV_ADC?DRV_ADC
  +--> ?PR?DRV_COMM?DRV_UART
  +--> ?PR?DRV_UART_TX?DRV_UART
  +--> ?PR?DRV_KEY?DRV_KEY
  +--> ?PR?DRV_LED?DRV_LED
  +--> ?PR?DRV_MOTOR?DRV_MOTOR
  +--> ?PR?DRV_CHARGE?DRV_CHARGE
  +--> ?PR?DRV_BATTERY?DRV_BATTERY
  +--> ?PR?DRV_TIME?DRV_TIMER
  +--> ?PR?SYS_PROCESS?SYS_MANAGE

?PR?DRV_LED_INI?DRV_LED                          -----    -----
  +--> ?PR?_DRV_SET_LED_B_DUTY?DRV_LED
  +--> ?PR?_DRV_SET_LED_R_DUTY?DRV_LED
  +--> ?PR?DRV_LED_WRITE_MODE?DRV_LED
  +--> ?PR?DRV_LED_WRITE_BATTERY?DRV_LED

?PR?DRV_UART_INI?DRV_UART                        -----    -----
  +--> ?PR?INITIALQUEUE?UTILES

?PR?DRV_COMM?DRV_UART                            -----    -----
  +--> ?PR?_SENDACKFRAME?DRV_UART
  +--> ?PR?_SENDNOTICEFRAME?DRV_UART
  +--> ?PR?RECEIVEUARTFRAME?DRV_UART
  +--> ?PR?_APPCOMMANDPARSE?BLE_COMM
  +--> ?PR?ISTXCOMPLETE?DRV_UART
  +--> ?PR?POPACKQUEUE?UTILES
  +--> ?PR?POPCOMMANDQUEUE?UTILES

BL51 BANKED LINKER/LOCATER V6.22.2.0                                                  05/16/2022  16:14:03  PAGE 5


?PR?RECEIVEUARTFRAME?DRV_UART                    0036H    0001H
  +--> ?PR?_DRV_UART_GET?DRV_UART
  +--> ?PR?_UART_WRITE?DRV_UART

?PR?_APPCOMMANDPARSE?BLE_COMM                    0036H    0003H
  +--> ?PR?_SENDQUEUEAPPACK?UTILES
  +--> ?PR?_PUT_MESSAGE?SYS_MESSAGE

?PR?_PUT_MESSAGE?SYS_MESSAGE                     003AH    0001H

?PR?DRV_KEY?DRV_KEY                              -----    -----
  +--> ?PR?_PUT_MESSAGE?SYS_MESSAGE

?PR?DRV_LED?DRV_LED                              -----    -----
  +--> ?PR?BREATH_DUTY_CAL?DRV_LED
  +--> ?PR?_DRV_SET_LED_R_DUTY?DRV_LED
  +--> ?PR?_DRV_SET_LED_B_DUTY?DRV_LED
  +--> ?PR?DRV_LED_WRITE_MODE?DRV_LED
  +--> ?PR?DRV_LED_WRITE_BATTERY?DRV_LED

?PR?DRV_MOTOR?DRV_MOTOR                          0036H    0002H
  +--> ?PR?_PUT_MESSAGE?SYS_MESSAGE
  +--> ?PR?MOTOR_CURRENT_CHECK?DRV_MOTOR

?PR?MOTOR_CURRENT_CHECK?DRV_MOTOR                -----    -----
  +--> ?PR?DRV_READ_ADC_CURRRENT?DRV_ADC
  +--> ?PR?_RUNING_CURRENT_CHECK?DRV_MOTOR
  +--> ?PR?_PUT_MESSAGE?SYS_MESSAGE

?PR?DRV_CHARGE?DRV_CHARGE                        -----    -----
  +--> ?PR?_PUT_MESSAGE?SYS_MESSAGE

?PR?DRV_BATTERY?DRV_BATTERY                      0036H    0002H
  +--> ?PR?_READBATTERYLEVEL?DRV_BATTERY
  +--> ?PR?_PUT_MESSAGE?SYS_MESSAGE
  +--> ?PR?READCHARGESTATE?DRV_CHARGE

?PR?_READBATTERYLEVEL?DRV_BATTERY                0038H    0002H
  +--> ?PR?DRV_READ_ADC_BATTERY?DRV_ADC

?PR?DRV_TIME?DRV_TIMER                           0036H    0004H
  +--> ?PR?_PUT_MESSAGE?SYS_MESSAGE

?PR?SYS_PROCESS?SYS_MANAGE                       -----    -----
  +--> ?PR?_GET_MESSAGE?SYS_MESSAGE
  +--> ?PR?SYS_POWER_UP?SYS_MANAGE
  +--> ?PR?SYS_STOP?SYS_MANAGE
  +--> ?PR?SYS_RUNING?SYS_MANAGE
  +--> ?PR?SYS_CHARGE?SYS_MANAGE
  +--> ?PR?SYS_CHARGE_FULL?SYS_MANAGE
  +--> ?PR?SYS_POWER_NONE?SYS_MANAGE
  +--> ?PR?SYS_POWERKEY_RELEASE_WAIT?SYS_MANAGE
  +--> ?PR?SYS_ERROR?SYS_MANAGE
  +--> ?PR?SYS_TEST?SYS_MANAGE
  +--> ?PR?COMMON_EV_PROCESS?SYS_MANAGE

?PR?_GET_MESSAGE?SYS_MESSAGE                     0036H    0006H
BL51 BANKED LINKER/LOCATER V6.22.2.0                                                  05/16/2022  16:14:03  PAGE 6



?PR?SYS_POWER_UP?SYS_MANAGE                      -----    -----
  +--> ?PR?_DRV_MOTOR_START?DRV_MOTOR
  +--> ?PR?_DRV_LED_SET_MODE_LIGHT?DRV_LED
  +--> ?PR?_DRV_LED_SET_CURRENT_LIGHT?DRV_LED
  +--> ?PR?_DRV_LED_SET_BATTERY_LIGHT?DRV_LED
  +--> ?PR?_START_EVTIMER?DRV_TIMER
  +--> ?PR?_DRV_LED_SET_BAT_LEVEL?DRV_LED
  +--> ?PR?_DRV_LED_SET_BATTERY_CHARGE_LIGHT...
  +--> ?PR?_DRV_LED_SET_CHARGE_ONOFF?DRV_LED
  +--> ?PR?DRV_LED_SET_CURRENT_LIGHT_RESET?D...

?PR?_DRV_LED_SET_CURRENT_LIGHT?DRV_LED           -----    -----
  +--> ?PR?_DRV_SET_LED_B_DUTY?DRV_LED
  +--> ?PR?_DRV_SET_LED_R_DUTY?DRV_LED

?PR?_START_EVTIMER?DRV_TIMER                     0036H    0008H

?PR?_DRV_LED_SET_BATTERY_CHARGE_LIGHT...         -----    -----
  +--> ?CO?DRV_LED

?PR?DRV_LED_SET_CURRENT_LIGHT_RESET?D...         -----    -----
  +--> ?PR?_DRV_SET_LED_B_DUTY?DRV_LED
  +--> ?PR?_DRV_SET_LED_R_DUTY?DRV_LED

?PR?SYS_STOP?SYS_MANAGE                          -----    -----
  +--> ?PR?_DRV_MOTOR_START?DRV_MOTOR
  +--> ?PR?_DRV_LED_SET_MODE_LIGHT?DRV_LED
  +--> ?PR?_DRV_LED_SET_CURRENT_LIGHT?DRV_LED
  +--> ?PR?DRV_LED_SET_MODE_LIGHT_OFF?DRV_LED
  +--> ?PR?DRV_LED_SET_CURRENT_LIGHT_RESET?D...
  +--> ?PR?DRV_LED_SET_BATTERY_LIGHT_OFF?DRV...
  +--> ?PR?_STOP_EVTIMER?DRV_TIMER
  +--> ?PR?_DRV_LED_SET_BATTERY_CHARGE_LIGHT...
  +--> ?PR?_DRV_LED_SET_CHARGE_ONOFF?DRV_LED
  +--> ?PR?_START_EVTIMER?DRV_TIMER

?PR?SYS_RUNING?SYS_MANAGE                        -----    -----
  +--> ?PR?_DRV_LED_SET_MODE_LIGHT?DRV_LED
  +--> ?PR?_DRV_MOTOR_CHANGE_MODE_SPEED?DRV_...
  +--> ?PR?_STOP_EVTIMER?DRV_TIMER
  +--> ?PR?_DRV_LED_SET_BATTERY_CHARGE_LIGHT...
  +--> ?PR?_DRV_LED_SET_CHARGE_ONOFF?DRV_LED
  +--> ?PR?DRV_LED_SET_CURRENT_LIGHT_RESET?D...
  +--> ?PR?_START_EVTIMER?DRV_TIMER
  +--> ?PR?_DRV_LED_SET_CURRENT_LIGHT?DRV_LED
  +--> ?PR?DRV_MOTOR_STOP?DRV_MOTOR
  +--> ?PR?DRV_LED_SET_MODE_LIGHT_OFF?DRV_LED
  +--> ?PR?_DRV_LED_SET_BATTERY_LIGHT?DRV_LED

?PR?SYS_CHARGE?SYS_MANAGE                        -----    -----
  +--> ?PR?DRV_LED_SET_MODE_LIGHT_OFF?DRV_LED
  +--> ?PR?_DRV_LED_SET_CHARGE_ONOFF?DRV_LED
  +--> ?PR?DRV_LED_SET_BATTERY_LIGHT_OFF?DRV...
  +--> ?PR?DRV_LED_SET_CURRENT_LIGHT_RESET?D...
  +--> ?PR?_STOP_EVTIMER?DRV_TIMER
  +--> ?PR?_DRV_LED_SET_BATTERY_CHARGE_LIGHT...
BL51 BANKED LINKER/LOCATER V6.22.2.0                                                  05/16/2022  16:14:03  PAGE 7


  +--> ?PR?_START_EVTIMER?DRV_TIMER
  +--> ?PR?_DRV_LED_SET_BAT_LEVEL?DRV_LED
  +--> ?PR?_DRV_LED_SET_CURRENT_LIGHT?DRV_LED
  +--> ?PR?_DRV_MOTOR_START?DRV_MOTOR
  +--> ?PR?_DRV_LED_SET_MODE_LIGHT?DRV_LED

?PR?SYS_CHARGE_FULL?SYS_MANAGE                   -----    -----
  +--> ?PR?DRV_LED_SET_BATTERY_LIGHT_OFF?DRV...
  +--> ?PR?DRV_LED_SET_CURRENT_LIGHT_RESET?D...
  +--> ?PR?_DRV_LED_SET_CURRENT_LIGHT?DRV_LED
  +--> ?PR?_DRV_LED_SET_BATTERY_LIGHT?DRV_LED
  +--> ?PR?_START_EVTIMER?DRV_TIMER
  +--> ?PR?_DRV_MOTOR_START?DRV_MOTOR
  +--> ?PR?_DRV_LED_SET_MODE_LIGHT?DRV_LED
  +--> ?PR?_DRV_LED_SET_BAT_LEVEL?DRV_LED
  +--> ?PR?DRV_LED_SET_MODE_LIGHT_OFF?DRV_LED
  +--> ?PR?_DRV_LED_SET_CHARGE_ONOFF?DRV_LED
  +--> ?PR?_STOP_EVTIMER?DRV_TIMER

?PR?SYS_POWER_NONE?SYS_MANAGE                    -----    -----
  +--> ?PR?DRV_LED_SET_BATTERY_LIGHT_OFF?DRV...
  +--> ?PR?_DRV_LED_SET_BATTERY_LIGHT?DRV_LED
  +--> ?PR?_START_EVTIMER?DRV_TIMER
  +--> ?PR?_DRV_LED_SET_BATTERY_CHARGE_LIGHT...
  +--> ?PR?_DRV_LED_SET_CHARGE_ONOFF?DRV_LED
  +--> ?PR?DRV_LED_SET_CURRENT_LIGHT_RESET?D...

?PR?SYS_POWERKEY_RELEASE_WAIT?SYS_MANAGE         -----    -----
  +--> ?PR?_DRV_LED_SET_BATTERY_CHARGE_LIGHT...
  +--> ?PR?_DRV_LED_SET_CHARGE_ONOFF?DRV_LED
  +--> ?PR?DRV_LED_SET_CURRENT_LIGHT_RESET?D...
  +--> ?PR?_START_EVTIMER?DRV_TIMER

?PR?SYS_ERROR?SYS_MANAGE                         -----    -----
  +--> ?PR?DRV_LED_SET_BATTERY_LIGHT_OFF?DRV...
  +--> ?PR?_DRV_LED_SET_BATTERY_LIGHT?DRV_LED
  +--> ?PR?_DRV_LED_SET_BATTERY_CHARGE_LIGHT...
  +--> ?PR?_DRV_LED_SET_CHARGE_ONOFF?DRV_LED
  +--> ?PR?DRV_LED_SET_CURRENT_LIGHT_RESET?D...
  +--> ?PR?_START_EVTIMER?DRV_TIMER

?PR?SYS_TEST?SYS_MANAGE                          -----    -----
  +--> ?PR?DRV_MOTOR_STOP?DRV_MOTOR
  +--> ?PR?DRV_LED_SET_CURRENT_LIGHT_RESET?D...
  +--> ?PR?_DRV_MOTOR_START?DRV_MOTOR
  +--> ?PR?_DRV_LED_SET_MODE_LIGHT?DRV_LED
  +--> ?PR?_DRV_LED_SET_CURRENT_LIGHT?DRV_LED
  +--> ?PR?_START_EVTIMER?DRV_TIMER
  +--> ?PR?DRV_LED_SET_MODE_LIGHT_OFF?DRV_LED
  +--> ?PR?DRV_LED_SET_BATTERY_LIGHT_OFF?DRV...

?PR?COMMON_EV_PROCESS?SYS_MANAGE                 -----    -----
  +--> ?PR?_DRV_LED_SET_BAT_LEVEL?DRV_LED
  +--> ?PR?_DRV_LED_SET_BATTERY_LIGHT?DRV_LED
  +--> ?PR?DRV_MOTOR_STOP?DRV_MOTOR
  +--> ?PR?_START_EVTIMER?DRV_TIMER
  +--> ?PR?_DRV_MOTOR_CHANGE_FLOW_TIME?DRV_M...
BL51 BANKED LINKER/LOCATER V6.22.2.0                                                  05/16/2022  16:14:03  PAGE 8


  +--> ?PR?_DRV_MOTOR_CHANGE_DIRECT_SPEED?DR...
  +--> ?PR?DRV_LED_SET_MODE_LIGHT_OFF?DRV_LED
  +--> ?PR?DRV_LED_SET_CURRENT_LIGHT_RESET?D...
  +--> ?PR?DRV_LED_SET_BATTERY_LIGHT_OFF?DRV...

?PR?_DRV_MOTOR_CHANGE_FLOW_TIME?DRV_M...         0036H    0002H

*** NEW ROOT ***************************************************

?PR?INT_USI_RX?DRV_UART                          003EH    0001H



SYMBOL TABLE OF MODULE:  .\out\FLOW-GUN-V03 (DRV_BATTERY)

  VALUE           TYPE          NAME
  ----------------------------------

  -------         MODULE        DRV_BATTERY
  C:0000H         SYMBOL        _ICE_DUMMY_
  C:0616H         PUBLIC        drv_battery
  D:0053H         PUBLIC        drv_battery_tick
  C:07AEH         PUBLIC        _ReadBatteryLevel
  X:0079H         PUBLIC        BatteryCtrl
  -------         PROC          _READBATTERYLEVEL
  D:0038H         SYMBOL        charge
  -------         DO            
  D:0039H         SYMBOL        battery_level
  D:0006H         SYMBOL        battery_adc
  -------         ENDDO         
  C:07AEH         LINE#         31
  C:07B0H         LINE#         37
  C:07B3H         LINE#         39
  C:07B7H         LINE#         40
  C:07C0H         LINE#         41
  C:07C0H         LINE#         42
  C:07CBH         LINE#         43
  C:07CBH         LINE#         45
  C:07D6H         LINE#         46
  C:07D6H         LINE#         48
  C:07E1H         LINE#         49
  C:07E1H         LINE#         51
  C:07ECH         LINE#         52
  C:07ECH         LINE#         54
  C:07F7H         LINE#         55
  C:07F7H         LINE#         56
  C:0802H         LINE#         57
  C:0802H         LINE#         58
  C:0804H         LINE#         63
  C:0804H         LINE#         65
  C:080DH         LINE#         66
  C:0810H         LINE#         67
  C:081BH         LINE#         68
  C:081EH         LINE#         69
  C:0829H         LINE#         70
  C:082CH         LINE#         71
  C:0837H         LINE#         72
BL51 BANKED LINKER/LOCATER V6.22.2.0                                                  05/16/2022  16:14:03  PAGE 9


  C:083AH         LINE#         73
  C:0845H         LINE#         74
  C:0848H         LINE#         75
  C:0853H         LINE#         76
  C:0856H         LINE#         77
  C:0861H         LINE#         78
  C:0864H         LINE#         79
  C:0866H         LINE#         80
  C:0869H         LINE#         81
  C:0869H         LINE#         82
  C:0869H         LINE#         84
  C:086BH         LINE#         85
  -------         ENDPROC       _READBATTERYLEVEL
  -------         PROC          DRV_BATTERY
  -------         DO            
  D:0036H         SYMBOL        level
  D:0037H         SYMBOL        chargeing
  -------         ENDDO         
  C:0616H         LINE#         101
  C:0616H         LINE#         105
  C:0624H         LINE#         106
  C:0627H         LINE#         107
  C:0638H         LINE#         108
  C:0638H         LINE#         109
  C:063DH         LINE#         110
  C:0646H         LINE#         111
  C:064CH         LINE#         112
  C:064DH         LINE#         113
  C:064DH         LINE#         115
  C:0654H         LINE#         116
  C:065CH         LINE#         117
  C:065FH         LINE#         118
  C:0662H         LINE#         119
  C:0663H         LINE#         121
  C:0663H         LINE#         122
  C:0669H         LINE#         123
  C:0673H         LINE#         124
  C:067DH         LINE#         125
  C:0683H         LINE#         126
  C:0689H         LINE#         127
  C:0689H         LINE#         128
  C:0689H         LINE#         130
  C:068AH         LINE#         131
  C:068AH         LINE#         132
  C:068FH         LINE#         133
  C:0694H         LINE#         134
  C:0698H         LINE#         135
  C:06A3H         LINE#         136
  C:06A7H         LINE#         137
  C:06B1H         LINE#         138
  C:06B1H         LINE#         139
  C:06B1H         LINE#         140
  C:06B3H         LINE#         144
  C:06B3H         LINE#         145
  C:06B3H         LINE#         146
  C:06B5H         LINE#         148
  C:06B5H         LINE#         149
BL51 BANKED LINKER/LOCATER V6.22.2.0                                                  05/16/2022  16:14:03  PAGE 10


  C:06C0H         LINE#         150
  C:06C4H         LINE#         151
  C:06CDH         LINE#         152
  C:06D3H         LINE#         153
  C:06DBH         LINE#         154
  C:06DBH         LINE#         155
  C:06DBH         LINE#         156
  C:06DBH         LINE#         157
  C:06DDH         LINE#         158
  C:06E2H         LINE#         159
  C:06E2H         LINE#         160
  C:06E2H         LINE#         161
  C:06E2H         LINE#         162
  C:06E2H         LINE#         163
  C:06E2H         LINE#         164
  C:06E2H         LINE#         165
  -------         ENDPROC       DRV_BATTERY
  -------         ENDMOD        DRV_BATTERY

  -------         MODULE        DRV_LED
  C:0000H         SYMBOL        _ICE_DUMMY_
  C:1937H         PUBLIC        _drv_set_led_b_duty
  C:18CAH         PUBLIC        drv_led_set_current_light_reset
  C:1824H         PUBLIC        drv_led_ini
  C:195BH         PUBLIC        drv_led_set_battery_light_off
  C:197CH         PUBLIC        _drv_set_led_r_duty
  C:18A4H         PUBLIC        _drv_led_set_mode_light
  X:0072H         PUBLIC        breath_dir
  X:0073H         PUBLIC        breath_duty
  C:16B1H         PUBLIC        charge_light_on_l1
  C:16B9H         PUBLIC        charge_light_on_l2
  C:16C1H         PUBLIC        charge_light_on_l3
  C:1991H         PUBLIC        _drv_led_set_bat_level
  D:00CBH         PUBLIC        T3ADRH
  C:16C9H         PUBLIC        charge_light_on_l4
  D:00CDH         PUBLIC        T3BDRH
  C:16D1H         PUBLIC        charge_light_on_l5
  D:00CAH         PUBLIC        T3ADRL
  D:00CCH         PUBLIC        T3BDRL
  B:0080H.1       PUBLIC        P01
  B:0090H.0       PUBLIC        P20
  B:0098H.0       PUBLIC        P30
  B:0090H.1       PUBLIC        P21
  B:0088H.2       PUBLIC        P12
  B:0080H.3       PUBLIC        P03
  C:1952H         PUBLIC        drv_led_set_mode_light_off
  B:0098H.1       PUBLIC        P31
  B:0088H.3       PUBLIC        P13
  B:0080H.4       PUBLIC        P04
  C:1389H         PUBLIC        breath_duty_cal
  B:0080H.5       PUBLIC        P05
  X:0075H         PUBLIC        led
  C:1331H         PUBLIC        _drv_led_set_battery_charge_light
  C:14B2H         PUBLIC        drv_led_write_battery
  C:16A9H         PUBLIC        charge_light_on_low
  C:1997H         PUBLIC        _drv_led_set_charge_onoff
  D:0051H         PUBLIC        led_req
BL51 BANKED LINKER/LOCATER V6.22.2.0                                                  05/16/2022  16:14:03  PAGE 11


  C:0F89H         PUBLIC        drv_led
  X:0077H         PUBLIC        drv_led_state
  C:11B0H         PUBLIC        _drv_led_set_battery_light
  D:0052H         PUBLIC        drv_led_tick
  C:15A3H         PUBLIC        _drv_led_set_current_light
  X:0078H         PUBLIC        drv_led_bat_level
  C:1709H         PUBLIC        drv_led_write_mode
  -------         PROC          _DRV_LED_SET_MODE_LIGHT
  D:0007H         SYMBOL        mode
  C:18A4H         LINE#         42
  C:18A4H         LINE#         45
  C:18B3H         LINE#         46
  C:18B6H         LINE#         47
  -------         ENDPROC       _DRV_LED_SET_MODE_LIGHT
  -------         PROC          DRV_LED_SET_MODE_LIGHT_OFF
  C:1952H         LINE#         60
  C:1952H         LINE#         62
  C:1957H         LINE#         63
  C:195AH         LINE#         65
  -------         ENDPROC       DRV_LED_SET_MODE_LIGHT_OFF
  -------         PROC          _DRV_LED_SET_BATTERY_LIGHT
  D:0007H         SYMBOL        bat_level
  C:11B0H         LINE#         76
  C:11B0H         LINE#         78
  C:11DAH         LINE#         79
  C:11DAH         LINE#         80
  C:11E0H         LINE#         81
  C:11E2H         LINE#         82
  C:11E2H         LINE#         83
  C:11E8H         LINE#         84
  C:11EAH         LINE#         85
  C:11EAH         LINE#         86
  C:11F0H         LINE#         87
  C:11F2H         LINE#         88
  C:11F2H         LINE#         89
  C:11F8H         LINE#         90
  C:11FAH         LINE#         91
  C:11FAH         LINE#         92
  C:1200H         LINE#         93
  C:1202H         LINE#         94
  C:1202H         LINE#         95
  C:1208H         LINE#         96
  C:120AH         LINE#         97
  C:120AH         LINE#         98
  C:1210H         LINE#         99
  C:1210H         LINE#         100
  C:1210H         LINE#         101
  C:1210H         LINE#         102
  C:1210H         LINE#         103
  C:1213H         LINE#         104
  -------         ENDPROC       _DRV_LED_SET_BATTERY_LIGHT
  -------         PROC          _DRV_LED_SET_BATTERY_CHARGE_LIGHT
  D:0007H         SYMBOL        bat_level
  D:0005H         SYMBOL        fl
  C:1331H         LINE#         115
  C:1331H         LINE#         116
  C:1356H         LINE#         117
BL51 BANKED LINKER/LOCATER V6.22.2.0                                                  05/16/2022  16:14:03  PAGE 12


  C:1356H         LINE#         118
  C:1356H         LINE#         119
  C:135AH         LINE#         120
  C:135CH         LINE#         121
  C:135CH         LINE#         122
  C:1360H         LINE#         123
  C:1362H         LINE#         124
  C:1362H         LINE#         125
  C:1366H         LINE#         126
  C:1368H         LINE#         127
  C:1368H         LINE#         128
  C:136CH         LINE#         129
  C:136EH         LINE#         130
  C:136EH         LINE#         131
  C:1372H         LINE#         132
  C:1374H         LINE#         133
  C:1374H         LINE#         134
  C:137DH         LINE#         135
  C:137FH         LINE#         136
  C:137FH         LINE#         137
  C:1385H         LINE#         138
  C:1385H         LINE#         139
  C:1385H         LINE#         140
  C:1385H         LINE#         141
  C:1385H         LINE#         143
  C:1388H         LINE#         145
  -------         ENDPROC       _DRV_LED_SET_BATTERY_CHARGE_LIGHT
  -------         PROC          DRV_LED_SET_BATTERY_LIGHT_OFF
  C:195BH         LINE#         158
  C:195BH         LINE#         160
  C:1960H         LINE#         161
  C:1963H         LINE#         162
  -------         ENDPROC       DRV_LED_SET_BATTERY_LIGHT_OFF
  -------         PROC          _DRV_SET_LED_R_DUTY
  D:0006H         SYMBOL        duty
  C:197CH         LINE#         174
  C:197CH         LINE#         175
  C:197CH         LINE#         176
  C:197FH         LINE#         177
  C:1982H         LINE#         179
  -------         ENDPROC       _DRV_SET_LED_R_DUTY
  -------         PROC          L?0094
  -------         ENDPROC       L?0094
  -------         PROC          _DRV_SET_LED_B_DUTY
  D:0006H         SYMBOL        duty
  C:1937H         LINE#         190
  C:1937H         LINE#         191
  C:1937H         LINE#         192
  C:193AH         LINE#         193
  C:193DH         LINE#         195
  -------         ENDPROC       _DRV_SET_LED_B_DUTY
  -------         PROC          _DRV_LED_SET_CURRENT_LIGHT
  D:0007H         SYMBOL        current
  C:15A3H         LINE#         207
  C:15A3H         LINE#         208
  C:15B4H         LINE#         209
  C:15B4H         LINE#         210
BL51 BANKED LINKER/LOCATER V6.22.2.0                                                  05/16/2022  16:14:03  PAGE 13


  C:15BBH         LINE#         211
  C:15BEH         LINE#         212
  C:15C0H         LINE#         213
  C:15C0H         LINE#         217
  C:15C0H         LINE#         218
  C:15C7H         LINE#         219
  C:15C7H         LINE#         220
  C:15C9H         LINE#         221
  C:15C9H         LINE#         225
  C:15C9H         LINE#         226
  C:15CCH         LINE#         227
  C:15D3H         LINE#         228
  C:15D3H         LINE#         229
  C:15D3H         LINE#         230
  C:15D3H         LINE#         231
  C:15D3H         LINE#         232
  C:15D8H         LINE#         233
  -------         ENDPROC       _DRV_LED_SET_CURRENT_LIGHT
  -------         PROC          DRV_LED_SET_CURRENT_LIGHT_RESET
  C:18CAH         LINE#         245
  C:18CAH         LINE#         246
  C:18D1H         LINE#         247
  C:18D6H         LINE#         248
  C:18D9H         LINE#         249
  -------         ENDPROC       DRV_LED_SET_CURRENT_LIGHT_RESET
  -------         PROC          DRV_LED_WRITE_MODE
  C:1709H         LINE#         262
  C:1709H         LINE#         263
  C:1715H         LINE#         264
  C:1717H         LINE#         265
  C:171FH         LINE#         266
  C:1721H         LINE#         267
  C:1729H         LINE#         268
  C:172BH         LINE#         269
  C:1732H         LINE#         270
  C:1734H         LINE#         274
  -------         ENDPROC       DRV_LED_WRITE_MODE
  -------         PROC          DRV_LED_WRITE_BATTERY
  C:14B2H         LINE#         285
  C:14B2H         LINE#         287
  C:14BEH         LINE#         288
  C:14C0H         LINE#         290
  C:14C8H         LINE#         291
  C:14CAH         LINE#         293
  C:14D2H         LINE#         294
  C:14D4H         LINE#         296
  C:14DCH         LINE#         297
  C:14DEH         LINE#         300
  C:14E6H         LINE#         301
  C:14E8H         LINE#         303
  C:14EFH         LINE#         304
  C:14F1H         LINE#         306
  -------         ENDPROC       DRV_LED_WRITE_BATTERY
  -------         PROC          BREATH_DUTY_CAL
  C:1389H         LINE#         317
  C:1389H         LINE#         318
  C:138FH         LINE#         319
BL51 BANKED LINKER/LOCATER V6.22.2.0                                                  05/16/2022  16:14:03  PAGE 14


  C:139DH         LINE#         320
  C:13AAH         LINE#         321
  C:13AFH         LINE#         322
  C:13AFH         LINE#         323
  C:13B0H         LINE#         324
  C:13BFH         LINE#         325
  C:13CBH         LINE#         326
  C:13CCH         LINE#         327
  C:13D3H         LINE#         328
  C:13D8H         LINE#         329
  C:13D8H         LINE#         330
  C:13D8H         LINE#         331
  -------         ENDPROC       BREATH_DUTY_CAL
  -------         PROC          DRV_LED
  C:0F89H         LINE#         342
  C:0F89H         LINE#         344
  C:0F94H         LINE#         345
  C:0F97H         LINE#         348
  C:0F9FH         LINE#         349
  C:0F9FH         LINE#         350
  C:0FA2H         LINE#         351
  C:0FB2H         LINE#         352
  C:0FB5H         LINE#         353
  C:0FB5H         LINE#         354
  C:0FCAH         LINE#         355
  C:0FCDH         LINE#         356
  C:0FD5H         LINE#         357
  C:0FD7H         LINE#         358
  C:0FDAH         LINE#         359
  C:0FE0H         LINE#         360
  C:0FE0H         LINE#         361
  C:0FE0H         LINE#         364
  C:0FE4H         LINE#         365
  C:0FEAH         LINE#         366
  C:0FEDH         LINE#         367
  C:0FEDH         LINE#         368
  C:0FF5H         LINE#         369
  C:0FF8H         LINE#         370
  C:0FF8H         LINE#         371
  C:0FFBH         LINE#         372
  C:0FFBH         LINE#         374
  -------         ENDPROC       DRV_LED
  -------         PROC          DRV_LED_INI
  C:1824H         LINE#         388
  C:1824H         LINE#         389
  C:182AH         LINE#         390
  C:182DH         LINE#         392
  C:1832H         LINE#         393
  C:1834H         LINE#         394
  C:1837H         LINE#         395
  C:183AH         LINE#         396
  C:183FH         LINE#         398
  -------         ENDPROC       DRV_LED_INI
  -------         PROC          _DRV_LED_SET_BAT_LEVEL
  D:0007H         SYMBOL        level
  C:1991H         LINE#         410
  C:1991H         LINE#         412
BL51 BANKED LINKER/LOCATER V6.22.2.0                                                  05/16/2022  16:14:03  PAGE 15


  C:1996H         LINE#         415
  -------         ENDPROC       _DRV_LED_SET_BAT_LEVEL
  -------         PROC          _DRV_LED_SET_CHARGE_ONOFF
  D:0007H         SYMBOL        onoff
  C:1997H         LINE#         428
  C:1997H         LINE#         429
  C:199CH         LINE#         432
  -------         ENDPROC       _DRV_LED_SET_CHARGE_ONOFF
  -------         ENDMOD        DRV_LED

  -------         MODULE        DRV_MOTOR
  C:0000H         SYMBOL        _ICE_DUMMY_
  C:1840H         PUBLIC        _drv_motor_change_direct_speed
  C:17C8H         PUBLIC        drv_motor_stop
  D:00A8H         PUBLIC        IE
  C:146FH         PUBLIC        Motor_Current_Check
  D:00BFH         PUBLIC        T2BDRH
  C:0925H         PUBLIC        _drv_motor_change_mode_speed
  D:00BEH         PUBLIC        T2BDRL
  D:004EH         PUBLIC        motor_FG_pluse
  X:0067H         PUBLIC        motor_ctrl
  C:1645H         PUBLIC        _drv_motor_change_flow_time
  C:1531H         PUBLIC        _runing_current_check
  C:0066H         PUBLIC        drv_motor
  D:00BBH         PUBLIC        T2CRH
  D:0050H         PUBLIC        drv_motor_tick
  C:0A83H         PUBLIC        _drv_motor_start
  -------         PROC          _RUNING_CURRENT_CHECK
  D:0006H         SYMBOL        current
  -------         DO            
  D:0005H         SYMBOL        currrent_level
  -------         ENDDO         
  C:1531H         LINE#         102
  C:1531H         LINE#         104
  C:153AH         LINE#         105
  C:153CH         LINE#         106
  C:1547H         LINE#         107
  C:1549H         LINE#         108
  C:1554H         LINE#         109
  C:1556H         LINE#         110
  C:1561H         LINE#         111
  C:1563H         LINE#         112
  C:1565H         LINE#         113
  C:1567H         LINE#         114
  C:1567H         LINE#         115
  C:1569H         LINE#         117
  -------         ENDPROC       _RUNING_CURRENT_CHECK
  -------         PROC          MOTOR_CURRENT_CHECK
  -------         DO            
  D:0006H         SYMBOL        current_current
  D:0007H         SYMBOL        level
  -------         ENDDO         
  C:146FH         LINE#         130
  C:146FH         LINE#         133
  C:1472H         LINE#         134
  C:1475H         LINE#         135
  C:147CH         LINE#         136
BL51 BANKED LINKER/LOCATER V6.22.2.0                                                  05/16/2022  16:14:03  PAGE 16


  C:1480H         LINE#         137
  C:148AH         LINE#         138
  C:148CH         LINE#         139
  C:1495H         LINE#         140
  C:1498H         LINE#         141
  C:149AH         LINE#         142
  C:14A0H         LINE#         143
  C:14A0H         LINE#         144
  C:14ACH         LINE#         145
  C:14ACH         LINE#         147
  C:14ACH         LINE#         148
  C:14B1H         LINE#         149
  C:14B1H         LINE#         151
  -------         ENDPROC       MOTOR_CURRENT_CHECK
  -------         PROC          DRV_MOTOR
  -------         DO            
  D:0036H         SYMBOL        current_speed
  -------         ENDDO         
  C:0066H         LINE#         162
  C:0066H         LINE#         165
  C:0074H         LINE#         166
  C:0077H         LINE#         168
  C:008FH         LINE#         169
  C:008FH         LINE#         170
  C:0095H         LINE#         171
  C:009FH         LINE#         172
  C:00A1H         LINE#         173
  C:00A7H         LINE#         174
  C:00B1H         LINE#         175
  C:00BBH         LINE#         176
  C:00C1H         LINE#         177
  C:00CBH         LINE#         178
  C:00CDH         LINE#         179
  C:00D4H         LINE#         180
  C:00D4H         LINE#         181
  C:00D6H         LINE#         183
  C:00D6H         LINE#         184
  C:00DBH         LINE#         185
  C:00DBH         LINE#         186
  C:00DBH         LINE#         188
  C:00F0H         LINE#         189
  C:0102H         LINE#         190
  C:0105H         LINE#         191
  C:010FH         LINE#         192
  C:0119H         LINE#         193
  C:011FH         LINE#         194
  C:011FH         LINE#         195
  C:011FH         LINE#         196
  C:0122H         LINE#         197
  C:0122H         LINE#         198
  C:0128H         LINE#         199
  C:0132H         LINE#         200
  C:0134H         LINE#         201
  C:013AH         LINE#         202
  C:0144H         LINE#         203
  C:014EH         LINE#         204
  C:0154H         LINE#         205
BL51 BANKED LINKER/LOCATER V6.22.2.0                                                  05/16/2022  16:14:03  PAGE 17


  C:015EH         LINE#         206
  C:0160H         LINE#         207
  C:0167H         LINE#         208
  C:0167H         LINE#         209
  C:0169H         LINE#         211
  C:0169H         LINE#         212
  C:016EH         LINE#         213
  C:016EH         LINE#         214
  C:016EH         LINE#         217
  C:0184H         LINE#         218
  C:0196H         LINE#         219
  C:0198H         LINE#         220
  C:01A2H         LINE#         221
  C:01ACH         LINE#         222
  C:01B2H         LINE#         223
  C:01B2H         LINE#         224
  C:01B5H         LINE#         225
  C:01B7H         LINE#         226
  C:01B7H         LINE#         227
  C:01BDH         LINE#         228
  C:01C7H         LINE#         230
  C:01C9H         LINE#         231
  C:01CFH         LINE#         232
  C:01D9H         LINE#         234
  C:01E3H         LINE#         235
  C:01E9H         LINE#         236
  C:01F3H         LINE#         237
  C:01F5H         LINE#         238
  C:01FCH         LINE#         239
  C:01FCH         LINE#         240
  C:01FEH         LINE#         242
  C:01FEH         LINE#         243
  C:0203H         LINE#         244
  C:0203H         LINE#         246
  C:0216H         LINE#         247
  C:021FH         LINE#         248
  C:021FH         LINE#         249
  C:0221H         LINE#         250
  C:022BH         LINE#         251
  C:0234H         LINE#         252
  C:0234H         LINE#         253
  C:0234H         LINE#         254
  C:0234H         LINE#         255
  C:0234H         LINE#         256
  C:0234H         LINE#         257
  C:0234H         LINE#         258
  C:023AH         LINE#         260
  C:023DH         LINE#         262
  C:023DH         LINE#         264
  -------         ENDPROC       DRV_MOTOR
  -------         PROC          _DRV_MOTOR_START
  D:0007H         SYMBOL        mode_speed
  C:0A83H         LINE#         276
  C:0A83H         LINE#         278
  C:0A91H         LINE#         279
  C:0A91H         LINE#         281
  C:0A9BH         LINE#         282
BL51 BANKED LINKER/LOCATER V6.22.2.0                                                  05/16/2022  16:14:03  PAGE 18


  C:0AA5H         LINE#         283
  C:0AAAH         LINE#         284
  C:0AAAH         LINE#         285
  C:0AACH         LINE#         286
  C:0AACH         LINE#         288
  C:0AB6H         LINE#         289
  C:0AC0H         LINE#         290
  C:0AC5H         LINE#         291
  C:0AC5H         LINE#         292
  C:0AC7H         LINE#         293
  C:0AC7H         LINE#         295
  C:0AD1H         LINE#         296
  C:0ADBH         LINE#         297
  C:0AE1H         LINE#         298
  C:0AE4H         LINE#         299
  C:0AE6H         LINE#         300
  C:0AE6H         LINE#         301
  C:0AF0H         LINE#         302
  C:0AF8H         LINE#         303
  C:0AFEH         LINE#         304
  C:0B04H         LINE#         305
  C:0B0AH         LINE#         307
  C:0B0AH         LINE#         308
  C:0B0AH         LINE#         309
  C:0B0AH         LINE#         310
  C:0B0AH         LINE#         311
  C:0B16H         LINE#         312
  C:0B19H         LINE#         313
  C:0B24H         LINE#         314
  C:0B28H         LINE#         315
  C:0B2CH         LINE#         317
  -------         ENDPROC       _DRV_MOTOR_START
  -------         PROC          DRV_MOTOR_STOP
  C:17C8H         LINE#         329
  C:17C8H         LINE#         331
  C:17CDH         LINE#         332
  C:17D0H         LINE#         333
  C:17D6H         LINE#         334
  C:17DCH         LINE#         335
  C:17E0H         LINE#         336
  C:17E4H         LINE#         337
  C:17E8H         LINE#         338
  -------         ENDPROC       DRV_MOTOR_STOP
  -------         PROC          _DRV_MOTOR_CHANGE_MODE_SPEED
  D:0007H         SYMBOL        mode_speed
  C:0925H         LINE#         350
  C:0925H         LINE#         352
  C:0936H         LINE#         353
  C:0936H         LINE#         354
  C:093CH         LINE#         355
  C:0946H         LINE#         356
  C:0950H         LINE#         357
  C:0955H         LINE#         358
  C:0955H         LINE#         359
  C:0957H         LINE#         360
  C:0957H         LINE#         361
  C:095DH         LINE#         362
BL51 BANKED LINKER/LOCATER V6.22.2.0                                                  05/16/2022  16:14:03  PAGE 19


  C:0967H         LINE#         363
  C:0971H         LINE#         364
  C:0976H         LINE#         365
  C:0976H         LINE#         366
  C:0978H         LINE#         367
  C:0978H         LINE#         368
  C:097EH         LINE#         369
  C:0988H         LINE#         370
  C:0992H         LINE#         371
  C:0998H         LINE#         372
  C:099EH         LINE#         373
  C:09A0H         LINE#         374
  C:09A0H         LINE#         375
  C:09AAH         LINE#         376
  C:09B2H         LINE#         377
  C:09B8H         LINE#         378
  C:09BEH         LINE#         379
  C:09C4H         LINE#         380
  C:09C4H         LINE#         381
  C:09C4H         LINE#         382
  C:09C4H         LINE#         383
  C:09C4H         LINE#         384
  C:09CFH         LINE#         385
  C:09D3H         LINE#         386
  -------         ENDPROC       _DRV_MOTOR_CHANGE_MODE_SPEED
  -------         PROC          _DRV_MOTOR_CHANGE_DIRECT_SPEED
  D:0006H         SYMBOL        speed
  C:1840H         LINE#         398
  C:1840H         LINE#         399
  C:1848H         LINE#         400
  C:184EH         LINE#         401
  C:185AH         LINE#         403
  -------         ENDPROC       _DRV_MOTOR_CHANGE_DIRECT_SPEED
  -------         PROC          _DRV_MOTOR_CHANGE_FLOW_TIME
  D:0003H         SYMBOL        time
  -------         DO            
  D:0036H         SYMBOL        t2c
  -------         ENDDO         
  C:1645H         LINE#         415
  C:1647H         LINE#         417
  C:165DH         LINE#         418
  C:1668H         LINE#         419
  C:1676H         LINE#         420
  C:1676H         LINE#         421
  -------         ENDPROC       _DRV_MOTOR_CHANGE_FLOW_TIME
  -------         ENDMOD        DRV_MOTOR

  -------         MODULE        MAIN
  C:0000H         SYMBOL        _ICE_DUMMY_
  D:0080H         PUBLIC        P0
  C:18E9H         PUBLIC        INT_Timer0
  D:0088H         PUBLIC        P1
  D:0090H         PUBLIC        P2
  D:0098H         PUBLIC        P3
  D:008DH         PUBLIC        WDTCR
  C:193EH         PUBLIC        WDT_init
  D:0095H         PUBLIC        P1DB
BL51 BANKED LINKER/LOCATER V6.22.2.0                                                  05/16/2022  16:14:03  PAGE 20


  D:00A8H         PUBLIC        IE
  D:0091H         PUBLIC        P0OD
  D:0092H         PUBLIC        P1OD
  C:004EH         PUBLIC        OPAMP_init
  X:505FH         PUBLIC        WDTSR
  D:0093H         PUBLIC        P2OD
  D:0094H         PUBLIC        P3OD
  D:00A1H         PUBLIC        P0IO
  D:0099H         PUBLIC        T0CR
  D:00B1H         PUBLIC        P1IO
  D:009BH         PUBLIC        T0DR
  D:00B9H         PUBLIC        P2IO
  D:00C1H         PUBLIC        P3IO
  X:5056H         PUBLIC        FCCR
  C:198AH         PUBLIC        clock_init
  D:00ACH         PUBLIC        P0PU
  C:13D9H         PUBLIC        main
  D:009DH         PUBLIC        ADCCRH
  D:00BDH         PUBLIC        T2ADRH
  D:00ADH         PUBLIC        P1PU
  D:00CBH         PUBLIC        T3ADRH
  D:00BFH         PUBLIC        T2BDRH
  D:00AEH         PUBLIC        P2PU
  D:00CDH         PUBLIC        T3BDRH
  D:00AFH         PUBLIC        P3PU
  D:00CFH         PUBLIC        T3CDRH
  X:5051H         PUBLIC        FCEARH
  D:009CH         PUBLIC        ADCCRL
  D:00BCH         PUBLIC        T2ADRL
  D:00CAH         PUBLIC        T3ADRL
  D:00BEH         PUBLIC        T2BDRL
  D:008AH         PUBLIC        SCCR
  D:00A6H         PUBLIC        EIPOL1
  D:00CCH         PUBLIC        T3BDRL
  D:00CEH         PUBLIC        T3CDRL
  X:5055H         PUBLIC        FCEARL
  X:5053H         PUBLIC        FCEARM
  X:505EH         PUBLIC        WDTC
  D:00F3H         PUBLIC        P1FSRH
  D:004AH         PUBLIC        systme_tick
  D:00C7H         PUBLIC        T3PDRH
  D:00F5H         PUBLIC        P2FSRH
  X:5050H         PUBLIC        FCSARH
  D:00D9H         PUBLIC        USICR1
  D:00DAH         PUBLIC        USICR2
  D:00F2H         PUBLIC        P1FSRL
  D:00DBH         PUBLIC        USICR3
  D:00C6H         PUBLIC        T3PDRL
  D:00F4H         PUBLIC        P2FSRL
  D:0096H         PUBLIC        P23DB
  X:5054H         PUBLIC        FCSARL
  X:5052H         PUBLIC        FCSARM
  D:00A9H         PUBLIC        IE1
  D:00AAH         PUBLIC        IE2
  C:1910H         PUBLIC        ExINT_init
  C:18F6H         PUBLIC        Timer0_init
  C:188FH         PUBLIC        Timer2_init
BL51 BANKED LINKER/LOCATER V6.22.2.0                                                  05/16/2022  16:14:03  PAGE 21


  C:1807H         PUBLIC        Timer3_init
  C:18B7H         PUBLIC        UART_init
  C:0003H         PUBLIC        port_init
  C:1983H         PUBLIC        ADC_init
  D:00C5H         PUBLIC        T3OUTCRH
  C:18DCH         PUBLIC        INT_Ext11
  D:00BBH         PUBLIC        T2CRH
  D:00C3H         PUBLIC        T3CRH
  X:5057H         PUBLIC        FCDRH
  D:00BAH         PUBLIC        T2CRL
  C:0048H         PUBLIC        INT_USI_Tx
  X:5058H         PUBLIC        FCDRL
  D:00F1H         PUBLIC        P0FSR
  D:00F6H         PUBLIC        P3FSR
  D:00A5H         PUBLIC        EIPOL0H
  D:00EBH         PUBLIC        AMPCR
  D:00A4H         PUBLIC        EIPOL0L
  D:00E3H         PUBLIC        USIBD
  D:00C8H         PUBLIC        OSCCR
  -------         PROC          MAIN
  C:13D9H         LINE#         28
  C:13D9H         LINE#         29
  C:13D9H         LINE#         30
  C:13DCH         LINE#         31
  C:13DFH         LINE#         32
  C:13E2H         LINE#         33
  C:13E5H         LINE#         34
  C:13E8H         LINE#         35
  C:13EBH         LINE#         36
  C:13EEH         LINE#         38
  C:13F1H         LINE#         39
  C:13F4H         LINE#         44
  C:13F7H         LINE#         45
  C:13FAH         LINE#         46
  C:13FDH         LINE#         47
  C:1400H         LINE#         48
  C:1403H         LINE#         49
  C:1406H         LINE#         56
  C:1406H         LINE#         57
  C:1409H         LINE#         58
  C:140CH         LINE#         59
  C:140FH         LINE#         61
  C:1412H         LINE#         62
  C:1415H         LINE#         63
  C:1418H         LINE#         64
  C:141BH         LINE#         65
  C:141EH         LINE#         66
  C:1421H         LINE#         68
  C:1424H         LINE#         70
  -------         ENDPROC       MAIN
  -------         PROC          INT_USI_TX
  C:0048H         LINE#         79
  C:0048H         LINE#         83
  -------         ENDPROC       INT_USI_TX
  -------         PROC          INT_EXT11
  C:18DCH         LINE#         85
  C:18DEH         LINE#         88
BL51 BANKED LINKER/LOCATER V6.22.2.0                                                  05/16/2022  16:14:03  PAGE 22


  C:18E6H         LINE#         89
  -------         ENDPROC       INT_EXT11
  -------         PROC          INT_TIMER0
  C:18E9H         LINE#         91
  C:18E9H         LINE#         96
  C:18EBH         LINE#         97
  C:18EDH         LINE#         98
  C:18EFH         LINE#         99
  C:18F1H         LINE#         100
  C:18F3H         LINE#         101
  C:18F5H         LINE#         102
  -------         ENDPROC       INT_TIMER0
  -------         PROC          ADC_INIT
  C:1983H         LINE#         130
  C:1983H         LINE#         131
  C:1983H         LINE#         133
  C:1986H         LINE#         134
  C:1989H         LINE#         135
  -------         ENDPROC       ADC_INIT
  -------         PROC          EXINT_INIT
  C:1910H         LINE#         145
  C:1910H         LINE#         146
  C:1910H         LINE#         148
  C:1913H         LINE#         149
  C:1915H         LINE#         150
  C:1918H         LINE#         152
  C:191BH         LINE#         153
  -------         ENDPROC       EXINT_INIT
  -------         PROC          OPAMP_INIT
  C:004EH         LINE#         155
  C:004EH         LINE#         156
  C:004EH         LINE#         158
  C:0051H         LINE#         159
  -------         ENDPROC       OPAMP_INIT
  -------         PROC          TIMER0_INIT
  C:18F6H         LINE#         161
  C:18F6H         LINE#         162
  C:18F6H         LINE#         165
  C:18F9H         LINE#         166
  C:18FCH         LINE#         168
  C:18FFH         LINE#         169
  C:1902H         LINE#         170
  -------         ENDPROC       TIMER0_INIT
  -------         PROC          TIMER2_INIT
  C:188FH         LINE#         172
  C:188FH         LINE#         173
  C:188FH         LINE#         177
  C:1892H         LINE#         178
  C:1895H         LINE#         179
  C:1898H         LINE#         180
  C:189BH         LINE#         181
  C:189DH         LINE#         182
  C:18A0H         LINE#         183
  C:18A3H         LINE#         186
  -------         ENDPROC       TIMER2_INIT
  -------         PROC          TIMER3_INIT
  C:1807H         LINE#         188
BL51 BANKED LINKER/LOCATER V6.22.2.0                                                  05/16/2022  16:14:03  PAGE 23


  C:1807H         LINE#         189
  C:1807H         LINE#         193
  C:180AH         LINE#         194
  C:180CH         LINE#         196
  C:180EH         LINE#         197
  C:1810H         LINE#         199
  C:1812H         LINE#         200
  C:1814H         LINE#         203
  C:1817H         LINE#         205
  C:181AH         LINE#         206
  C:181DH         LINE#         210
  C:1820H         LINE#         211
  C:1823H         LINE#         218
  -------         ENDPROC       TIMER3_INIT
  -------         PROC          UART_INIT
  C:18B7H         LINE#         220
  C:18B7H         LINE#         221
  C:18B7H         LINE#         224
  C:18BAH         LINE#         225
  C:18BDH         LINE#         226
  C:18C0H         LINE#         227
  C:18C3H         LINE#         228
  C:18C6H         LINE#         229
  C:18C9H         LINE#         231
  -------         ENDPROC       UART_INIT
  -------         PROC          WDT_INIT
  C:193EH         LINE#         240
  C:193EH         LINE#         241
  C:193EH         LINE#         243
  C:1941H         LINE#         244
  C:1947H         LINE#         245
  -------         ENDPROC       WDT_INIT
  -------         PROC          CLOCK_INIT
  C:198AH         LINE#         247
  C:198AH         LINE#         248
  C:198AH         LINE#         250
  C:198DH         LINE#         251
  C:1990H         LINE#         252
  -------         ENDPROC       CLOCK_INIT
  -------         PROC          PORT_INIT
  C:0003H         LINE#         254
  C:0003H         LINE#         255
  C:0003H         LINE#         282
  C:0006H         LINE#         283
  C:0009H         LINE#         284
  C:000CH         LINE#         285
  C:000FH         LINE#         287
  C:0012H         LINE#         288
  C:0015H         LINE#         289
  C:0018H         LINE#         290
  C:001BH         LINE#         291
  C:001EH         LINE#         296
  C:0021H         LINE#         298
  C:0024H         LINE#         299
  C:0027H         LINE#         300
  C:002AH         LINE#         301
  C:002DH         LINE#         304
BL51 BANKED LINKER/LOCATER V6.22.2.0                                                  05/16/2022  16:14:03  PAGE 24


  C:0030H         LINE#         305
  C:0033H         LINE#         306
  C:0035H         LINE#         307
  C:0037H         LINE#         311
  C:003AH         LINE#         312
  C:003DH         LINE#         313
  C:003FH         LINE#         314
  C:0041H         LINE#         315
  C:0044H         LINE#         316
  C:0047H         LINE#         319
  -------         ENDPROC       PORT_INIT
  -------         ENDMOD        MAIN

  -------         MODULE        ?C_STARTUP
  C:185BH         SEGMENT       ?C_C51STARTUP
  I:005DH         SEGMENT       ?STACK
  C:0000H         PUBLIC        ?C_STARTUP
  D:00E0H         SYMBOL        ACC
  D:00F0H         SYMBOL        B
  D:0083H         SYMBOL        DPH
  D:0082H         SYMBOL        DPL
  N:0000H         SYMBOL        IBPSTACK
  N:0100H         SYMBOL        IBPSTACKTOP
  N:0100H         SYMBOL        IDATALEN
  C:185EH         SYMBOL        IDATALOOP
  N:0000H         SYMBOL        PBPSTACK
  N:0000H         SYMBOL        PBPSTACKTOP
  N:0000H         SYMBOL        PDATALEN
  N:0000H         SYMBOL        PDATASTART
  N:0000H         SYMBOL        PPAGE
  N:0000H         SYMBOL        PPAGEENABLE
  D:00A0H         SYMBOL        PPAGE_SFR
  D:0081H         SYMBOL        SP
  C:185BH         SYMBOL        STARTUP1
  N:0000H         SYMBOL        XBPSTACK
  N:0000H         SYMBOL        XBPSTACKTOP
  N:0100H         SYMBOL        XDATALEN
  C:1869H         SYMBOL        XDATALOOP
  N:0000H         SYMBOL        XDATASTART
  C:0000H         LINE#         94
  C:185BH         LINE#         101
  C:185DH         LINE#         102
  C:185EH         LINE#         103
  C:185FH         LINE#         104
  C:1861H         LINE#         108
  C:1864H         LINE#         109
  C:1866H         LINE#         113
  C:1868H         LINE#         115
  C:1869H         LINE#         116
  C:186AH         LINE#         117
  C:186BH         LINE#         118
  C:186DH         LINE#         119
  C:186FH         LINE#         153
  C:1872H         LINE#         157
  -------         ENDMOD        ?C_STARTUP

  -------         MODULE        DRV_UART
BL51 BANKED LINKER/LOCATER V6.22.2.0                                                  05/16/2022  16:14:03  PAGE 25


  C:0000H         SYMBOL        _ICE_DUMMY_
  X:0000H         PUBLIC        ComRxCtrl
  X:000FH         PUBLIC        ComTxCtrl
  D:00E5H         PUBLIC        USIDR
  C:17E9H         PUBLIC        _SendAckFrame
  C:1677H         PUBLIC        _drv_uart_get
  C:1948H         PUBLIC        drv_uart_ini
  X:001BH         PUBLIC        commState
  X:001CH         PUBLIC        usart_fifo
  C:10DBH         PUBLIC        drv_uart_tx
  C:191CH         PUBLIC        IsTxComplete
  D:00E1H         PUBLIC        USIST1
  C:1964H         PUBLIC        _UART_write
  C:0406H         PUBLIC        ReceiveUartFrame
  C:086CH         PUBLIC        drv_comm
  C:1735H         PUBLIC        _SendNoticeFrame
  C:15D9H         PUBLIC        INT_USI_Rx
  -------         PROC          DRV_UART_INI
  C:1948H         LINE#         22
  C:1948H         LINE#         23
  C:194DH         LINE#         24
  C:194FH         LINE#         25
  -------         ENDPROC       DRV_UART_INI
  -------         PROC          _DRV_UART_GET
  D:0001H         SYMBOL        chr
  -------         DO            
  D:0007H         SYMBOL        ret
  -------         ENDDO         
  C:1677H         LINE#         59
  C:1677H         LINE#         60
  C:1679H         LINE#         61
  C:1686H         LINE#         62
  C:1694H         LINE#         63
  C:169AH         LINE#         64
  C:16A4H         LINE#         65
  C:16A6H         LINE#         66
  C:16A6H         LINE#         67
  C:16A8H         LINE#         68
  C:16A8H         LINE#         69
  C:16A8H         LINE#         70
  -------         ENDPROC       _DRV_UART_GET
  -------         PROC          INT_USI_RX
  -------         DO            
  D:003EH         SYMBOL        temp
  -------         ENDDO         
  C:15D9H         LINE#         85
  C:15E1H         LINE#         88
  C:15E4H         LINE#         90
  C:15E4H         LINE#         91
  C:1606H         LINE#         92
  C:1606H         LINE#         94
  -------         ENDPROC       INT_USI_RX
  -------         PROC          DRV_UART_TX
  C:10DBH         LINE#         111
  C:10DBH         LINE#         112
  C:10E6H         LINE#         113
  C:10E6H         LINE#         114
BL51 BANKED LINKER/LOCATER V6.22.2.0                                                  05/16/2022  16:14:03  PAGE 26


  C:10EBH         LINE#         115
  C:10F3H         LINE#         116
  C:1100H         LINE#         117
  C:1106H         LINE#         118
  C:110AH         LINE#         119
  C:1110H         LINE#         120
  C:1110H         LINE#         121
  C:1111H         LINE#         122
  C:1111H         LINE#         123
  C:1119H         LINE#         124
  C:1126H         LINE#         125
  C:1126H         LINE#         127
  C:1136H         LINE#         128
  C:113CH         LINE#         129
  C:1140H         LINE#         130
  C:1141H         LINE#         131
  C:1146H         LINE#         132
  C:1146H         LINE#         133
  C:1146H         LINE#         134
  C:1146H         LINE#         135
  C:1146H         LINE#         136
  C:1146H         LINE#         137
  C:1146H         LINE#         139
  -------         ENDPROC       DRV_UART_TX
  -------         PROC          _SENDACKFRAME
  D:0007H         SYMBOL        cmd
  C:17E9H         LINE#         155
  C:17E9H         LINE#         157
  C:17EFH         LINE#         158
  C:17F3H         LINE#         159
  C:17F6H         LINE#         160
  C:17FAH         LINE#         161
  C:1800H         LINE#         162
  C:1806H         LINE#         163
  -------         ENDPROC       _SENDACKFRAME
  -------         PROC          _SENDNOTICEFRAME
  D:0007H         SYMBOL        pressure
  D:0005H         SYMBOL        temperature
  D:0003H         SYMBOL        battery
  C:1735H         LINE#         178
  C:1735H         LINE#         179
  C:1735H         LINE#         181
  C:173BH         LINE#         182
  C:173FH         LINE#         183
  C:1743H         LINE#         184
  C:1746H         LINE#         185
  C:1749H         LINE#         186
  C:174CH         LINE#         187
  C:1753H         LINE#         188
  C:1759H         LINE#         189
  C:175FH         LINE#         190
  -------         ENDPROC       _SENDNOTICEFRAME
  -------         PROC          ISTXCOMPLETE
  C:191CH         LINE#         206
  C:191CH         LINE#         208
  C:1927H         LINE#         209
  -------         ENDPROC       ISTXCOMPLETE
BL51 BANKED LINKER/LOCATER V6.22.2.0                                                  05/16/2022  16:14:03  PAGE 27


  -------         PROC          _UART_WRITE
  D:0007H         SYMBOL        dat
  C:1964H         LINE#         211
  C:1964H         LINE#         212
  C:1964H         LINE#         213
  C:1969H         LINE#         214
  C:196BH         LINE#         215
  -------         ENDPROC       _UART_WRITE
  -------         PROC          RECEIVEUARTFRAME
  -------         DO            
  D:0036H         SYMBOL        chr
  D:0004H         SYMBOL        retVal
  -------         ENDDO         
  C:0406H         LINE#         230
  C:0406H         LINE#         232
  C:0408H         LINE#         234
  C:0417H         LINE#         235
  C:0417H         LINE#         237
  C:042EH         LINE#         238
  C:042EH         LINE#         239
  C:042EH         LINE#         240
  C:0434H         LINE#         241
  C:0434H         LINE#         243
  C:043CH         LINE#         244
  C:0441H         LINE#         245
  C:0441H         LINE#         246
  C:0441H         LINE#         247
  C:0444H         LINE#         249
  C:0444H         LINE#         250
  C:045CH         LINE#         251
  C:045CH         LINE#         252
  C:0460H         LINE#         253
  C:0460H         LINE#         255
  C:0463H         LINE#         257
  C:0463H         LINE#         259
  C:0473H         LINE#         260
  C:0477H         LINE#         261
  C:047CH         LINE#         262
  C:0482H         LINE#         263
  C:048BH         LINE#         264
  C:0491H         LINE#         265
  C:0491H         LINE#         266
  C:0494H         LINE#         268
  C:0494H         LINE#         269
  C:04A2H         LINE#         270
  C:04A2H         LINE#         272
  C:04AFH         LINE#         273
  C:04B5H         LINE#         274
  C:04BCH         LINE#         275
  C:04C9H         LINE#         276
  C:04C9H         LINE#         277
  C:04C9H         LINE#         278
  C:04C9H         LINE#         280
  C:04CBH         LINE#         282
  C:04CBH         LINE#         283
  C:04D8H         LINE#         284
  C:04D8H         LINE#         285
BL51 BANKED LINKER/LOCATER V6.22.2.0                                                  05/16/2022  16:14:03  PAGE 28


  C:04DEH         LINE#         286
  C:04DEH         LINE#         287
  C:04DEH         LINE#         288
  C:04E7H         LINE#         289
  C:04EAH         LINE#         291
  C:04EAH         LINE#         294
  C:04F1H         LINE#         295
  C:04F1H         LINE#         296
  C:04F6H         LINE#         297
  C:04F8H         LINE#         298
  C:04FAH         LINE#         300
  C:04FAH         LINE#         301
  C:04FFH         LINE#         302
  C:0501H         LINE#         303
  C:0501H         LINE#         304
  C:0501H         LINE#         305
  C:0506H         LINE#         306
  C:050AH         LINE#         307
  C:050DH         LINE#         308
  C:050DH         LINE#         309
  C:050DH         LINE#         311
  C:0528H         LINE#         314
  C:052BH         LINE#         315
  C:052BH         LINE#         317
  C:053DH         LINE#         319
  C:053DH         LINE#         321
  C:0541H         LINE#         322
  C:0543H         LINE#         323
  C:0545H         LINE#         324
  C:0545H         LINE#         325
  C:0545H         LINE#         326
  C:0547H         LINE#         327
  -------         ENDPROC       RECEIVEUARTFRAME
  -------         PROC          DRV_COMM
  C:086CH         LINE#         340
  C:086CH         LINE#         342
  C:0883H         LINE#         343
  C:0883H         LINE#         344
  C:0889H         LINE#         346
  C:0892H         LINE#         347
  C:08A4H         LINE#         348
  C:08AAH         LINE#         349
  C:08AAH         LINE#         351
  C:08B1H         LINE#         353
  C:08B7H         LINE#         354
  C:08F1H         LINE#         357
  C:08F7H         LINE#         358
  C:08F7H         LINE#         360
  C:08F8H         LINE#         362
  C:08F8H         LINE#         364
  C:0900H         LINE#         365
  C:0900H         LINE#         366
  C:0909H         LINE#         367
  C:0909H         LINE#         368
  C:0909H         LINE#         370
  C:0909H         LINE#         371
  C:0909H         LINE#         372
BL51 BANKED LINKER/LOCATER V6.22.2.0                                                  05/16/2022  16:14:03  PAGE 29


  C:090FH         LINE#         373
  C:0912H         LINE#         374
  C:0912H         LINE#         375
  C:0912H         LINE#         376
  C:0914H         LINE#         377
  C:0914H         LINE#         378
  C:091AH         LINE#         379
  C:091DH         LINE#         380
  C:091DH         LINE#         381
  C:091DH         LINE#         382
  C:091FH         LINE#         383
  C:091FH         LINE#         384
  C:0924H         LINE#         385
  C:0924H         LINE#         386
  C:0924H         LINE#         388
  -------         ENDPROC       DRV_COMM
  -------         ENDMOD        DRV_UART

  -------         MODULE        SYS_MESSAGE
  C:0000H         SYMBOL        _ICE_DUMMY_
  C:199DH         PUBLIC        ini_message
  C:1426H         PUBLIC        _get_message
  C:16D9H         PUBLIC        _put_message
  D:0008H         PUBLIC        fetch_msg
  D:0009H         PUBLIC        total_msg
  D:000AH         PUBLIC        message
  -------         PROC          INI_MESSAGE
  C:199DH         LINE#         17
  C:199DH         LINE#         18
  C:19A0H         LINE#         19
  C:19A2H         LINE#         20
  -------         ENDPROC       INI_MESSAGE
  -------         PROC          _PUT_MESSAGE
  D:003AH         SYMBOL        msg
  D:0002H         SYMBOL        info
  -------         DO            
  D:0007H         SYMBOL        sum
  -------         ENDDO         
  C:16D9H         LINE#         31
  C:16DFH         LINE#         33
  C:16EFH         LINE#         34
  C:16F9H         LINE#         35
  C:1706H         LINE#         36
  C:1708H         LINE#         37
  -------         ENDPROC       _PUT_MESSAGE
  -------         PROC          _GET_MESSAGE
  D:0001H         SYMBOL        msg
  D:0039H         SYMBOL        info
  -------         DO            
  D:0007H         SYMBOL        ret
  -------         ENDDO         
  C:1426H         LINE#         49
  C:1426H         LINE#         50
  C:1428H         LINE#         51
  C:1433H         LINE#         53
  C:1440H         LINE#         54
  C:1459H         LINE#         55
BL51 BANKED LINKER/LOCATER V6.22.2.0                                                  05/16/2022  16:14:03  PAGE 30


  C:146AH         LINE#         56
  C:146CH         LINE#         57
  C:146EH         LINE#         58
  C:146EH         LINE#         59
  C:146EH         LINE#         61
  -------         ENDPROC       _GET_MESSAGE
  -------         ENDMOD        SYS_MESSAGE

  -------         MODULE        SYS_MANAGE
  C:0000H         SYMBOL        _ICE_DUMMY_
  C:1147H         PUBLIC        sys_test
  C:1275H         PUBLIC        sys_power_none
  C:1214H         PUBLIC        sys_stop
  C:0B2DH         PUBLIC        common_ev_Process
  D:0028H         PUBLIC        mmi_battery_charge_disposition
  D:0029H         PUBLIC        mmi_charge
  D:002AH         PUBLIC        knock_flash_count
  C:14F2H         PUBLIC        sys_powerkey_release_wait
  D:002BH         PUBLIC        runing_mode
  D:002CH         PUBLIC        mmi_battery_level
  D:002DH         PUBLIC        knock_led_flash
  C:0C68H         PUBLIC        sys_charge
  C:0D98H         PUBLIC        sys_power_up
  B:0088H.7       PUBLIC        P17
  C:0EA1H         PUBLIC        sys_charge_full
  C:0F15H         PUBLIC        sys_process
  D:002EH         PUBLIC        act_info
  D:0030H         PUBLIC        none_power_led_flash
  C:0BCCH         PUBLIC        sys_runing
  D:0031H         PUBLIC        test_time_count
  D:0032H         PUBLIC        act_msg
  D:0033H         PUBLIC        sys_state
  D:0034H         PUBLIC        low_power_led_flash
  C:106CH         PUBLIC        sys_error
  D:0035H         PUBLIC        msg_processed
  -------         PROC          COMMON_EV_PROCESS
  C:0B2DH         LINE#         49
  C:0B2DH         LINE#         51
  C:0B47H         LINE#         55
  C:0B47H         LINE#         57
  C:0B4BH         LINE#         58
  C:0B50H         LINE#         59
  C:0B55H         LINE#         60
  C:0B5BH         LINE#         61
  C:0B5EH         LINE#         62
  C:0B63H         LINE#         63
  C:0B65H         LINE#         64
  C:0B69H         LINE#         65
  C:0B6CH         LINE#         66
  C:0B6FH         LINE#         67
  C:0B74H         LINE#         68
  C:0B7DH         LINE#         69
  C:0B86H         LINE#         70
  C:0B89H         LINE#         71
  C:0B89H         LINE#         72
  C:0B8AH         LINE#         75
  C:0B8AH         LINE#         76
BL51 BANKED LINKER/LOCATER V6.22.2.0                                                  05/16/2022  16:14:03  PAGE 31


  C:0B90H         LINE#         77
  C:0B92H         LINE#         78
  C:0B94H         LINE#         79
  C:0B96H         LINE#         80
  C:0B99H         LINE#         81
  C:0B9EH         LINE#         82
  C:0B9EH         LINE#         83
  C:0BA7H         LINE#         84
  C:0BA7H         LINE#         87
  C:0BA7H         LINE#         88
  C:0BAFH         LINE#         89
  C:0BAFH         LINE#         90
  C:0BAFH         LINE#         91
  C:0BB6H         LINE#         92
  C:0BB9H         LINE#         93
  C:0BBAH         LINE#         100
  C:0BBAH         LINE#         101
  C:0BBCH         LINE#         102
  C:0BBFH         LINE#         103
  C:0BC2H         LINE#         104
  C:0BC5H         LINE#         105
  C:0BC8H         LINE#         106
  C:0BCBH         LINE#         107
  C:0BCBH         LINE#         109
  C:0BCBH         LINE#         110
  C:0BCBH         LINE#         111
  C:0BCBH         LINE#         113
  -------         ENDPROC       COMMON_EV_PROCESS
  -------         PROC          SYS_POWER_UP
  C:0D98H         LINE#         124
  C:0D98H         LINE#         125
  C:0DA9H         LINE#         127
  C:0DA9H         LINE#         128
  C:0DACH         LINE#         129
  C:0DAEH         LINE#         130
  C:0DB2H         LINE#         131
  C:0DB2H         LINE#         132
  C:0DB5H         LINE#         133
  C:0DBAH         LINE#         134
  C:0DBFH         LINE#         135
  C:0DC4H         LINE#         136
  C:0DC9H         LINE#         137
  C:0DCFH         LINE#         138
  C:0DD2H         LINE#         139
  C:0DDAH         LINE#         140
  C:0DDAH         LINE#         144
  C:0DDDH         LINE#         145
  C:0DDEH         LINE#         147
  C:0DDEH         LINE#         148
  C:0DE3H         LINE#         149
  C:0DE6H         LINE#         150
  C:0DEFH         LINE#         151
  C:0DF8H         LINE#         152
  C:0DFBH         LINE#         153
  C:0DFBH         LINE#         155
  C:0DFCH         LINE#         156
  C:0DFCH         LINE#         157
BL51 BANKED LINKER/LOCATER V6.22.2.0                                                  05/16/2022  16:14:03  PAGE 32


  C:0DFFH         LINE#         158
  C:0E03H         LINE#         159
  C:0E08H         LINE#         160
  C:0E08H         LINE#         161
  C:0E08H         LINE#         162
  C:0E0BH         LINE#         163
  C:0E0EH         LINE#         164
  C:0E15H         LINE#         165
  C:0E1AH         LINE#         166
  C:0E1DH         LINE#         167
  C:0E26H         LINE#         168
  C:0E29H         LINE#         169
  C:0E29H         LINE#         171
  C:0E29H         LINE#         172
  C:0E29H         LINE#         173
  C:0E29H         LINE#         174
  -------         ENDPROC       SYS_POWER_UP
  -------         PROC          SYS_STOP
  C:1214H         LINE#         187
  C:1214H         LINE#         190
  C:1226H         LINE#         191
  C:1226H         LINE#         192
  C:1226H         LINE#         193
  C:1229H         LINE#         194
  C:122EH         LINE#         195
  C:1233H         LINE#         196
  C:1238H         LINE#         200
  C:123BH         LINE#         202
  C:123CH         LINE#         204
  C:123CH         LINE#         205
  C:123FH         LINE#         206
  C:1242H         LINE#         207
  C:1245H         LINE#         208
  C:1248H         LINE#         209
  C:124AH         LINE#         210
  C:124DH         LINE#         211
  C:124EH         LINE#         212
  C:124EH         LINE#         213
  C:1251H         LINE#         214
  C:1256H         LINE#         215
  C:1259H         LINE#         216
  C:1260H         LINE#         217
  C:1265H         LINE#         218
  C:1268H         LINE#         219
  C:1271H         LINE#         220
  C:1274H         LINE#         221
  C:1274H         LINE#         222
  C:1274H         LINE#         223
  C:1274H         LINE#         224
  C:1274H         LINE#         225
  -------         ENDPROC       SYS_STOP
  -------         PROC          SYS_RUNING
  C:0BCCH         LINE#         236
  C:0BCCH         LINE#         238
  C:0BE4H         LINE#         239
  C:0BE4H         LINE#         240
  C:0BE7H         LINE#         241
BL51 BANKED LINKER/LOCATER V6.22.2.0                                                  05/16/2022  16:14:03  PAGE 33


  C:0BE9H         LINE#         242
  C:0BF4H         LINE#         243
  C:0BF7H         LINE#         244
  C:0BF7H         LINE#         245
  C:0BFCH         LINE#         246
  C:0C01H         LINE#         247
  C:0C01H         LINE#         248
  C:0C01H         LINE#         249
  C:0C04H         LINE#         250
  C:0C09H         LINE#         251
  C:0C0CH         LINE#         252
  C:0C13H         LINE#         253
  C:0C18H         LINE#         254
  C:0C1BH         LINE#         255
  C:0C24H         LINE#         256
  C:0C27H         LINE#         258
  C:0C27H         LINE#         259
  C:0C2AH         LINE#         260
  C:0C2FH         LINE#         261
  C:0C2FH         LINE#         263
  C:0C2FH         LINE#         264
  C:0C32H         LINE#         265
  C:0C35H         LINE#         266
  C:0C38H         LINE#         267
  C:0C3BH         LINE#         268
  C:0C3EH         LINE#         269
  C:0C43H         LINE#         270
  C:0C48H         LINE#         271
  C:0C51H         LINE#         272
  C:0C54H         LINE#         274
  C:0C55H         LINE#         275
  C:0C55H         LINE#         276
  C:0C58H         LINE#         277
  C:0C5BH         LINE#         278
  C:0C64H         LINE#         279
  C:0C67H         LINE#         282
  C:0C67H         LINE#         285
  C:0C67H         LINE#         286
  C:0C67H         LINE#         287
  C:0C67H         LINE#         289
  -------         ENDPROC       SYS_RUNING
  -------         PROC          SYS_CHARGE
  C:0C68H         LINE#         301
  C:0C68H         LINE#         302
  C:0C7DH         LINE#         303
  C:0C7DH         LINE#         304
  C:0C80H         LINE#         305
  C:0C83H         LINE#         306
  C:0C88H         LINE#         307
  C:0C8BH         LINE#         308
  C:0C8EH         LINE#         309
  C:0C93H         LINE#         310
  C:0C95H         LINE#         311
  C:0C98H         LINE#         312
  C:0C99H         LINE#         315
  C:0C99H         LINE#         316
  C:0C9CH         LINE#         317
BL51 BANKED LINKER/LOCATER V6.22.2.0                                                  05/16/2022  16:14:03  PAGE 34


  C:0C9EH         LINE#         318
  C:0CA9H         LINE#         319
  C:0CACH         LINE#         320
  C:0CACH         LINE#         321
  C:0CB3H         LINE#         322
  C:0CBCH         LINE#         323
  C:0CBCH         LINE#         325
  C:0CBCH         LINE#         326
  C:0CBFH         LINE#         327
  C:0CC3H         LINE#         328
  C:0CC8H         LINE#         329
  C:0CCEH         LINE#         331
  C:0CD3H         LINE#         332
  C:0CD8H         LINE#         333
  C:0CDDH         LINE#         334
  C:0CE6H         LINE#         335
[...]
  C:0F81H         LINE#         652
  C:0F81H         LINE#         653
  C:0F81H         LINE#         654
  C:0F81H         LINE#         656
  C:0F85H         LINE#         657
  C:0F88H         LINE#         658
  C:0F88H         LINE#         660
  -------         ENDPROC       SYS_PROCESS
  -------         ENDMOD        SYS_MANAGE

  -------         MODULE        DRV_KEY
  C:0000H         SYMBOL        _ICE_DUMMY_
  D:0088H         PUBLIC        P1
  D:003FH         PUBLIC        drv_key_tick
  D:0040H         PUBLIC        keyCtrl
  C:0548H         PUBLIC        drv_key
  -------         PROC          DRV_KEY
  C:0548H         LINE#         30
  C:0548H         LINE#         31
  C:0556H         LINE#         32
  C:0559H         LINE#         34
  C:056BH         LINE#         35
  C:056BH         LINE#         36
  C:056EH         LINE#         37
  C:0570H         LINE#         38
  C:0575H         LINE#         39
  C:0578H         LINE#         40
  C:0579H         LINE#         42
  C:0579H         LINE#         44
  C:0582H         LINE#         45
  C:0584H         LINE#         46
  C:0587H         LINE#         47
  C:0587H         LINE#         48
  C:0588H         LINE#         50
  C:0588H         LINE#         51
BL51 BANKED LINKER/LOCATER V6.22.2.0                                                  05/16/2022  16:14:03  PAGE 39


  C:058EH         LINE#         52
  C:0590H         LINE#         53
  C:059BH         LINE#         54
  C:059EH         LINE#         56
  C:05A1H         LINE#         57
  C:05A1H         LINE#         58
  C:05A2H         LINE#         59
  C:05A2H         LINE#         60
  C:05A2H         LINE#         61
  C:05A4H         LINE#         64
  C:05A4H         LINE#         65
  C:05AAH         LINE#         67
  C:05ACH         LINE#         68
  C:05B7H         LINE#         69
  C:05BFH         LINE#         70
  C:05BFH         LINE#         72
  C:05CAH         LINE#         73
  C:05CFH         LINE#         74
  C:05D3H         LINE#         75
  C:05D5H         LINE#         77
  C:05D5H         LINE#         79
  C:05E0H         LINE#         80
  C:05E4H         LINE#         81
  C:05E7H         LINE#         82
  C:05EEH         LINE#         83
  C:05EEH         LINE#         84
  C:05EEH         LINE#         85
  C:05EEH         LINE#         87
  C:05EEH         LINE#         89
  C:05EEH         LINE#         90
  C:05F0H         LINE#         91
  C:05FBH         LINE#         92
  C:05FEH         LINE#         93
  C:0604H         LINE#         94
  C:0608H         LINE#         95
  C:060AH         LINE#         96
  C:0612H         LINE#         98
  C:0612H         LINE#         99
  C:0615H         LINE#         100
  C:0615H         LINE#         102
  C:0615H         LINE#         103
  C:0615H         LINE#         105
  C:0615H         LINE#         106
  C:0615H         LINE#         108
  C:0615H         LINE#         109
  -------         ENDPROC       DRV_KEY
  -------         ENDMOD        DRV_KEY

  -------         MODULE        BLE_COMM
  C:0000H         SYMBOL        _ICE_DUMMY_
  C:0FFCH         PUBLIC        _AppCommandParse
  -------         PROC          _APPCOMMANDPARSE
  D:0036H         SYMBOL        rx_buf
  C:0FFCH         LINE#         21
  C:1002H         LINE#         23
  C:1015H         LINE#         24
  C:1015H         LINE#         25
BL51 BANKED LINKER/LOCATER V6.22.2.0                                                  05/16/2022  16:14:03  PAGE 40


  C:101AH         LINE#         26
  C:101AH         LINE#         27
  C:101AH         LINE#         28
  C:101FH         LINE#         29
  C:1024H         LINE#         30
  C:1026H         LINE#         31
  C:1026H         LINE#         32
  C:102BH         LINE#         33
  C:1030H         LINE#         34
  C:1032H         LINE#         35
  C:1032H         LINE#         36
  C:1037H         LINE#         37
  C:1050H         LINE#         38
  C:1052H         LINE#         39
  C:1052H         LINE#         40
  C:1057H         LINE#         41
  C:106BH         LINE#         42
  C:106BH         LINE#         43
  C:106BH         LINE#         44
  C:106BH         LINE#         45
  C:106BH         LINE#         46
  -------         ENDPROC       _APPCOMMANDPARSE
  -------         ENDMOD        BLE_COMM

  -------         MODULE        DRV_TIMER
  C:0000H         SYMBOL        _ICE_DUMMY_
  C:17A6H         PUBLIC        Init_evTimers
  C:0D03H         PUBLIC        _Start_evTimer
  C:0E2AH         PUBLIC        drv_time
  X:002EH         PUBLIC        ev_timer
  D:0054H         PUBLIC        drv_timer_tick
  C:156AH         PUBLIC        _Stop_evTimer
  -------         PROC          INIT_EVTIMERS
  -------         DO            
  D:0007H         SYMBOL        u8_Index
  -------         ENDDO         
  C:17A6H         LINE#         27
  C:17A6H         LINE#         28
  C:17A6H         LINE#         31
  C:17B2H         LINE#         32
  C:17B2H         LINE#         33
  C:17C4H         LINE#         34
  C:17C7H         LINE#         35
  -------         ENDPROC       INIT_EVTIMERS
  -------         PROC          _START_EVTIMER
  D:0036H         SYMBOL        Time
  D:0005H         SYMBOL        ev
  -------         DO            
  D:0038H         SYMBOL        pTimer
  D:003BH         SYMBOL        pFreeTimer
  D:0007H         SYMBOL        u8_Index
  -------         ENDDO         
  C:0D03H         LINE#         51
  C:0D07H         LINE#         52
  C:0D07H         LINE#         54
  C:0D10H         LINE#         57
  C:0D19H         LINE#         58
BL51 BANKED LINKER/LOCATER V6.22.2.0                                                  05/16/2022  16:14:03  PAGE 41


  C:0D25H         LINE#         59
  C:0D25H         LINE#         60
  C:0D35H         LINE#         61
  C:0D35H         LINE#         63
  C:0D3DH         LINE#         64
  C:0D3DH         LINE#         66
  C:0D43H         LINE#         67
  C:0D43H         LINE#         68
  C:0D45H         LINE#         70
  C:0D45H         LINE#         72
  C:0D54H         LINE#         73
  C:0D54H         LINE#         77
  C:0D5CH         LINE#         78
  C:0D5CH         LINE#         82
  C:0D65H         LINE#         83
  C:0D67H         LINE#         85
  C:0D67H         LINE#         86
  C:0D70H         LINE#         87
  C:0D70H         LINE#         88
  C:0D72H         LINE#         89
  C:0D72H         LINE#         90
  C:0D72H         LINE#         91
  C:0D7DH         LINE#         92
  C:0D80H         LINE#         94
  C:0D91H         LINE#         95
  -------         ENDPROC       _START_EVTIMER
  -------         PROC          _STOP_EVTIMER
  D:0007H         SYMBOL        ev
  -------         DO            
  D:0001H         SYMBOL        pTimer
  D:0006H         SYMBOL        u8_Index
  -------         ENDDO         
  C:156AH         LINE#         112
  C:156AH         LINE#         118
  C:1570H         LINE#         119
  C:157CH         LINE#         120
  C:157CH         LINE#         121
  C:1586H         LINE#         122
  C:1586H         LINE#         124
  C:158FH         LINE#         125
  C:158FH         LINE#         126
  C:1598H         LINE#         127
  C:1598H         LINE#         128
  C:1598H         LINE#         129
  C:159FH         LINE#         130
  C:15A2H         LINE#         135
  -------         ENDPROC       _STOP_EVTIMER
  -------         PROC          DRV_TIME
  -------         DO            
  D:0036H         SYMBOL        pTimer
  D:0039H         SYMBOL        u8_Index
  -------         ENDDO         
  C:0E2AH         LINE#         151
  C:0E2AH         LINE#         156
  C:0E35H         LINE#         157
  C:0E38H         LINE#         159
  C:0E41H         LINE#         160
BL51 BANKED LINKER/LOCATER V6.22.2.0                                                  05/16/2022  16:14:03  PAGE 42


  C:0E4EH         LINE#         161
  C:0E4EH         LINE#         162
  C:0E60H         LINE#         163
  C:0E60H         LINE#         164
  C:0E69H         LINE#         165
  C:0E69H         LINE#         166
  C:0E72H         LINE#         167
  C:0E7FH         LINE#         168
  C:0E81H         LINE#         170
  C:0E81H         LINE#         171
  C:0E91H         LINE#         172
  C:0E91H         LINE#         173
  C:0E91H         LINE#         174
  C:0E9CH         LINE#         175
  C:0EA0H         LINE#         177
  -------         ENDPROC       DRV_TIME
  -------         ENDMOD        DRV_TIMER

  -------         MODULE        UTILES
  C:0000H         SYMBOL        _ICE_DUMMY_
  X:0056H         PUBLIC        callbackQueue
  C:12D6H         PUBLIC        _SendQueueSysRuningParam
  C:160FH         PUBLIC        _SendQueueAppAck
  C:1783H         PUBLIC        PopAckQueue
  C:1875H         PUBLIC        InitialQueue
  X:005BH         PUBLIC        commandQueue
  C:1760H         PUBLIC        PopCommandQueue
  -------         PROC          INITIALQUEUE
  C:1875H         LINE#         20
  C:1875H         LINE#         21
  C:187AH         LINE#         22
  C:187EH         LINE#         23
  C:1882H         LINE#         24
  C:1886H         LINE#         25
  C:188AH         LINE#         26
  C:188EH         LINE#         27
  -------         ENDPROC       INITIALQUEUE
  -------         PROC          _SENDQUEUESYSRUNINGPARAM
  D:0007H         SYMBOL        pressure
  D:0005H         SYMBOL        temperature
  D:0003H         SYMBOL        battery
  C:12D6H         LINE#         42
  C:12D6H         LINE#         43
  C:12D6H         LINE#         45
  C:12E3H         LINE#         46
  C:12E3H         LINE#         47
  C:12E6H         LINE#         48
  C:12FAH         LINE#         49
  C:130AH         LINE#         50
  C:131AH         LINE#         51
  C:1329H         LINE#         52
  C:1329H         LINE#         53
  C:132BH         LINE#         54
  C:132BH         LINE#         55
  C:132EH         LINE#         56
  C:132EH         LINE#         57
  C:1330H         LINE#         58
BL51 BANKED LINKER/LOCATER V6.22.2.0                                                  05/16/2022  16:14:03  PAGE 43


  -------         ENDPROC       _SENDQUEUESYSRUNINGPARAM
  -------         PROC          POPCOMMANDQUEUE
  C:1760H         LINE#         72
  C:1760H         LINE#         73
  C:1760H         LINE#         74
  C:1766H         LINE#         75
  C:1766H         LINE#         76
  C:1768H         LINE#         77
  C:1777H         LINE#         78
  C:1777H         LINE#         79
  C:1779H         LINE#         80
  C:1779H         LINE#         81
  C:177AH         LINE#         83
  C:177AH         LINE#         84
  C:1782H         LINE#         85
  C:1782H         LINE#         87
  -------         ENDPROC       POPCOMMANDQUEUE
  -------         PROC          _SENDQUEUEAPPACK
  D:0007H         SYMBOL        cmd
  C:160FH         LINE#         103
  C:160FH         LINE#         104
  C:160FH         LINE#         105
  C:161CH         LINE#         106
  C:161CH         LINE#         107
  C:161FH         LINE#         109
  C:162EH         LINE#         110
  C:163DH         LINE#         111
  C:163DH         LINE#         112
  C:163FH         LINE#         113
  C:163FH         LINE#         114
  C:1642H         LINE#         115
  C:1642H         LINE#         116
  C:1644H         LINE#         117
  -------         ENDPROC       _SENDQUEUEAPPACK
  -------         PROC          POPACKQUEUE
  C:1783H         LINE#         131
  C:1783H         LINE#         132
  C:1783H         LINE#         133
  C:1789H         LINE#         134
  C:1789H         LINE#         135
  C:178BH         LINE#         136
  C:179AH         LINE#         137
  C:179AH         LINE#         138
  C:179CH         LINE#         139
  C:179CH         LINE#         140
  C:179DH         LINE#         142
  C:179DH         LINE#         143
  C:17A5H         LINE#         144
  C:17A5H         LINE#         146
  -------         ENDPROC       POPACKQUEUE
  -------         ENDMOD        UTILES

  -------         MODULE        DRV_ADC
  C:0000H         SYMBOL        _ICE_DUMMY_
  I:0055H         PUBLIC        adc_battery
  D:009FH         PUBLIC        ADCDRH
  D:009CH         PUBLIC        ADCCRL
BL51 BANKED LINKER/LOCATER V6.22.2.0                                                  05/16/2022  16:14:03  PAGE 44


  D:009EH         PUBLIC        ADCDRL
  I:0057H         PUBLIC        adc_state
  C:1974H         PUBLIC        drv_read_adc_currrent
  I:0058H         PUBLIC        adc_count
  C:196CH         PUBLIC        drv_read_adc_battery
  I:0059H         PUBLIC        adc_motor
  C:06E3H         PUBLIC        drv_adc
  I:005BH         PUBLIC        adc_sum
  C:1903H         PUBLIC        drv_adc_ini
  -------         PROC          DRV_ADC_INI
  C:1903H         LINE#         26
  C:1903H         LINE#         28
  C:1907H         LINE#         29
  C:190CH         LINE#         30
  C:190FH         LINE#         31
  -------         ENDPROC       DRV_ADC_INI
  -------         PROC          DRV_READ_ADC_BATTERY
  C:196CH         LINE#         45
  C:196CH         LINE#         47
  C:1973H         LINE#         49
  -------         ENDPROC       DRV_READ_ADC_BATTERY
  -------         PROC          DRV_READ_ADC_CURRRENT
  C:1974H         LINE#         63
  C:1974H         LINE#         65
  C:197BH         LINE#         67
  -------         ENDPROC       DRV_READ_ADC_CURRRENT
  -------         PROC          DRV_ADC
  -------         DO            
  D:0004H         SYMBOL        adcVal
  -------         ENDDO         
  C:06E3H         LINE#         83
  C:06E3H         LINE#         86
  C:06F3H         LINE#         87
  C:06F3H         LINE#         88
  C:06FBH         LINE#         89
  C:06FEH         LINE#         90
  C:0702H         LINE#         91
  C:0707H         LINE#         92
  C:070BH         LINE#         93
  C:070CH         LINE#         95
  C:070CH         LINE#         96
  C:0714H         LINE#         97
  C:0718H         LINE#         98
  C:071CH         LINE#         99
  C:0725H         LINE#         100
  C:0728H         LINE#         101
  C:0732H         LINE#         102
  C:0748H         LINE#         103
  C:074EH         LINE#         104
  C:0751H         LINE#         105
  C:0759H         LINE#         106
  C:075CH         LINE#         107
  C:075CH         LINE#         108
  C:075CH         LINE#         109
  C:075CH         LINE#         111
  C:075EH         LINE#         113
  C:075EH         LINE#         115
BL51 BANKED LINKER/LOCATER V6.22.2.0                                                  05/16/2022  16:14:03  PAGE 45


  C:0763H         LINE#         116
  C:0767H         LINE#         117
  C:076BH         LINE#         118
  C:0774H         LINE#         119
  C:0777H         LINE#         120
  C:0781H         LINE#         121
  C:0797H         LINE#         122
  C:079CH         LINE#         123
  C:079FH         LINE#         124
  C:07A7H         LINE#         125
  C:07AAH         LINE#         126
  C:07AAH         LINE#         127
  C:07ADH         LINE#         128
  C:07ADH         LINE#         129
  C:07ADH         LINE#         130
  C:07ADH         LINE#         131
  C:07ADH         LINE#         133
  C:07ADH         LINE#         134
  -------         ENDPROC       DRV_ADC
  -------         ENDMOD        DRV_ADC

  -------         MODULE        DRV_CHARGE
  C:0000H         SYMBOL        _ICE_DUMMY_
  D:0088H         PUBLIC        P1
  D:0045H         PUBLIC        chargeCtrl
  D:0049H         PUBLIC        drv_charge_tick
  C:1928H         PUBLIC        ReadChargeState
  C:09D4H         PUBLIC        Drv_Charge
  -------         PROC          READCHARGESTATE
  C:1928H         LINE#         30
  C:1928H         LINE#         31
  C:1933H         LINE#         33
  -------         ENDPROC       READCHARGESTATE
  -------         PROC          DRV_CHARGE
  C:09D4H         LINE#         48
  C:09D4H         LINE#         49
  C:09E2H         LINE#         50
  C:09E4H         LINE#         51
  C:09FCH         LINE#         52
  C:09FCH         LINE#         53
  C:0A01H         LINE#         54
  C:0A07H         LINE#         56
  C:0A07H         LINE#         57
  C:0A09H         LINE#         61
  C:0A09H         LINE#         62
  C:0A0FH         LINE#         63
  C:0A13H         LINE#         64
  C:0A13H         LINE#         65
  C:0A15H         LINE#         66
  C:0A1DH         LINE#         67
  C:0A26H         LINE#         68
  C:0A2BH         LINE#         69
  C:0A32H         LINE#         70
  C:0A35H         LINE#         71
  C:0A35H         LINE#         72
  C:0A35H         LINE#         73
  C:0A36H         LINE#         74
BL51 BANKED LINKER/LOCATER V6.22.2.0                                                  05/16/2022  16:14:03  PAGE 46


  C:0A36H         LINE#         75
  C:0A3CH         LINE#         76
  C:0A40H         LINE#         77
  C:0A43H         LINE#         78
  C:0A43H         LINE#         79
  C:0A44H         LINE#         80
  C:0A44H         LINE#         81
  C:0A4AH         LINE#         82
  C:0A52H         LINE#         83
  C:0A5BH         LINE#         84
  C:0A60H         LINE#         85
  C:0A68H         LINE#         86
  C:0A6BH         LINE#         87
  C:0A6BH         LINE#         88
  C:0A6CH         LINE#         90
  C:0A6CH         LINE#         91
  C:0A71H         LINE#         92
  C:0A71H         LINE#         93
  C:0A71H         LINE#         94
  C:0A73H         LINE#         95
  C:0A73H         LINE#         96
  C:0A7BH         LINE#         97
  C:0A7FH         LINE#         98
  C:0A82H         LINE#         99
  C:0A82H         LINE#         100
  C:0A82H         LINE#         101
  C:0A82H         LINE#         102
  C:0A82H         LINE#         103
  C:0A82H         LINE#         105
  -------         ENDPROC       DRV_CHARGE
  -------         ENDMOD        DRV_CHARGE

  -------         MODULE        ?C?CLDPTR
  C:023EH         PUBLIC        ?C?CLDPTR
  -------         ENDMOD        ?C?CLDPTR

  -------         MODULE        ?C?CLDOPTR
  C:0257H         PUBLIC        ?C?CLDOPTR
  -------         ENDMOD        ?C?CLDOPTR

  -------         MODULE        ?C?CSTPTR
  C:0284H         PUBLIC        ?C?CSTPTR
  -------         ENDMOD        ?C?CSTPTR

  -------         MODULE        ?C?CSTOPTR
  C:0296H         PUBLIC        ?C?CSTOPTR
  -------         ENDMOD        ?C?CSTOPTR

  -------         MODULE        ?C?IMUL
  C:02B8H         PUBLIC        ?C?IMUL
  -------         ENDMOD        ?C?IMUL

  -------         MODULE        ?C?UIDIV
  C:02CAH         PUBLIC        ?C?UIDIV
  -------         ENDMOD        ?C?UIDIV

  -------         MODULE        ?C?ILDOPTR
BL51 BANKED LINKER/LOCATER V6.22.2.0                                                  05/16/2022  16:14:03  PAGE 47


  C:031FH         PUBLIC        ?C?ILDOPTR
  -------         ENDMOD        ?C?ILDOPTR

  -------         MODULE        ?C?IILDOPTR
  C:0357H         PUBLIC        ?C?IILDOPTR
  -------         ENDMOD        ?C?IILDOPTR

  -------         MODULE        ?C?ISTPTR
  C:03A4H         PUBLIC        ?C?ISTPTR
  -------         ENDMOD        ?C?ISTPTR

  -------         MODULE        ?C?ISTOPTR
  C:03C3H         PUBLIC        ?C?ISTOPTR
  -------         ENDMOD        ?C?ISTOPTR

  -------         MODULE        ?C?IILDX
  C:03F0H         PUBLIC        ?C?IILDX
  -------         ENDMOD        ?C?IILDX

*** WARNING L16: UNCALLED SEGMENT, IGNORED FOR OVERLAY PROCESS
    SEGMENT: ?PR?UART_INIT?MAIN

*** WARNING L16: UNCALLED SEGMENT, IGNORED FOR OVERLAY PROCESS
    SEGMENT: ?PR?WDT_INIT?MAIN

*** WARNING L16: UNCALLED SEGMENT, IGNORED FOR OVERLAY PROCESS
    SEGMENT: ?PR?_SENDQUEUESYSRUNINGPARAM?UTILES

Program Size: data=94.0 xdata=135 code=6550
LINK/LOCATE RUN COMPLETE.  3 WARNING(S),  0 ERROR(S)
