BL51 BANKED LINKER/LOCATER V6.22.2.0                                                    05/18/2022  16:22:27  PAGE 1


BL51 BANKED LINKER/LOCATER V6.22.2.0, INVOKED BY:
C:\KEIL_V5\C51\BIN\BL51.EXE .\out\drv_battery.obj, .\out\drv_led.obj, .\out\drv_motor.obj, .\out\main.obj, .\out\startup
>> .obj, .\out\drv_uart.obj, .\out\sys_message.obj, .\out\sys_manage.obj, .\out\drv_key.obj, .\out\ble_comm.obj, .\out\d
>> rv_timer.obj, .\out\utiles.obj, .\out\drv_adc.obj, .\out\drv_charge.obj TO .\out\FLOW-GUN-V06 PRINT (.\lst\FLOW-GUN-V
>> 06.m51) RAMSIZE (256) CODE (0X0000-0X3FFF) XDATA (0X0000-0X01FF)


MEMORY MODEL: SMALL


INPUT MODULES INCLUDED:
  .\out\drv_battery.obj (DRV_BATTERY)
  .\out\drv_led.obj (DRV_LED)
  .\out\drv_motor.obj (DRV_MOTOR)
  .\out\main.obj (MAIN)
  .\out\startup.obj (?C_STARTUP)
  .\out\drv_uart.obj (DRV_UART)
  .\out\sys_message.obj (SYS_MESSAGE)
  .\out\sys_manage.obj (SYS_MANAGE)
  .\out\drv_key.obj (DRV_KEY)
  .\out\ble_comm.obj (BLE_COMM)
  .\out\drv_timer.obj (DRV_TIMER)
  .\out\utiles.obj (UTILES)
  .\out\drv_adc.obj (DRV_ADC)
  .\out\drv_charge.obj (DRV_CHARGE)
  C:\KEIL_V5\C51\LIB\C51S.LIB (?C?CLDPTR)
  C:\KEIL_V5\C51\LIB\C51S.LIB (?C?CLDOPTR)
  C:\KEIL_V5\C51\LIB\C51S.LIB (?C?CSTPTR)
  C:\KEIL_V5\C51\LIB\C51S.LIB (?C?CSTOPTR)
  C:\KEIL_V5\C51\LIB\C51S.LIB (?C?IMUL)
  C:\KEIL_V5\C51\LIB\C51S.LIB (?C?UIDIV)
  C:\KEIL_V5\C51\LIB\C51S.LIB (?C?ILDOPTR)
  C:\KEIL_V5\C51\LIB\C51S.LIB (?C?IILDOPTR)
  C:\KEIL_V5\C51\LIB\C51S.LIB (?C?ISTPTR)
  C:\KEIL_V5\C51\LIB\C51S.LIB (?C?ISTOPTR)
  C:\KEIL_V5\C51\LIB\C51S.LIB (?C?IILDX)


LINK MAP OF MODULE:  .\out\FLOW-GUN-V06 (DRV_BATTERY)


            TYPE    BASE      LENGTH    RELOCATION   SEGMENT NAME
            -----------------------------------------------------

            * * * * * * *   D A T A   M E M O R Y   * * * * * * *
            REG     0000H     0008H     ABSOLUTE     "REG BANK 0"
            DATA    0008H     0020H     UNIT         ?DT?SYS_MESSAGE
            DATA    0028H     000EH     UNIT         ?DT?SYS_MANAGE
            DATA    0036H     0009H     UNIT         _DATA_GROUP_
            DATA    003FH     0006H     UNIT         ?DT?DRV_KEY
            DATA    0045H     0004H     UNIT         ?DT?MAIN
            DATA    0049H     0003H     UNIT         ?DT?DRV_MOTOR
            DATA    004CH     0002H     UNIT         ?DT?DRV_LED
            DATA    004EH     0001H     UNIT         ?DT?DRV_BATTERY
            DATA    004FH     0001H     UNIT         ?DT?DRV_TIMER
            DATA    0050H     0001H     UNIT         ?DT?DRV_CHARGE
            IDATA   0051H     0008H     UNIT         ?ID?DRV_ADC
            IDATA   0059H     0001H     UNIT         ?STACK
BL51 BANKED LINKER/LOCATER V6.22.2.0                                                  05/18/2022  16:22:27  PAGE 2



            * * * * * * *  X D A T A   M E M O R Y  * * * * * * *
            XDATA   0000H     0030H     UNIT         ?XD?DRV_TIMER
            XDATA   0030H     002EH     UNIT         ?XD?DRV_UART
            XDATA   005EH     0011H     UNIT         ?XD?UTILES
            XDATA   006FH     000BH     UNIT         ?XD?DRV_MOTOR
            XDATA   007AH     0007H     UNIT         ?XD?DRV_LED
            XDATA   0081H     0004H     UNIT         ?XD?DRV_CHARGE
            XDATA   0085H     0003H     UNIT         ?XD?DRV_BATTERY
                    0088H     4FC8H                  *** GAP ***
            XDATA   5050H     0001H     ABSOLUTE     
            XDATA   5051H     0001H     ABSOLUTE     
            XDATA   5052H     0001H     ABSOLUTE     
            XDATA   5053H     0001H     ABSOLUTE     
            XDATA   5054H     0001H     ABSOLUTE     
            XDATA   5055H     0001H     ABSOLUTE     
            XDATA   5056H     0001H     ABSOLUTE     
            XDATA   5057H     0001H     ABSOLUTE     
            XDATA   5058H     0001H     ABSOLUTE     
                    5059H     0005H                  *** GAP ***
            XDATA   505EH     0001H     ABSOLUTE     
            XDATA   505FH     0001H     ABSOLUTE     

            * * * * * * *   C O D E   M E M O R Y   * * * * * * *
            CODE    0000H     0003H     ABSOLUTE     
            CODE    0003H     0045H     UNIT         ?PR?PORT_INIT?MAIN
            CODE    0048H     0001H     UNIT         ?PR?INT_USI_TX?MAIN
                    0049H     0002H                  *** GAP ***
            CODE    004BH     0003H     ABSOLUTE     
            CODE    004EH     0004H     UNIT         ?PR?OPAMP_INIT?MAIN
                    0052H     0001H                  *** GAP ***
            CODE    0053H     0003H     ABSOLUTE     
            CODE    0056H     0004H     UNIT         ?PR?SYS_PROCESS_INI?SYS_MANAGE
                    005AH     0001H                  *** GAP ***
            CODE    005BH     0003H     ABSOLUTE     
                    005EH     0005H                  *** GAP ***
            CODE    0063H     0003H     ABSOLUTE     
            CODE    0066H     01D8H     UNIT         ?PR?DRV_MOTOR?DRV_MOTOR
            CODE    023EH     01C8H     UNIT         ?C?LIB_CODE
            CODE    0406H     0142H     UNIT         ?PR?RECEIVEUARTFRAME?DRV_UART
            CODE    0548H     00E0H     UNIT         ?PR?DRV_CHARGE?DRV_CHARGE
            CODE    0628H     00D7H     UNIT         ?PR?DRV_KEY?DRV_KEY
            CODE    06FFH     00CBH     UNIT         ?PR?DRV_ADC?DRV_ADC
            CODE    07CAH     00C9H     UNIT         ?PR?DRV_BATTERY?DRV_BATTERY
            CODE    0893H     00BEH     UNIT         ?PR?_READBATTERYLEVEL?DRV_BATTERY
            CODE    0951H     00B9H     UNIT         ?PR?DRV_COMM?DRV_UART
            CODE    0A0AH     00B6H     UNIT         ?PR?SYS_CHARGE?SYS_MANAGE
            CODE    0AC0H     00AFH     UNIT         ?PR?_DRV_MOTOR_CHANGE_MODE_SPEED?DRV_MOTOR
            CODE    0B6FH     00AAH     UNIT         ?PR?_DRV_MOTOR_START?DRV_MOTOR
            CODE    0C19H     00A4H     UNIT         ?PR?COMMON_EV_PROCESS?SYS_MANAGE
            CODE    0CBDH     009CH     UNIT         ?PR?SYS_RUNING?SYS_MANAGE
            CODE    0D59H     0095H     UNIT         ?PR?_START_EVTIMER?DRV_TIMER
            CODE    0DEEH     0092H     UNIT         ?PR?SYS_POWER_UP?SYS_MANAGE
            CODE    0E80H     0082H     UNIT         ?PR?SYS_CHARGE_FULL?SYS_MANAGE
            CODE    0F02H     0078H     UNIT         ?PR?SYS_POWER_NONE?SYS_MANAGE
            CODE    0F7AH     0077H     UNIT         ?PR?DRV_TIME?DRV_TIMER
            CODE    0FF1H     0074H     UNIT         ?PR?SYS_PROCESS?SYS_MANAGE
BL51 BANKED LINKER/LOCATER V6.22.2.0                                                  05/18/2022  16:22:27  PAGE 3


            CODE    1065H     0073H     UNIT         ?PR?DRV_LED?DRV_LED
            CODE    10D8H     0070H     UNIT         ?PR?_APPCOMMANDPARSE?BLE_COMM
            CODE    1148H     006FH     UNIT         ?PR?SYS_ERROR?SYS_MANAGE
            CODE    11B7H     006CH     UNIT         ?PR?DRV_UART_TX?DRV_UART
            CODE    1223H     0069H     UNIT         ?PR?SYS_TEST?SYS_MANAGE
            CODE    128CH     0064H     UNIT         ?PR?_DRV_LED_SET_BATTERY_LIGHT?DRV_LED
            CODE    12F0H     0061H     UNIT         ?PR?SYS_STOP?SYS_MANAGE
            CODE    1351H     005BH     UNIT         ?PR?_SENDQUEUESYSRUNINGPARAM?UTILES
            CODE    13ACH     0058H     UNIT         ?PR?_DRV_LED_SET_BATTERY_CHARGE_LIGHT?DRV_LED
            CODE    1404H     0056H     UNIT         ?PR?MOTOR_CURRENT_CHECK?DRV_MOTOR
            CODE    145AH     0056H     UNIT         ?PR?MAIN?MAIN
            CODE    14B0H     0050H     UNIT         ?PR?BREATH_DUTY_CAL?DRV_LED
            CODE    1500H     0049H     UNIT         ?PR?_GET_MESSAGE?SYS_MESSAGE
            CODE    1549H     0040H     UNIT         ?PR?DRV_LED_WRITE_BATTERY?DRV_LED
            CODE    1589H     003FH     UNIT         ?PR?SYS_POWERKEY_RELEASE_WAIT?SYS_MANAGE
            CODE    15C8H     0039H     UNIT         ?PR?_RUNING_CURRENT_CHECK?DRV_MOTOR
            CODE    1601H     0039H     UNIT         ?PR?_STOP_EVTIMER?DRV_TIMER
            CODE    163AH     0036H     UNIT         ?PR?INT_USI_RX?DRV_UART
            CODE    1670H     0036H     UNIT         ?PR?_SENDQUEUEAPPACK?UTILES
            CODE    16A6H     0032H     UNIT         ?PR?_DRV_MOTOR_CHANGE_FLOW_TIME?DRV_MOTOR
            CODE    16D8H     0032H     UNIT         ?PR?_DRV_UART_GET?DRV_UART
            CODE    170AH     0031H     UNIT         ?PR?_DRV_LED_SET_CURRENT_LIGHT?DRV_LED
            CODE    173BH     0030H     UNIT         ?CO?DRV_LED
            CODE    176BH     0030H     UNIT         ?PR?_PUT_MESSAGE?SYS_MESSAGE
            CODE    179BH     002CH     UNIT         ?PR?DRV_LED_WRITE_MODE?DRV_LED
            CODE    17C7H     002BH     UNIT         ?PR?_SENDNOTICEFRAME?DRV_UART
            CODE    17F2H     0023H     UNIT         ?PR?POPCOMMANDQUEUE?UTILES
            CODE    1815H     0023H     UNIT         ?PR?POPACKQUEUE?UTILES
            CODE    1838H     0022H     UNIT         ?PR?INIT_EVTIMERS?DRV_TIMER
            CODE    185AH     0021H     UNIT         ?PR?DRV_MOTOR_STOP?DRV_MOTOR
            CODE    187BH     001EH     UNIT         ?PR?DRV_LED_INI?DRV_LED
            CODE    1899H     001EH     UNIT         ?PR?_SENDACKFRAME?DRV_UART
            CODE    18B7H     001DH     UNIT         ?PR?TIMER3_INIT?MAIN
            CODE    18D4H     001BH     UNIT         ?PR?_DRV_MOTOR_CHANGE_DIRECT_SPEED?DRV_MOTOR
            CODE    18EFH     001AH     UNIT         ?C_C51STARTUP
            CODE    1909H     001AH     UNIT         ?PR?INITIALQUEUE?UTILES
            CODE    1923H     0015H     UNIT         ?PR?TIMER2_INIT?MAIN
            CODE    1938H     0013H     UNIT         ?PR?_DRV_LED_SET_MODE_LIGHT?DRV_LED
            CODE    194BH     0013H     UNIT         ?PR?UART_INIT?MAIN
            CODE    195EH     0012H     UNIT         ?PR?DRV_LED_SET_CURRENT_LIGHT_RESET?DRV_LED
            CODE    1970H     000EH     UNIT         ?PR?READCHARGESTATE?DRV_CHARGE
            CODE    197EH     000EH     UNIT         ?PR?DRV_CHARGE_INI?DRV_CHARGE
            CODE    198CH     000DH     UNIT         ?PR?INT_EXT11?MAIN
            CODE    1999H     000DH     UNIT         ?PR?INT_TIMER0?MAIN
            CODE    19A6H     000DH     UNIT         ?PR?TIMER0_INIT?MAIN
            CODE    19B3H     000DH     UNIT         ?PR?DRV_ADC_INI?DRV_ADC
            CODE    19C0H     000CH     UNIT         ?PR?EXINT_INIT?MAIN
            CODE    19CCH     000CH     UNIT         ?PR?ISTXCOMPLETE?DRV_UART
            CODE    19D8H     000AH     UNIT         ?PR?DRV_BATTERY_INI?DRV_BATTERY
            CODE    19E2H     000AH     UNIT         ?PR?_DRV_SET_LED_B_DUTY?DRV_LED
            CODE    19ECH     000AH     UNIT         ?PR?WDT_INIT?MAIN
            CODE    19F6H     000AH     UNIT         ?PR?DRV_UART_INI?DRV_UART
            CODE    1A00H     0009H     UNIT         ?PR?DRV_LED_SET_MODE_LIGHT_OFF?DRV_LED
            CODE    1A09H     0009H     UNIT         ?PR?DRV_LED_SET_BATTERY_LIGHT_OFF?DRV_LED
            CODE    1A12H     0008H     UNIT         ?PR?_UART_WRITE?DRV_UART
            CODE    1A1AH     0008H     UNIT         ?PR?DRV_READ_ADC_BATTERY?DRV_ADC
            CODE    1A22H     0008H     UNIT         ?PR?DRV_READ_ADC_CURRRENT?DRV_ADC
BL51 BANKED LINKER/LOCATER V6.22.2.0                                                  05/18/2022  16:22:27  PAGE 4


            CODE    1A2AH     0007H     UNIT         ?PR?_DRV_SET_LED_R_DUTY?DRV_LED
            CODE    1A31H     0007H     UNIT         ?PR?ADC_INIT?MAIN
            CODE    1A38H     0007H     UNIT         ?PR?CLOCK_INIT?MAIN
            CODE    1A3FH     0006H     UNIT         ?PR?_DRV_LED_SET_BAT_LEVEL?DRV_LED
            CODE    1A45H     0006H     UNIT         ?PR?_DRV_LED_SET_CHARGE_ONOFF?DRV_LED
            CODE    1A4BH     0006H     UNIT         ?PR?INI_MESSAGE?SYS_MESSAGE



OVERLAY MAP OF MODULE:   .\out\FLOW-GUN-V06 (DRV_BATTERY)


SEGMENT                                            DATA_GROUP 
  +--> CALLED SEGMENT                            START    LENGTH
----------------------------------------------------------------
?C_C51STARTUP                                    -----    -----
  +--> ?PR?MAIN?MAIN

?PR?MAIN?MAIN                                    -----    -----
  +--> ?PR?PORT_INIT?MAIN
  +--> ?PR?CLOCK_INIT?MAIN
  +--> ?PR?ADC_INIT?MAIN
  +--> ?PR?EXINT_INIT?MAIN
  +--> ?PR?OPAMP_INIT?MAIN
  +--> ?PR?TIMER0_INIT?MAIN
  +--> ?PR?TIMER2_INIT?MAIN
  +--> ?PR?TIMER3_INIT?MAIN
  +--> ?PR?DRV_ADC_INI?DRV_ADC
  +--> ?PR?DRV_LED_INI?DRV_LED
  +--> ?PR?DRV_CHARGE_INI?DRV_CHARGE
  +--> ?PR?DRV_BATTERY_INI?DRV_BATTERY
  +--> ?PR?DRV_UART_INI?DRV_UART
  +--> ?PR?INI_MESSAGE?SYS_MESSAGE
  +--> ?PR?INIT_EVTIMERS?DRV_TIMER
  +--> ?PR?SYS_PROCESS_INI?SYS_MANAGE
  +--> ?PR?DRV_ADC?DRV_ADC
  +--> ?PR?DRV_COMM?DRV_UART
  +--> ?PR?DRV_UART_TX?DRV_UART
  +--> ?PR?DRV_KEY?DRV_KEY
  +--> ?PR?DRV_LED?DRV_LED
  +--> ?PR?DRV_MOTOR?DRV_MOTOR
  +--> ?PR?DRV_CHARGE?DRV_CHARGE
  +--> ?PR?DRV_BATTERY?DRV_BATTERY
  +--> ?PR?DRV_TIME?DRV_TIMER
  +--> ?PR?SYS_PROCESS?SYS_MANAGE

?PR?DRV_LED_INI?DRV_LED                          -----    -----
  +--> ?PR?_DRV_SET_LED_B_DUTY?DRV_LED
  +--> ?PR?_DRV_SET_LED_R_DUTY?DRV_LED
  +--> ?PR?DRV_LED_WRITE_MODE?DRV_LED
  +--> ?PR?DRV_LED_WRITE_BATTERY?DRV_LED

?PR?DRV_UART_INI?DRV_UART                        -----    -----
  +--> ?PR?INITIALQUEUE?UTILES

?PR?DRV_COMM?DRV_UART                            -----    -----
  +--> ?PR?_SENDACKFRAME?DRV_UART
BL51 BANKED LINKER/LOCATER V6.22.2.0                                                  05/18/2022  16:22:27  PAGE 5


  +--> ?PR?_SENDNOTICEFRAME?DRV_UART
  +--> ?PR?RECEIVEUARTFRAME?DRV_UART
  +--> ?PR?_APPCOMMANDPARSE?BLE_COMM
  +--> ?PR?ISTXCOMPLETE?DRV_UART
  +--> ?PR?POPACKQUEUE?UTILES
  +--> ?PR?POPCOMMANDQUEUE?UTILES

?PR?RECEIVEUARTFRAME?DRV_UART                    0036H    0001H
  +--> ?PR?_DRV_UART_GET?DRV_UART
  +--> ?PR?_UART_WRITE?DRV_UART

?PR?_APPCOMMANDPARSE?BLE_COMM                    0036H    0003H
  +--> ?PR?_SENDQUEUEAPPACK?UTILES
  +--> ?PR?_PUT_MESSAGE?SYS_MESSAGE

?PR?_PUT_MESSAGE?SYS_MESSAGE                     003AH    0001H

?PR?DRV_KEY?DRV_KEY                              -----    -----
  +--> ?PR?_PUT_MESSAGE?SYS_MESSAGE

?PR?DRV_LED?DRV_LED                              -----    -----
  +--> ?PR?BREATH_DUTY_CAL?DRV_LED
  +--> ?PR?_DRV_SET_LED_R_DUTY?DRV_LED
  +--> ?PR?_DRV_SET_LED_B_DUTY?DRV_LED
  +--> ?PR?DRV_LED_WRITE_MODE?DRV_LED
  +--> ?PR?DRV_LED_WRITE_BATTERY?DRV_LED

?PR?DRV_MOTOR?DRV_MOTOR                          0036H    0002H
  +--> ?PR?_PUT_MESSAGE?SYS_MESSAGE
  +--> ?PR?MOTOR_CURRENT_CHECK?DRV_MOTOR

?PR?MOTOR_CURRENT_CHECK?DRV_MOTOR                -----    -----
  +--> ?PR?DRV_READ_ADC_CURRRENT?DRV_ADC
  +--> ?PR?_RUNING_CURRENT_CHECK?DRV_MOTOR
  +--> ?PR?_PUT_MESSAGE?SYS_MESSAGE

?PR?DRV_CHARGE?DRV_CHARGE                        -----    -----
  +--> ?PR?_PUT_MESSAGE?SYS_MESSAGE

?PR?DRV_BATTERY?DRV_BATTERY                      0036H    0002H
  +--> ?PR?_READBATTERYLEVEL?DRV_BATTERY
  +--> ?PR?_PUT_MESSAGE?SYS_MESSAGE
  +--> ?PR?READCHARGESTATE?DRV_CHARGE

?PR?_READBATTERYLEVEL?DRV_BATTERY                0038H    0002H
  +--> ?PR?DRV_READ_ADC_BATTERY?DRV_ADC

?PR?DRV_TIME?DRV_TIMER                           0036H    0004H
  +--> ?PR?_PUT_MESSAGE?SYS_MESSAGE

?PR?SYS_PROCESS?SYS_MANAGE                       -----    -----
  +--> ?PR?_GET_MESSAGE?SYS_MESSAGE
  +--> ?PR?SYS_POWER_UP?SYS_MANAGE
  +--> ?PR?SYS_STOP?SYS_MANAGE
  +--> ?PR?SYS_RUNING?SYS_MANAGE
  +--> ?PR?SYS_CHARGE?SYS_MANAGE
  +--> ?PR?SYS_CHARGE_FULL?SYS_MANAGE
BL51 BANKED LINKER/LOCATER V6.22.2.0                                                  05/18/2022  16:22:27  PAGE 6


  +--> ?PR?SYS_POWER_NONE?SYS_MANAGE
  +--> ?PR?SYS_POWERKEY_RELEASE_WAIT?SYS_MANAGE
  +--> ?PR?SYS_ERROR?SYS_MANAGE
  +--> ?PR?SYS_TEST?SYS_MANAGE
  +--> ?PR?COMMON_EV_PROCESS?SYS_MANAGE

?PR?_GET_MESSAGE?SYS_MESSAGE                     0036H    0006H

?PR?SYS_POWER_UP?SYS_MANAGE                      -----    -----
  +--> ?PR?_DRV_MOTOR_START?DRV_MOTOR
  +--> ?PR?_DRV_LED_SET_MODE_LIGHT?DRV_LED
  +--> ?PR?_DRV_LED_SET_CURRENT_LIGHT?DRV_LED
  +--> ?PR?_DRV_LED_SET_BATTERY_LIGHT?DRV_LED
  +--> ?PR?_START_EVTIMER?DRV_TIMER
  +--> ?PR?_DRV_LED_SET_BAT_LEVEL?DRV_LED
  +--> ?PR?_DRV_LED_SET_BATTERY_CHARGE_LIGHT...
  +--> ?PR?_DRV_LED_SET_CHARGE_ONOFF?DRV_LED
  +--> ?PR?DRV_LED_SET_CURRENT_LIGHT_RESET?D...

?PR?_DRV_LED_SET_CURRENT_LIGHT?DRV_LED           -----    -----
  +--> ?PR?_DRV_SET_LED_B_DUTY?DRV_LED
  +--> ?PR?_DRV_SET_LED_R_DUTY?DRV_LED

?PR?_START_EVTIMER?DRV_TIMER                     0036H    0008H

?PR?_DRV_LED_SET_BATTERY_CHARGE_LIGHT...         -----    -----
  +--> ?CO?DRV_LED

?PR?DRV_LED_SET_CURRENT_LIGHT_RESET?D...         -----    -----
  +--> ?PR?_DRV_SET_LED_B_DUTY?DRV_LED
  +--> ?PR?_DRV_SET_LED_R_DUTY?DRV_LED

?PR?SYS_STOP?SYS_MANAGE                          -----    -----
  +--> ?PR?_DRV_MOTOR_START?DRV_MOTOR
  +--> ?PR?_DRV_LED_SET_MODE_LIGHT?DRV_LED
  +--> ?PR?_DRV_LED_SET_CURRENT_LIGHT?DRV_LED
  +--> ?PR?DRV_LED_SET_MODE_LIGHT_OFF?DRV_LED
  +--> ?PR?DRV_LED_SET_CURRENT_LIGHT_RESET?D...
  +--> ?PR?DRV_LED_SET_BATTERY_LIGHT_OFF?DRV...
  +--> ?PR?_STOP_EVTIMER?DRV_TIMER
  +--> ?PR?_DRV_LED_SET_BATTERY_CHARGE_LIGHT...
  +--> ?PR?_DRV_LED_SET_CHARGE_ONOFF?DRV_LED
  +--> ?PR?_START_EVTIMER?DRV_TIMER

?PR?SYS_RUNING?SYS_MANAGE                        -----    -----
  +--> ?PR?_DRV_LED_SET_MODE_LIGHT?DRV_LED
  +--> ?PR?_DRV_MOTOR_CHANGE_MODE_SPEED?DRV_...
  +--> ?PR?_STOP_EVTIMER?DRV_TIMER
  +--> ?PR?_DRV_LED_SET_BATTERY_CHARGE_LIGHT...
  +--> ?PR?_DRV_LED_SET_CHARGE_ONOFF?DRV_LED
  +--> ?PR?DRV_LED_SET_CURRENT_LIGHT_RESET?D...
  +--> ?PR?_START_EVTIMER?DRV_TIMER
  +--> ?PR?_DRV_LED_SET_CURRENT_LIGHT?DRV_LED
  +--> ?PR?DRV_MOTOR_STOP?DRV_MOTOR
  +--> ?PR?DRV_LED_SET_MODE_LIGHT_OFF?DRV_LED
  +--> ?PR?_DRV_LED_SET_BATTERY_LIGHT?DRV_LED

BL51 BANKED LINKER/LOCATER V6.22.2.0                                                  05/18/2022  16:22:27  PAGE 7


?PR?SYS_CHARGE?SYS_MANAGE                        -----    -----
  +--> ?PR?DRV_LED_SET_MODE_LIGHT_OFF?DRV_LED
  +--> ?PR?_DRV_LED_SET_CHARGE_ONOFF?DRV_LED
  +--> ?PR?DRV_LED_SET_BATTERY_LIGHT_OFF?DRV...
  +--> ?PR?DRV_LED_SET_CURRENT_LIGHT_RESET?D...
  +--> ?PR?_STOP_EVTIMER?DRV_TIMER
  +--> ?PR?_DRV_LED_SET_BATTERY_CHARGE_LIGHT...
  +--> ?PR?_START_EVTIMER?DRV_TIMER
  +--> ?PR?_DRV_LED_SET_BAT_LEVEL?DRV_LED
  +--> ?PR?_DRV_LED_SET_BATTERY_LIGHT?DRV_LED
  +--> ?PR?_DRV_LED_SET_CURRENT_LIGHT?DRV_LED
  +--> ?PR?_DRV_MOTOR_START?DRV_MOTOR
  +--> ?PR?_DRV_LED_SET_MODE_LIGHT?DRV_LED

?PR?SYS_CHARGE_FULL?SYS_MANAGE                   -----    -----
  +--> ?PR?DRV_LED_SET_BATTERY_LIGHT_OFF?DRV...
  +--> ?PR?DRV_LED_SET_CURRENT_LIGHT_RESET?D...
  +--> ?PR?_DRV_LED_SET_CURRENT_LIGHT?DRV_LED
  +--> ?PR?_DRV_LED_SET_BATTERY_LIGHT?DRV_LED
  +--> ?PR?_START_EVTIMER?DRV_TIMER
  +--> ?PR?_DRV_MOTOR_START?DRV_MOTOR
  +--> ?PR?_DRV_LED_SET_MODE_LIGHT?DRV_LED
  +--> ?PR?_DRV_LED_SET_BAT_LEVEL?DRV_LED
  +--> ?PR?DRV_LED_SET_MODE_LIGHT_OFF?DRV_LED
  +--> ?PR?_DRV_LED_SET_CHARGE_ONOFF?DRV_LED
  +--> ?PR?_STOP_EVTIMER?DRV_TIMER

?PR?SYS_POWER_NONE?SYS_MANAGE                    -----    -----
  +--> ?PR?DRV_LED_SET_BATTERY_LIGHT_OFF?DRV...
  +--> ?PR?_DRV_LED_SET_BATTERY_LIGHT?DRV_LED
  +--> ?PR?_START_EVTIMER?DRV_TIMER
  +--> ?PR?DRV_LED_SET_MODE_LIGHT_OFF?DRV_LED
  +--> ?PR?_DRV_LED_SET_CHARGE_ONOFF?DRV_LED
  +--> ?PR?DRV_LED_SET_CURRENT_LIGHT_RESET?D...
  +--> ?PR?_STOP_EVTIMER?DRV_TIMER
  +--> ?PR?_DRV_LED_SET_BATTERY_CHARGE_LIGHT...

?PR?SYS_POWERKEY_RELEASE_WAIT?SYS_MANAGE         -----    -----
  +--> ?PR?_DRV_LED_SET_BATTERY_CHARGE_LIGHT...
  +--> ?PR?_DRV_LED_SET_CHARGE_ONOFF?DRV_LED
  +--> ?PR?DRV_LED_SET_CURRENT_LIGHT_RESET?D...
  +--> ?PR?_START_EVTIMER?DRV_TIMER

?PR?SYS_ERROR?SYS_MANAGE                         -----    -----
  +--> ?PR?DRV_LED_SET_BATTERY_LIGHT_OFF?DRV...
  +--> ?PR?_DRV_LED_SET_BATTERY_LIGHT?DRV_LED
  +--> ?PR?_DRV_LED_SET_BATTERY_CHARGE_LIGHT...
  +--> ?PR?_DRV_LED_SET_CHARGE_ONOFF?DRV_LED
  +--> ?PR?DRV_LED_SET_CURRENT_LIGHT_RESET?D...
  +--> ?PR?_START_EVTIMER?DRV_TIMER

?PR?SYS_TEST?SYS_MANAGE                          -----    -----
  +--> ?PR?DRV_MOTOR_STOP?DRV_MOTOR
  +--> ?PR?DRV_LED_SET_CURRENT_LIGHT_RESET?D...
  +--> ?PR?_DRV_MOTOR_START?DRV_MOTOR
  +--> ?PR?_DRV_LED_SET_MODE_LIGHT?DRV_LED
  +--> ?PR?_DRV_LED_SET_CURRENT_LIGHT?DRV_LED
BL51 BANKED LINKER/LOCATER V6.22.2.0                                                  05/18/2022  16:22:27  PAGE 8


  +--> ?PR?_START_EVTIMER?DRV_TIMER
  +--> ?PR?DRV_LED_SET_MODE_LIGHT_OFF?DRV_LED
  +--> ?PR?DRV_LED_SET_BATTERY_LIGHT_OFF?DRV...

?PR?COMMON_EV_PROCESS?SYS_MANAGE                 -----    -----
  +--> ?PR?_DRV_LED_SET_BAT_LEVEL?DRV_LED
  +--> ?PR?_DRV_LED_SET_BATTERY_LIGHT?DRV_LED
  +--> ?PR?DRV_MOTOR_STOP?DRV_MOTOR
  +--> ?PR?_STOP_EVTIMER?DRV_TIMER
  +--> ?PR?_START_EVTIMER?DRV_TIMER
  +--> ?PR?_DRV_MOTOR_CHANGE_FLOW_TIME?DRV_M...
  +--> ?PR?_DRV_MOTOR_CHANGE_DIRECT_SPEED?DR...
  +--> ?PR?DRV_LED_SET_MODE_LIGHT_OFF?DRV_LED
  +--> ?PR?DRV_LED_SET_CURRENT_LIGHT_RESET?D...
  +--> ?PR?DRV_LED_SET_BATTERY_LIGHT_OFF?DRV...

?PR?_DRV_MOTOR_CHANGE_FLOW_TIME?DRV_M...         0036H    0002H

*** NEW ROOT ***************************************************

?PR?INT_USI_RX?DRV_UART                          003EH    0001H



SYMBOL TABLE OF MODULE:  .\out\FLOW-GUN-V06 (DRV_BATTERY)

  VALUE           TYPE          NAME
  ----------------------------------

  -------         MODULE        DRV_BATTERY
  C:0000H         SYMBOL        _ICE_DUMMY_
  C:07CAH         PUBLIC        drv_battery
  D:004EH         PUBLIC        drv_battery_tick
  C:19D8H         PUBLIC        drv_battery_ini
  C:0893H         PUBLIC        _ReadBatteryLevel
  X:0085H         PUBLIC        BatteryCtrl
  -------         PROC          _READBATTERYLEVEL
  D:0038H         SYMBOL        charge
  -------         DO            
  D:0039H         SYMBOL        battery_level
  D:0006H         SYMBOL        battery_adc
  -------         ENDDO         
  C:0893H         LINE#         31
  C:0895H         LINE#         37
  C:0898H         LINE#         39
  C:089CH         LINE#         40
  C:08A5H         LINE#         41
  C:08A5H         LINE#         42
  C:08B0H         LINE#         43
  C:08B0H         LINE#         45
  C:08BBH         LINE#         46
  C:08BBH         LINE#         48
  C:08C6H         LINE#         49
  C:08C6H         LINE#         51
  C:08D1H         LINE#         52
  C:08D1H         LINE#         54
  C:08DCH         LINE#         55
BL51 BANKED LINKER/LOCATER V6.22.2.0                                                  05/18/2022  16:22:27  PAGE 9


  C:08DCH         LINE#         56
  C:08E7H         LINE#         57
  C:08E7H         LINE#         58
  C:08E9H         LINE#         63
  C:08E9H         LINE#         65
  C:08F2H         LINE#         66
  C:08F5H         LINE#         67
  C:0900H         LINE#         68
  C:0903H         LINE#         69
  C:090EH         LINE#         70
  C:0911H         LINE#         71
  C:091CH         LINE#         72
  C:091FH         LINE#         73
  C:092AH         LINE#         74
  C:092DH         LINE#         75
  C:0938H         LINE#         76
  C:093BH         LINE#         77
  C:0946H         LINE#         78
  C:0949H         LINE#         79
  C:094BH         LINE#         80
  C:094EH         LINE#         81
  C:094EH         LINE#         82
  C:094EH         LINE#         84
  C:0950H         LINE#         85
  -------         ENDPROC       _READBATTERYLEVEL
  -------         PROC          DRV_BATTERY
  -------         DO            
  D:0036H         SYMBOL        level
  D:0037H         SYMBOL        chargeing
  -------         ENDDO         
  C:07CAH         LINE#         101
  C:07CAH         LINE#         105
  C:07D8H         LINE#         106
  C:07DBH         LINE#         107
  C:07ECH         LINE#         108
  C:07ECH         LINE#         109
  C:07F1H         LINE#         110
  C:07FAH         LINE#         111
  C:0800H         LINE#         112
  C:0801H         LINE#         113
  C:0801H         LINE#         115
  C:0808H         LINE#         116
  C:0810H         LINE#         117
  C:0813H         LINE#         118
  C:0816H         LINE#         119
  C:0817H         LINE#         121
  C:0817H         LINE#         122
  C:081DH         LINE#         123
  C:0827H         LINE#         124
  C:0831H         LINE#         125
  C:0837H         LINE#         126
  C:083DH         LINE#         127
  C:083DH         LINE#         128
  C:083DH         LINE#         130
  C:083EH         LINE#         131
  C:083EH         LINE#         132
  C:0843H         LINE#         133
BL51 BANKED LINKER/LOCATER V6.22.2.0                                                  05/18/2022  16:22:27  PAGE 10


  C:0848H         LINE#         134
  C:084CH         LINE#         135
  C:0857H         LINE#         136
  C:085BH         LINE#         137
  C:0865H         LINE#         138
  C:0865H         LINE#         139
  C:0865H         LINE#         140
  C:0865H         LINE#         141
  C:0867H         LINE#         146
  C:0867H         LINE#         147
  C:0872H         LINE#         148
  C:0876H         LINE#         149
  C:087FH         LINE#         150
  C:0885H         LINE#         151
  C:088DH         LINE#         152
  C:088DH         LINE#         153
  C:088DH         LINE#         154
  C:0892H         LINE#         155
  C:0892H         LINE#         156
  C:0892H         LINE#         157
  C:0892H         LINE#         158
  C:0892H         LINE#         159
  C:0892H         LINE#         160
  C:0892H         LINE#         161
  -------         ENDPROC       DRV_BATTERY
  -------         PROC          DRV_BATTERY_INI
  C:19D8H         LINE#         177
  C:19D8H         LINE#         178
  C:19DDH         LINE#         179
  C:19E1H         LINE#         181
  -------         ENDPROC       DRV_BATTERY_INI
  -------         ENDMOD        DRV_BATTERY

  -------         MODULE        DRV_LED
  C:0000H         SYMBOL        _ICE_DUMMY_
  C:19E5H         PUBLIC        _drv_set_led_b_duty
  C:195EH         PUBLIC        drv_led_set_current_light_reset
  C:187BH         PUBLIC        drv_led_ini
  C:1A09H         PUBLIC        drv_led_set_battery_light_off
  C:1A2AH         PUBLIC        _drv_set_led_r_duty
  C:1938H         PUBLIC        _drv_led_set_mode_light
  X:007AH         PUBLIC        breath_dir
  X:007BH         PUBLIC        breath_duty
  C:1743H         PUBLIC        charge_light_on_l1
  C:174BH         PUBLIC        charge_light_on_l2
  C:1753H         PUBLIC        charge_light_on_l3
  C:1A3FH         PUBLIC        _drv_led_set_bat_level
  D:00CBH         PUBLIC        T3ADRH
  C:175BH         PUBLIC        charge_light_on_l4
  D:00CDH         PUBLIC        T3BDRH
  C:1763H         PUBLIC        charge_light_on_l5
  D:00CAH         PUBLIC        T3ADRL
  D:00CCH         PUBLIC        T3BDRL
  B:0080H.1       PUBLIC        P01
  B:0090H.0       PUBLIC        P20
  B:0098H.0       PUBLIC        P30
  B:0090H.1       PUBLIC        P21
BL51 BANKED LINKER/LOCATER V6.22.2.0                                                  05/18/2022  16:22:27  PAGE 11


  B:0088H.2       PUBLIC        P12
  B:0080H.3       PUBLIC        P03
  C:1A00H         PUBLIC        drv_led_set_mode_light_off
  B:0098H.1       PUBLIC        P31
  B:0088H.3       PUBLIC        P13
  B:0080H.4       PUBLIC        P04
  C:14B0H         PUBLIC        breath_duty_cal
  B:0080H.5       PUBLIC        P05
  X:007DH         PUBLIC        led
  C:13ACH         PUBLIC        _drv_led_set_battery_charge_light
  C:1549H         PUBLIC        drv_led_write_battery
  C:173BH         PUBLIC        charge_light_on_low
  C:1A45H         PUBLIC        _drv_led_set_charge_onoff
  D:004CH         PUBLIC        led_req
  C:1065H         PUBLIC        drv_led
  X:007FH         PUBLIC        drv_led_state
  C:128CH         PUBLIC        _drv_led_set_battery_light
  D:004DH         PUBLIC        drv_led_tick
  C:170AH         PUBLIC        _drv_led_set_current_light
  X:0080H         PUBLIC        drv_led_bat_level
  C:179BH         PUBLIC        drv_led_write_mode
  -------         PROC          _DRV_LED_SET_MODE_LIGHT
  D:0007H         SYMBOL        mode
  C:1938H         LINE#         43
  C:1938H         LINE#         46
  C:1947H         LINE#         47
  C:194AH         LINE#         48
  -------         ENDPROC       _DRV_LED_SET_MODE_LIGHT
  -------         PROC          DRV_LED_SET_MODE_LIGHT_OFF
  C:1A00H         LINE#         61
  C:1A00H         LINE#         63
  C:1A05H         LINE#         64
  C:1A08H         LINE#         66
  -------         ENDPROC       DRV_LED_SET_MODE_LIGHT_OFF
  -------         PROC          _DRV_LED_SET_BATTERY_LIGHT
  D:0007H         SYMBOL        bat_level
  C:128CH         LINE#         77
  C:128CH         LINE#         79
  C:12B6H         LINE#         80
  C:12B6H         LINE#         81
  C:12BCH         LINE#         82
  C:12BEH         LINE#         83
  C:12BEH         LINE#         84
  C:12C4H         LINE#         85
  C:12C6H         LINE#         86
  C:12C6H         LINE#         87
  C:12CCH         LINE#         88
  C:12CEH         LINE#         89
  C:12CEH         LINE#         90
  C:12D4H         LINE#         91
  C:12D6H         LINE#         92
  C:12D6H         LINE#         93
  C:12DCH         LINE#         94
  C:12DEH         LINE#         95
  C:12DEH         LINE#         96
  C:12E4H         LINE#         97
  C:12E6H         LINE#         98
BL51 BANKED LINKER/LOCATER V6.22.2.0                                                  05/18/2022  16:22:27  PAGE 12


  C:12E6H         LINE#         99
  C:12ECH         LINE#         100
  C:12ECH         LINE#         101
  C:12ECH         LINE#         102
  C:12ECH         LINE#         103
  C:12ECH         LINE#         104
  C:12EFH         LINE#         105
  -------         ENDPROC       _DRV_LED_SET_BATTERY_LIGHT
  -------         PROC          _DRV_LED_SET_BATTERY_CHARGE_LIGHT
  D:0007H         SYMBOL        bat_level
  D:0005H         SYMBOL        fl
  C:13ACH         LINE#         116
  C:13ACH         LINE#         117
  C:13D1H         LINE#         118
  C:13D1H         LINE#         119
  C:13D1H         LINE#         120
  C:13D5H         LINE#         121
  C:13D7H         LINE#         122
  C:13D7H         LINE#         123
  C:13DBH         LINE#         124
  C:13DDH         LINE#         125
  C:13DDH         LINE#         126
  C:13E1H         LINE#         127
  C:13E3H         LINE#         128
  C:13E3H         LINE#         129
  C:13E7H         LINE#         130
  C:13E9H         LINE#         131
  C:13E9H         LINE#         132
  C:13EDH         LINE#         133
  C:13EFH         LINE#         134
  C:13EFH         LINE#         135
  C:13F8H         LINE#         136
  C:13FAH         LINE#         137
  C:13FAH         LINE#         138
  C:1400H         LINE#         139
  C:1400H         LINE#         140
  C:1400H         LINE#         141
  C:1400H         LINE#         142
  C:1400H         LINE#         144
  C:1403H         LINE#         146
  -------         ENDPROC       _DRV_LED_SET_BATTERY_CHARGE_LIGHT
  -------         PROC          DRV_LED_SET_BATTERY_LIGHT_OFF
  C:1A09H         LINE#         159
  C:1A09H         LINE#         161
  C:1A0EH         LINE#         162
  C:1A11H         LINE#         163
  -------         ENDPROC       DRV_LED_SET_BATTERY_LIGHT_OFF
  -------         PROC          _DRV_SET_LED_R_DUTY
  D:0006H         SYMBOL        duty
  C:1A2AH         LINE#         175
  C:1A2AH         LINE#         176
  C:1A2AH         LINE#         177
  C:1A2DH         LINE#         178
  C:1A30H         LINE#         180
  -------         ENDPROC       _DRV_SET_LED_R_DUTY
  -------         PROC          L?0092
  -------         ENDPROC       L?0092
BL51 BANKED LINKER/LOCATER V6.22.2.0                                                  05/18/2022  16:22:27  PAGE 13


  -------         PROC          _DRV_SET_LED_B_DUTY
  D:0006H         SYMBOL        duty
  C:19E5H         LINE#         191
  C:19E5H         LINE#         192
  C:19E5H         LINE#         193
  C:19E8H         LINE#         194
  C:19EBH         LINE#         196
  -------         ENDPROC       _DRV_SET_LED_B_DUTY
  -------         PROC          _DRV_LED_SET_CURRENT_LIGHT
  D:0007H         SYMBOL        current
  C:170AH         LINE#         208
  C:170AH         LINE#         209
  C:1716H         LINE#         210
  C:1716H         LINE#         211
  C:171DH         LINE#         212
  C:1720H         LINE#         213
  C:1722H         LINE#         214
  C:1722H         LINE#         215
  C:1722H         LINE#         216
  C:1722H         LINE#         217
  C:1729H         LINE#         218
  C:1729H         LINE#         219
  C:172BH         LINE#         220
  C:172BH         LINE#         221
  C:172EH         LINE#         222
  C:1735H         LINE#         223
  C:1735H         LINE#         224
  C:1735H         LINE#         225
  C:1735H         LINE#         226
  C:1735H         LINE#         227
  C:173AH         LINE#         228
  -------         ENDPROC       _DRV_LED_SET_CURRENT_LIGHT
  -------         PROC          DRV_LED_SET_CURRENT_LIGHT_RESET
  C:195EH         LINE#         240
  C:195EH         LINE#         241
  C:1965H         LINE#         242
  C:196AH         LINE#         243
  C:196DH         LINE#         244
  -------         ENDPROC       DRV_LED_SET_CURRENT_LIGHT_RESET
  -------         PROC          DRV_LED_WRITE_MODE
  C:179BH         LINE#         257
  C:179BH         LINE#         258
  C:17A7H         LINE#         259
  C:17A9H         LINE#         260
  C:17B1H         LINE#         261
  C:17B3H         LINE#         262
  C:17BBH         LINE#         263
  C:17BDH         LINE#         264
  C:17C4H         LINE#         265
  C:17C6H         LINE#         269
  -------         ENDPROC       DRV_LED_WRITE_MODE
  -------         PROC          DRV_LED_WRITE_BATTERY
  C:1549H         LINE#         280
  C:1549H         LINE#         282
  C:1555H         LINE#         283
  C:1557H         LINE#         285
  C:155FH         LINE#         286
BL51 BANKED LINKER/LOCATER V6.22.2.0                                                  05/18/2022  16:22:27  PAGE 14


  C:1561H         LINE#         288
  C:1569H         LINE#         289
  C:156BH         LINE#         291
  C:1573H         LINE#         292
  C:1575H         LINE#         295
  C:157DH         LINE#         296
  C:157FH         LINE#         298
  C:1586H         LINE#         299
  C:1588H         LINE#         301
  -------         ENDPROC       DRV_LED_WRITE_BATTERY
  -------         PROC          BREATH_DUTY_CAL
  C:14B0H         LINE#         312
  C:14B0H         LINE#         313
  C:14B6H         LINE#         314
  C:14C4H         LINE#         315
  C:14D1H         LINE#         316
  C:14D6H         LINE#         317
  C:14D6H         LINE#         318
  C:14D7H         LINE#         319
  C:14E6H         LINE#         320
  C:14F2H         LINE#         321
  C:14F3H         LINE#         322
  C:14FAH         LINE#         323
  C:14FFH         LINE#         324
  C:14FFH         LINE#         325
  C:14FFH         LINE#         326
  -------         ENDPROC       BREATH_DUTY_CAL
  -------         PROC          DRV_LED
  C:1065H         LINE#         337
  C:1065H         LINE#         339
  C:1070H         LINE#         340
  C:1073H         LINE#         343
  C:107BH         LINE#         344
  C:107BH         LINE#         345
  C:107EH         LINE#         346
  C:108EH         LINE#         347
  C:1091H         LINE#         348
  C:1091H         LINE#         349
  C:10A6H         LINE#         350
  C:10A9H         LINE#         351
  C:10B1H         LINE#         352
  C:10B3H         LINE#         353
  C:10B6H         LINE#         354
  C:10BCH         LINE#         355
  C:10BCH         LINE#         356
  C:10BCH         LINE#         359
  C:10C0H         LINE#         360
  C:10C6H         LINE#         361
  C:10C9H         LINE#         362
  C:10C9H         LINE#         363
  C:10D1H         LINE#         364
  C:10D4H         LINE#         365
  C:10D4H         LINE#         366
  C:10D7H         LINE#         367
  C:10D7H         LINE#         369
  -------         ENDPROC       DRV_LED
  -------         PROC          DRV_LED_INI
BL51 BANKED LINKER/LOCATER V6.22.2.0                                                  05/18/2022  16:22:27  PAGE 15


  C:187BH         LINE#         383
  C:187BH         LINE#         384
  C:1881H         LINE#         385
  C:1884H         LINE#         387
  C:1889H         LINE#         388
  C:188BH         LINE#         389
  C:188EH         LINE#         390
  C:1891H         LINE#         391
  C:1896H         LINE#         392
  C:1898H         LINE#         394
  -------         ENDPROC       DRV_LED_INI
  -------         PROC          _DRV_LED_SET_BAT_LEVEL
  D:0007H         SYMBOL        level
  C:1A3FH         LINE#         406
  C:1A3FH         LINE#         408
  C:1A44H         LINE#         411
  -------         ENDPROC       _DRV_LED_SET_BAT_LEVEL
  -------         PROC          _DRV_LED_SET_CHARGE_ONOFF
  D:0007H         SYMBOL        onoff
  C:1A45H         LINE#         424
  C:1A45H         LINE#         425
  C:1A4AH         LINE#         428
  -------         ENDPROC       _DRV_LED_SET_CHARGE_ONOFF
  -------         ENDMOD        DRV_LED

  -------         MODULE        DRV_MOTOR
  C:0000H         SYMBOL        _ICE_DUMMY_
  C:18D4H         PUBLIC        _drv_motor_change_direct_speed
  C:185AH         PUBLIC        drv_motor_stop
  D:00A8H         PUBLIC        IE
  C:1404H         PUBLIC        Motor_Current_Check
  D:00BFH         PUBLIC        T2BDRH
  C:0AC0H         PUBLIC        _drv_motor_change_mode_speed
  D:00BEH         PUBLIC        T2BDRL
  D:0049H         PUBLIC        motor_FG_pluse
  X:006FH         PUBLIC        motor_ctrl
  C:16A6H         PUBLIC        _drv_motor_change_flow_time
  C:15C8H         PUBLIC        _runing_current_check
  C:0066H         PUBLIC        drv_motor
  D:00BBH         PUBLIC        T2CRH
  D:004BH         PUBLIC        drv_motor_tick
  C:0B6FH         PUBLIC        _drv_motor_start
  -------         PROC          _RUNING_CURRENT_CHECK
  D:0006H         SYMBOL        current
  -------         DO            
  D:0005H         SYMBOL        currrent_level
  -------         ENDDO         
  C:15C8H         LINE#         107
  C:15C8H         LINE#         109
  C:15D1H         LINE#         110
  C:15D3H         LINE#         111
  C:15DEH         LINE#         112
  C:15E0H         LINE#         113
  C:15EBH         LINE#         114
  C:15EDH         LINE#         115
  C:15F8H         LINE#         116
  C:15FAH         LINE#         117
BL51 BANKED LINKER/LOCATER V6.22.2.0                                                  05/18/2022  16:22:27  PAGE 16


  C:15FCH         LINE#         118
  C:15FEH         LINE#         119
  C:15FEH         LINE#         120
  C:1600H         LINE#         122
  -------         ENDPROC       _RUNING_CURRENT_CHECK
  -------         PROC          MOTOR_CURRENT_CHECK
  -------         DO            
  D:0006H         SYMBOL        current_current
  D:0007H         SYMBOL        level
  -------         ENDDO         
  C:1404H         LINE#         135
  C:1404H         LINE#         138
  C:1407H         LINE#         139
  C:140AH         LINE#         140
  C:1411H         LINE#         141
  C:1415H         LINE#         142
  C:141FH         LINE#         143
  C:1421H         LINE#         145
  C:142AH         LINE#         146
  C:1433H         LINE#         147
  C:1436H         LINE#         148
  C:1436H         LINE#         149
  C:1438H         LINE#         150
  C:1445H         LINE#         151
  C:1448H         LINE#         152
  C:1448H         LINE#         153
  C:1448H         LINE#         154
  C:1454H         LINE#         155
  C:1454H         LINE#         157
  C:1454H         LINE#         159
  C:1454H         LINE#         160
  C:1459H         LINE#         161
  C:1459H         LINE#         163
  -------         ENDPROC       MOTOR_CURRENT_CHECK
  -------         PROC          DRV_MOTOR
  -------         DO            
  D:0036H         SYMBOL        current_speed
  -------         ENDDO         
  C:0066H         LINE#         174
  C:0066H         LINE#         177
  C:0074H         LINE#         178
  C:0077H         LINE#         180
  C:008FH         LINE#         181
  C:008FH         LINE#         182
  C:0095H         LINE#         183
  C:009FH         LINE#         184
  C:00A1H         LINE#         185
  C:00A7H         LINE#         186
  C:00B1H         LINE#         187
  C:00BBH         LINE#         188
  C:00C1H         LINE#         189
  C:00CBH         LINE#         190
  C:00CDH         LINE#         192
  C:00D4H         LINE#         194
  C:00D4H         LINE#         195
  C:00D6H         LINE#         197
  C:00D6H         LINE#         198
BL51 BANKED LINKER/LOCATER V6.22.2.0                                                  05/18/2022  16:22:27  PAGE 17


  C:00DBH         LINE#         199
  C:00DBH         LINE#         200
  C:00DBH         LINE#         202
  C:00F0H         LINE#         203
  C:0102H         LINE#         204
  C:0105H         LINE#         205
  C:010FH         LINE#         206
  C:0119H         LINE#         207
  C:011FH         LINE#         208
  C:011FH         LINE#         209
  C:011FH         LINE#         210
  C:0122H         LINE#         211
  C:0122H         LINE#         212
  C:0128H         LINE#         213
  C:0132H         LINE#         214
  C:0134H         LINE#         215
  C:013AH         LINE#         216
  C:0144H         LINE#         217
  C:014EH         LINE#         218
  C:0154H         LINE#         219
  C:015EH         LINE#         220
  C:0160H         LINE#         222
  C:0167H         LINE#         224
  C:0167H         LINE#         225
  C:0169H         LINE#         227
  C:0169H         LINE#         228
  C:016EH         LINE#         229
  C:016EH         LINE#         230
  C:016EH         LINE#         233
  C:0184H         LINE#         234
  C:0196H         LINE#         235
  C:0198H         LINE#         236
  C:01A2H         LINE#         237
  C:01ACH         LINE#         238
  C:01B2H         LINE#         239
  C:01B2H         LINE#         240
  C:01B5H         LINE#         241
  C:01B7H         LINE#         242
  C:01B7H         LINE#         243
  C:01BDH         LINE#         244
  C:01C7H         LINE#         246
  C:01C9H         LINE#         247
  C:01CFH         LINE#         248
  C:01D9H         LINE#         250
  C:01E3H         LINE#         251
  C:01E9H         LINE#         252
  C:01F3H         LINE#         253
  C:01F5H         LINE#         255
  C:01FCH         LINE#         258
  C:01FCH         LINE#         259
  C:01FEH         LINE#         261
  C:01FEH         LINE#         262
  C:0203H         LINE#         263
  C:0203H         LINE#         265
  C:0216H         LINE#         266
  C:021FH         LINE#         267
  C:021FH         LINE#         268
BL51 BANKED LINKER/LOCATER V6.22.2.0                                                  05/18/2022  16:22:27  PAGE 18


  C:0221H         LINE#         269
  C:022BH         LINE#         270
  C:0234H         LINE#         271
  C:0234H         LINE#         272
  C:0234H         LINE#         273
  C:0234H         LINE#         274
  C:0234H         LINE#         275
  C:0234H         LINE#         276
  C:0234H         LINE#         277
  C:023AH         LINE#         279
  C:023DH         LINE#         281
  C:023DH         LINE#         283
  -------         ENDPROC       DRV_MOTOR
  -------         PROC          _DRV_MOTOR_START
  D:0007H         SYMBOL        mode_speed
  C:0B6FH         LINE#         295
  C:0B6FH         LINE#         297
  C:0B7DH         LINE#         298
  C:0B7DH         LINE#         300
  C:0B87H         LINE#         301
  C:0B91H         LINE#         302
  C:0B96H         LINE#         303
  C:0B96H         LINE#         304
  C:0B98H         LINE#         305
  C:0B98H         LINE#         307
  C:0BA2H         LINE#         308
  C:0BACH         LINE#         309
  C:0BB1H         LINE#         310
  C:0BB1H         LINE#         311
  C:0BB3H         LINE#         312
  C:0BB3H         LINE#         314
  C:0BBDH         LINE#         315
  C:0BC7H         LINE#         316
  C:0BCDH         LINE#         317
  C:0BD0H         LINE#         318
  C:0BD2H         LINE#         319
  C:0BD2H         LINE#         320
  C:0BDCH         LINE#         321
  C:0BE4H         LINE#         322
  C:0BEAH         LINE#         323
  C:0BF0H         LINE#         324
  C:0BF6H         LINE#         326
  C:0BF6H         LINE#         327
  C:0BF6H         LINE#         328
  C:0BF6H         LINE#         329
  C:0BF6H         LINE#         330
  C:0C02H         LINE#         331
  C:0C05H         LINE#         332
  C:0C10H         LINE#         333
  C:0C14H         LINE#         334
  C:0C18H         LINE#         336
  -------         ENDPROC       _DRV_MOTOR_START
  -------         PROC          DRV_MOTOR_STOP
  C:185AH         LINE#         348
  C:185AH         LINE#         350
  C:185FH         LINE#         351
  C:1862H         LINE#         352
BL51 BANKED LINKER/LOCATER V6.22.2.0                                                  05/18/2022  16:22:27  PAGE 19


  C:1868H         LINE#         353
  C:186EH         LINE#         354
  C:1872H         LINE#         355
  C:1876H         LINE#         356
  C:187AH         LINE#         357
  -------         ENDPROC       DRV_MOTOR_STOP
  -------         PROC          _DRV_MOTOR_CHANGE_MODE_SPEED
  D:0007H         SYMBOL        mode_speed
  C:0AC0H         LINE#         369
  C:0AC0H         LINE#         371
  C:0AD1H         LINE#         372
  C:0AD1H         LINE#         373
  C:0AD7H         LINE#         374
  C:0AE1H         LINE#         375
  C:0AEBH         LINE#         376
  C:0AF0H         LINE#         377
  C:0AF0H         LINE#         378
  C:0AF2H         LINE#         379
  C:0AF2H         LINE#         380
  C:0AF8H         LINE#         381
  C:0B02H         LINE#         382
  C:0B0CH         LINE#         383
  C:0B11H         LINE#         384
  C:0B11H         LINE#         385
  C:0B13H         LINE#         386
  C:0B13H         LINE#         387
  C:0B19H         LINE#         388
  C:0B23H         LINE#         389
  C:0B2DH         LINE#         390
  C:0B33H         LINE#         391
  C:0B39H         LINE#         392
  C:0B3BH         LINE#         393
  C:0B3BH         LINE#         394
  C:0B45H         LINE#         395
  C:0B4DH         LINE#         396
  C:0B53H         LINE#         397
  C:0B59H         LINE#         398
  C:0B5FH         LINE#         399
  C:0B5FH         LINE#         400
  C:0B5FH         LINE#         401
  C:0B5FH         LINE#         402
  C:0B5FH         LINE#         403
  C:0B6AH         LINE#         404
  C:0B6EH         LINE#         405
  -------         ENDPROC       _DRV_MOTOR_CHANGE_MODE_SPEED
  -------         PROC          _DRV_MOTOR_CHANGE_DIRECT_SPEED
  D:0006H         SYMBOL        speed
  C:18D4H         LINE#         417
  C:18D4H         LINE#         418
  C:18DCH         LINE#         419
  C:18E2H         LINE#         420
  C:18EEH         LINE#         422
  -------         ENDPROC       _DRV_MOTOR_CHANGE_DIRECT_SPEED
  -------         PROC          _DRV_MOTOR_CHANGE_FLOW_TIME
  D:0003H         SYMBOL        time
  -------         DO            
  D:0036H         SYMBOL        t2c
BL51 BANKED LINKER/LOCATER V6.22.2.0                                                  05/18/2022  16:22:27  PAGE 20


  -------         ENDDO         
  C:16A6H         LINE#         434
  C:16A8H         LINE#         436
  C:16BEH         LINE#         437
  C:16C9H         LINE#         438
  C:16D7H         LINE#         439
  C:16D7H         LINE#         440
  -------         ENDPROC       _DRV_MOTOR_CHANGE_FLOW_TIME
  -------         ENDMOD        DRV_MOTOR

  -------         MODULE        MAIN
  C:0000H         SYMBOL        _ICE_DUMMY_
  D:0080H         PUBLIC        P0
  C:1999H         PUBLIC        INT_Timer0
  D:0088H         PUBLIC        P1
  D:0090H         PUBLIC        P2
  D:0098H         PUBLIC        P3
  D:008DH         PUBLIC        WDTCR
  C:19ECH         PUBLIC        WDT_init
  D:0095H         PUBLIC        P1DB
  D:00A8H         PUBLIC        IE
  D:0091H         PUBLIC        P0OD
  D:0092H         PUBLIC        P1OD
  C:004EH         PUBLIC        OPAMP_init
  X:505FH         PUBLIC        WDTSR
  D:0093H         PUBLIC        P2OD
  D:0094H         PUBLIC        P3OD
  D:00A1H         PUBLIC        P0IO
  D:0099H         PUBLIC        T0CR
  D:00B1H         PUBLIC        P1IO
  D:009BH         PUBLIC        T0DR
  D:00B9H         PUBLIC        P2IO
  D:00C1H         PUBLIC        P3IO
  X:5056H         PUBLIC        FCCR
  C:1A38H         PUBLIC        clock_init
  D:00ACH         PUBLIC        P0PU
  C:145AH         PUBLIC        main
  D:009DH         PUBLIC        ADCCRH
  D:00BDH         PUBLIC        T2ADRH
  D:00ADH         PUBLIC        P1PU
  D:00CBH         PUBLIC        T3ADRH
  D:00BFH         PUBLIC        T2BDRH
  D:00AEH         PUBLIC        P2PU
  D:00CDH         PUBLIC        T3BDRH
  D:00AFH         PUBLIC        P3PU
  D:00CFH         PUBLIC        T3CDRH
  X:5051H         PUBLIC        FCEARH
  D:009CH         PUBLIC        ADCCRL
  D:00BCH         PUBLIC        T2ADRL
  D:00CAH         PUBLIC        T3ADRL
  D:00BEH         PUBLIC        T2BDRL
  D:008AH         PUBLIC        SCCR
  D:00A6H         PUBLIC        EIPOL1
  D:00CCH         PUBLIC        T3BDRL
  D:00CEH         PUBLIC        T3CDRL
  X:5055H         PUBLIC        FCEARL
  X:5053H         PUBLIC        FCEARM
BL51 BANKED LINKER/LOCATER V6.22.2.0                                                  05/18/2022  16:22:27  PAGE 21


  X:505EH         PUBLIC        WDTC
  D:00F3H         PUBLIC        P1FSRH
  D:0045H         PUBLIC        systme_tick
  D:00C7H         PUBLIC        T3PDRH
  D:00F5H         PUBLIC        P2FSRH
  X:5050H         PUBLIC        FCSARH
  D:00D9H         PUBLIC        USICR1
  D:00DAH         PUBLIC        USICR2
  D:00F2H         PUBLIC        P1FSRL
  D:00DBH         PUBLIC        USICR3
  D:00C6H         PUBLIC        T3PDRL
  D:00F4H         PUBLIC        P2FSRL
  D:0096H         PUBLIC        P23DB
  X:5054H         PUBLIC        FCSARL
  X:5052H         PUBLIC        FCSARM
  D:00A9H         PUBLIC        IE1
  D:00AAH         PUBLIC        IE2
  C:19C0H         PUBLIC        ExINT_init
  C:19A6H         PUBLIC        Timer0_init
  C:1923H         PUBLIC        Timer2_init
  C:18B7H         PUBLIC        Timer3_init
  C:194BH         PUBLIC        UART_init
  C:0003H         PUBLIC        port_init
  C:1A31H         PUBLIC        ADC_init
  D:00C5H         PUBLIC        T3OUTCRH
  C:198CH         PUBLIC        INT_Ext11
  D:00BBH         PUBLIC        T2CRH
  D:00C3H         PUBLIC        T3CRH
  X:5057H         PUBLIC        FCDRH
  D:00BAH         PUBLIC        T2CRL
  C:0048H         PUBLIC        INT_USI_Tx
  X:5058H         PUBLIC        FCDRL
  D:00F1H         PUBLIC        P0FSR
  D:00F6H         PUBLIC        P3FSR
  D:00A5H         PUBLIC        EIPOL0H
  D:00EBH         PUBLIC        AMPCR
  D:00A4H         PUBLIC        EIPOL0L
  D:00E3H         PUBLIC        USIBD
  D:00C8H         PUBLIC        OSCCR
  -------         PROC          MAIN
  C:145AH         LINE#         28
  C:145AH         LINE#         29
  C:145AH         LINE#         30
  C:145DH         LINE#         31
  C:1460H         LINE#         32
  C:1463H         LINE#         33
  C:1466H         LINE#         34
  C:1469H         LINE#         35
  C:146CH         LINE#         36
  C:146FH         LINE#         38
  C:1472H         LINE#         39
  C:1475H         LINE#         44
  C:1478H         LINE#         45
  C:147BH         LINE#         46
  C:147EH         LINE#         47
  C:1481H         LINE#         48
  C:1484H         LINE#         49
BL51 BANKED LINKER/LOCATER V6.22.2.0                                                  05/18/2022  16:22:27  PAGE 22


  C:1487H         LINE#         50
  C:148AH         LINE#         51
  C:148DH         LINE#         52
  C:1490H         LINE#         56
  C:1490H         LINE#         57
  C:1493H         LINE#         58
  C:1496H         LINE#         59
  C:1499H         LINE#         61
  C:149CH         LINE#         62
  C:149FH         LINE#         63
  C:14A2H         LINE#         64
  C:14A5H         LINE#         65
  C:14A8H         LINE#         66
  C:14ABH         LINE#         68
  C:14AEH         LINE#         70
  -------         ENDPROC       MAIN
  -------         PROC          INT_USI_TX
  C:0048H         LINE#         79
  C:0048H         LINE#         83
  -------         ENDPROC       INT_USI_TX
  -------         PROC          INT_EXT11
  C:198CH         LINE#         85
  C:198EH         LINE#         88
  C:1996H         LINE#         89
  -------         ENDPROC       INT_EXT11
  -------         PROC          INT_TIMER0
  C:1999H         LINE#         91
  C:1999H         LINE#         96
  C:199BH         LINE#         97
  C:199DH         LINE#         98
  C:199FH         LINE#         99
  C:19A1H         LINE#         100
  C:19A3H         LINE#         101
  C:19A5H         LINE#         102
  -------         ENDPROC       INT_TIMER0
  -------         PROC          ADC_INIT
  C:1A31H         LINE#         130
  C:1A31H         LINE#         131
  C:1A31H         LINE#         133
  C:1A34H         LINE#         134
  C:1A37H         LINE#         135
  -------         ENDPROC       ADC_INIT
  -------         PROC          EXINT_INIT
  C:19C0H         LINE#         145
  C:19C0H         LINE#         146
  C:19C0H         LINE#         148
  C:19C3H         LINE#         149
  C:19C5H         LINE#         150
  C:19C8H         LINE#         152
  C:19CBH         LINE#         153
  -------         ENDPROC       EXINT_INIT
  -------         PROC          OPAMP_INIT
  C:004EH         LINE#         155
  C:004EH         LINE#         156
  C:004EH         LINE#         158
  C:0051H         LINE#         159
  -------         ENDPROC       OPAMP_INIT
BL51 BANKED LINKER/LOCATER V6.22.2.0                                                  05/18/2022  16:22:27  PAGE 23


  -------         PROC          TIMER0_INIT
  C:19A6H         LINE#         161
  C:19A6H         LINE#         162
  C:19A6H         LINE#         165
  C:19A9H         LINE#         166
  C:19ACH         LINE#         168
  C:19AFH         LINE#         169
  C:19B2H         LINE#         170
  -------         ENDPROC       TIMER0_INIT
  -------         PROC          TIMER2_INIT
  C:1923H         LINE#         172
  C:1923H         LINE#         173
  C:1923H         LINE#         177
  C:1926H         LINE#         178
  C:1929H         LINE#         179
  C:192CH         LINE#         180
  C:192FH         LINE#         181
  C:1931H         LINE#         182
  C:1934H         LINE#         183
  C:1937H         LINE#         186
  -------         ENDPROC       TIMER2_INIT
  -------         PROC          TIMER3_INIT
  C:18B7H         LINE#         188
  C:18B7H         LINE#         189
  C:18B7H         LINE#         193
  C:18BAH         LINE#         194
  C:18BCH         LINE#         196
  C:18BEH         LINE#         197
  C:18C0H         LINE#         199
  C:18C2H         LINE#         200
  C:18C4H         LINE#         203
  C:18C7H         LINE#         205
  C:18CAH         LINE#         206
  C:18CDH         LINE#         210
  C:18D0H         LINE#         211
  C:18D3H         LINE#         218
  -------         ENDPROC       TIMER3_INIT
  -------         PROC          UART_INIT
  C:194BH         LINE#         220
  C:194BH         LINE#         221
  C:194BH         LINE#         224
  C:194EH         LINE#         225
  C:1951H         LINE#         226
  C:1954H         LINE#         227
  C:1957H         LINE#         228
  C:195AH         LINE#         229
  C:195DH         LINE#         231
  -------         ENDPROC       UART_INIT
  -------         PROC          WDT_INIT
  C:19ECH         LINE#         240
  C:19ECH         LINE#         241
  C:19ECH         LINE#         243
  C:19EFH         LINE#         244
  C:19F5H         LINE#         245
  -------         ENDPROC       WDT_INIT
  -------         PROC          CLOCK_INIT
  C:1A38H         LINE#         247
BL51 BANKED LINKER/LOCATER V6.22.2.0                                                  05/18/2022  16:22:27  PAGE 24


  C:1A38H         LINE#         248
  C:1A38H         LINE#         250
  C:1A3BH         LINE#         251
  C:1A3EH         LINE#         252
  -------         ENDPROC       CLOCK_INIT
  -------         PROC          PORT_INIT
  C:0003H         LINE#         254
  C:0003H         LINE#         255
  C:0003H         LINE#         282
  C:0006H         LINE#         283
  C:0009H         LINE#         284
  C:000CH         LINE#         285
  C:000FH         LINE#         287
  C:0012H         LINE#         288
  C:0015H         LINE#         289
  C:0018H         LINE#         290
  C:001BH         LINE#         291
  C:001EH         LINE#         296
  C:0021H         LINE#         299
  C:0024H         LINE#         300
  C:0027H         LINE#         301
  C:002AH         LINE#         302
  C:002DH         LINE#         305
  C:0030H         LINE#         306
  C:0033H         LINE#         307
  C:0035H         LINE#         308
  C:0037H         LINE#         312
  C:003AH         LINE#         313
  C:003DH         LINE#         314
  C:003FH         LINE#         315
  C:0041H         LINE#         316
  C:0044H         LINE#         317
  C:0047H         LINE#         320
  -------         ENDPROC       PORT_INIT
  -------         ENDMOD        MAIN

  -------         MODULE        ?C_STARTUP
  C:18EFH         SEGMENT       ?C_C51STARTUP
  I:0059H         SEGMENT       ?STACK
  C:0000H         PUBLIC        ?C_STARTUP
  D:00E0H         SYMBOL        ACC
  D:00F0H         SYMBOL        B
  D:0083H         SYMBOL        DPH
  D:0082H         SYMBOL        DPL
  N:0000H         SYMBOL        IBPSTACK
  N:0100H         SYMBOL        IBPSTACKTOP
  N:0100H         SYMBOL        IDATALEN
  C:18F2H         SYMBOL        IDATALOOP
  N:0000H         SYMBOL        PBPSTACK
  N:0000H         SYMBOL        PBPSTACKTOP
  N:0000H         SYMBOL        PDATALEN
  N:0000H         SYMBOL        PDATASTART
  N:0000H         SYMBOL        PPAGE
  N:0000H         SYMBOL        PPAGEENABLE
  D:00A0H         SYMBOL        PPAGE_SFR
  D:0081H         SYMBOL        SP
  C:18EFH         SYMBOL        STARTUP1
BL51 BANKED LINKER/LOCATER V6.22.2.0                                                  05/18/2022  16:22:27  PAGE 25


  N:0000H         SYMBOL        XBPSTACK
  N:0000H         SYMBOL        XBPSTACKTOP
  N:0100H         SYMBOL        XDATALEN
  C:18FDH         SYMBOL        XDATALOOP
  N:0000H         SYMBOL        XDATASTART
  C:0000H         LINE#         94
  C:18EFH         LINE#         101
  C:18F1H         LINE#         102
  C:18F2H         LINE#         103
  C:18F3H         LINE#         104
  C:18F5H         LINE#         108
  C:18F8H         LINE#         109
  C:18FAH         LINE#         113
  C:18FCH         LINE#         115
  C:18FDH         LINE#         116
  C:18FEH         LINE#         117
  C:18FFH         LINE#         118
  C:1901H         LINE#         119
  C:1903H         LINE#         153
  C:1906H         LINE#         157
  -------         ENDMOD        ?C_STARTUP

  -------         MODULE        DRV_UART
  C:0000H         SYMBOL        _ICE_DUMMY_
  X:0030H         PUBLIC        ComRxCtrl
  X:003FH         PUBLIC        ComTxCtrl
  D:00E5H         PUBLIC        USIDR
  C:1899H         PUBLIC        _SendAckFrame
  C:16D8H         PUBLIC        _drv_uart_get
  C:19F6H         PUBLIC        drv_uart_ini
  X:004BH         PUBLIC        commState
  X:004CH         PUBLIC        usart_fifo
  C:11B7H         PUBLIC        drv_uart_tx
  C:19CCH         PUBLIC        IsTxComplete
  D:00E1H         PUBLIC        USIST1
  C:1A12H         PUBLIC        _UART_write
  C:0406H         PUBLIC        ReceiveUartFrame
  C:0951H         PUBLIC        drv_comm
  C:17C7H         PUBLIC        _SendNoticeFrame
  C:163AH         PUBLIC        INT_USI_Rx
  -------         PROC          DRV_UART_INI
  C:19F6H         LINE#         22
  C:19F6H         LINE#         23
  C:19FBH         LINE#         24
  C:19FDH         LINE#         25
  -------         ENDPROC       DRV_UART_INI
  -------         PROC          _DRV_UART_GET
  D:0001H         SYMBOL        chr
  -------         DO            
  D:0007H         SYMBOL        ret
  -------         ENDDO         
  C:16D8H         LINE#         59
  C:16D8H         LINE#         60
  C:16DAH         LINE#         61
  C:16E7H         LINE#         62
  C:16F5H         LINE#         63
  C:16FBH         LINE#         64
BL51 BANKED LINKER/LOCATER V6.22.2.0                                                  05/18/2022  16:22:27  PAGE 26


  C:1705H         LINE#         65
  C:1707H         LINE#         66
  C:1707H         LINE#         67
  C:1709H         LINE#         68
  C:1709H         LINE#         69
  C:1709H         LINE#         70
  -------         ENDPROC       _DRV_UART_GET
  -------         PROC          INT_USI_RX
  -------         DO            
  D:003EH         SYMBOL        temp
  -------         ENDDO         
  C:163AH         LINE#         85
  C:1642H         LINE#         88
  C:1645H         LINE#         90
  C:1645H         LINE#         91
  C:1667H         LINE#         92
  C:1667H         LINE#         94
  -------         ENDPROC       INT_USI_RX
  -------         PROC          DRV_UART_TX
  C:11B7H         LINE#         111
  C:11B7H         LINE#         112
  C:11C2H         LINE#         113
  C:11C2H         LINE#         114
  C:11C7H         LINE#         115
  C:11CFH         LINE#         116
  C:11DCH         LINE#         117
  C:11E2H         LINE#         118
  C:11E6H         LINE#         119
  C:11ECH         LINE#         120
  C:11ECH         LINE#         121
  C:11EDH         LINE#         122
  C:11EDH         LINE#         123
  C:11F5H         LINE#         124
  C:1202H         LINE#         125
  C:1202H         LINE#         127
  C:1212H         LINE#         128
  C:1218H         LINE#         129
  C:121CH         LINE#         130
  C:121DH         LINE#         131
  C:1222H         LINE#         132
  C:1222H         LINE#         133
  C:1222H         LINE#         134
  C:1222H         LINE#         135
  C:1222H         LINE#         136
  C:1222H         LINE#         137
  C:1222H         LINE#         139
  -------         ENDPROC       DRV_UART_TX
  -------         PROC          _SENDACKFRAME
  D:0007H         SYMBOL        cmd
  C:1899H         LINE#         155
  C:1899H         LINE#         157
  C:189FH         LINE#         158
  C:18A3H         LINE#         159
  C:18A6H         LINE#         160
  C:18AAH         LINE#         161
  C:18B0H         LINE#         162
  C:18B6H         LINE#         163
BL51 BANKED LINKER/LOCATER V6.22.2.0                                                  05/18/2022  16:22:27  PAGE 27


  -------         ENDPROC       _SENDACKFRAME
  -------         PROC          _SENDNOTICEFRAME
  D:0007H         SYMBOL        pressure
  D:0005H         SYMBOL        temperature
  D:0003H         SYMBOL        battery
  C:17C7H         LINE#         178
  C:17C7H         LINE#         179
  C:17C7H         LINE#         181
  C:17CDH         LINE#         182
  C:17D1H         LINE#         183
  C:17D5H         LINE#         184
  C:17D8H         LINE#         185
  C:17DBH         LINE#         186
  C:17DEH         LINE#         187
  C:17E5H         LINE#         188
  C:17EBH         LINE#         189
  C:17F1H         LINE#         190
  -------         ENDPROC       _SENDNOTICEFRAME
  -------         PROC          ISTXCOMPLETE
  C:19CCH         LINE#         206
  C:19CCH         LINE#         208
  C:19D7H         LINE#         209
  -------         ENDPROC       ISTXCOMPLETE
  -------         PROC          _UART_WRITE
  D:0007H         SYMBOL        dat
  C:1A12H         LINE#         211
  C:1A12H         LINE#         212
  C:1A12H         LINE#         213
  C:1A17H         LINE#         214
  C:1A19H         LINE#         215
  -------         ENDPROC       _UART_WRITE
  -------         PROC          RECEIVEUARTFRAME
  -------         DO            
  D:0036H         SYMBOL        chr
  D:0004H         SYMBOL        retVal
  -------         ENDDO         
  C:0406H         LINE#         230
  C:0406H         LINE#         232
  C:0408H         LINE#         234
  C:0417H         LINE#         235
  C:0417H         LINE#         237
  C:042EH         LINE#         238
  C:042EH         LINE#         239
  C:042EH         LINE#         240
  C:0434H         LINE#         241
  C:0434H         LINE#         243
  C:043CH         LINE#         244
  C:0441H         LINE#         245
  C:0441H         LINE#         246
  C:0441H         LINE#         247
  C:0444H         LINE#         249
  C:0444H         LINE#         250
  C:045CH         LINE#         251
  C:045CH         LINE#         252
  C:0460H         LINE#         253
  C:0460H         LINE#         255
  C:0463H         LINE#         257
BL51 BANKED LINKER/LOCATER V6.22.2.0                                                  05/18/2022  16:22:27  PAGE 28


  C:0463H         LINE#         259
  C:0473H         LINE#         260
  C:0477H         LINE#         261
  C:047CH         LINE#         262
  C:0482H         LINE#         263
  C:048BH         LINE#         264
  C:0491H         LINE#         265
  C:0491H         LINE#         266
  C:0494H         LINE#         268
  C:0494H         LINE#         269
  C:04A2H         LINE#         270
  C:04A2H         LINE#         272
  C:04AFH         LINE#         273
  C:04B5H         LINE#         274
  C:04BCH         LINE#         275
  C:04C9H         LINE#         276
  C:04C9H         LINE#         277
  C:04C9H         LINE#         278
  C:04C9H         LINE#         280
  C:04CBH         LINE#         282
  C:04CBH         LINE#         283
  C:04D8H         LINE#         284
  C:04D8H         LINE#         285
  C:04DEH         LINE#         286
  C:04DEH         LINE#         287
  C:04DEH         LINE#         288
  C:04E7H         LINE#         289
  C:04EAH         LINE#         291
  C:04EAH         LINE#         294
  C:04F1H         LINE#         295
  C:04F1H         LINE#         296
  C:04F6H         LINE#         297
  C:04F8H         LINE#         298
  C:04FAH         LINE#         300
  C:04FAH         LINE#         301
  C:04FFH         LINE#         302
  C:0501H         LINE#         303
  C:0501H         LINE#         304
  C:0501H         LINE#         305
  C:0506H         LINE#         306
  C:050AH         LINE#         307
  C:050DH         LINE#         308
  C:050DH         LINE#         309
  C:050DH         LINE#         311
  C:0528H         LINE#         314
  C:052BH         LINE#         315
  C:052BH         LINE#         317
  C:053DH         LINE#         319
  C:053DH         LINE#         321
  C:0541H         LINE#         322
  C:0543H         LINE#         323
  C:0545H         LINE#         324
  C:0545H         LINE#         325
  C:0545H         LINE#         326
  C:0547H         LINE#         327
  -------         ENDPROC       RECEIVEUARTFRAME
  -------         PROC          DRV_COMM
BL51 BANKED LINKER/LOCATER V6.22.2.0                                                  05/18/2022  16:22:27  PAGE 29


  C:0951H         LINE#         340
  C:0951H         LINE#         342
  C:0968H         LINE#         343
  C:0968H         LINE#         344
  C:096EH         LINE#         346
  C:0977H         LINE#         347
  C:0989H         LINE#         348
  C:098FH         LINE#         349
  C:098FH         LINE#         351
  C:0996H         LINE#         353
  C:099CH         LINE#         354
  C:09D6H         LINE#         357
  C:09DCH         LINE#         358
  C:09DCH         LINE#         360
  C:09DDH         LINE#         362
  C:09DDH         LINE#         364
  C:09E5H         LINE#         365
  C:09E5H         LINE#         366
  C:09EEH         LINE#         367
  C:09EEH         LINE#         368
  C:09EEH         LINE#         370
  C:09EEH         LINE#         371
  C:09EEH         LINE#         372
  C:09F4H         LINE#         373
  C:09F7H         LINE#         374
  C:09F7H         LINE#         375
  C:09F7H         LINE#         376
  C:09F9H         LINE#         377
  C:09F9H         LINE#         378
  C:09FFH         LINE#         379
  C:0A02H         LINE#         380
  C:0A02H         LINE#         381
  C:0A02H         LINE#         382
  C:0A04H         LINE#         383
  C:0A04H         LINE#         384
  C:0A09H         LINE#         385
  C:0A09H         LINE#         386
  C:0A09H         LINE#         388
  -------         ENDPROC       DRV_COMM
  -------         ENDMOD        DRV_UART

  -------         MODULE        SYS_MESSAGE
  C:0000H         SYMBOL        _ICE_DUMMY_
  C:1A4BH         PUBLIC        ini_message
  C:1500H         PUBLIC        _get_message
  C:176BH         PUBLIC        _put_message
  D:0008H         PUBLIC        fetch_msg
  D:0009H         PUBLIC        total_msg
  D:000AH         PUBLIC        message
  -------         PROC          INI_MESSAGE
  C:1A4BH         LINE#         17
  C:1A4BH         LINE#         18
  C:1A4EH         LINE#         19
  C:1A50H         LINE#         20
  -------         ENDPROC       INI_MESSAGE
  -------         PROC          _PUT_MESSAGE
  D:003AH         SYMBOL        msg
BL51 BANKED LINKER/LOCATER V6.22.2.0                                                  05/18/2022  16:22:27  PAGE 30


  D:0002H         SYMBOL        info
  -------         DO            
  D:0007H         SYMBOL        sum
  -------         ENDDO         
  C:176BH         LINE#         31
  C:1771H         LINE#         33
  C:1781H         LINE#         34
  C:178BH         LINE#         35
  C:1798H         LINE#         36
  C:179AH         LINE#         37
  -------         ENDPROC       _PUT_MESSAGE
  -------         PROC          _GET_MESSAGE
  D:0001H         SYMBOL        msg
  D:0039H         SYMBOL        info
  -------         DO            
  D:0007H         SYMBOL        ret
  -------         ENDDO         
  C:1500H         LINE#         49
  C:1500H         LINE#         50
  C:1502H         LINE#         51
  C:150DH         LINE#         53
  C:151AH         LINE#         54
  C:1533H         LINE#         55
  C:1544H         LINE#         56
  C:1546H         LINE#         57
  C:1548H         LINE#         58
  C:1548H         LINE#         59
  C:1548H         LINE#         61
  -------         ENDPROC       _GET_MESSAGE
  -------         ENDMOD        SYS_MESSAGE

  -------         MODULE        SYS_MANAGE
  C:0000H         SYMBOL        _ICE_DUMMY_
  C:1223H         PUBLIC        sys_test
  C:0F02H         PUBLIC        sys_power_none
  C:12F0H         PUBLIC        sys_stop
  C:0C19H         PUBLIC        common_ev_Process
  D:0028H         PUBLIC        mmi_battery_charge_disposition
  D:0029H         PUBLIC        mmi_charge
  D:002AH         PUBLIC        knock_flash_count
  C:1589H         PUBLIC        sys_powerkey_release_wait
  D:002BH         PUBLIC        runing_mode
  D:002CH         PUBLIC        mmi_battery_level
  D:002DH         PUBLIC        knock_led_flash
  C:0A0AH         PUBLIC        sys_charge
  C:0DEEH         PUBLIC        sys_power_up
  B:0088H.7       PUBLIC        P17
  C:0E80H         PUBLIC        sys_charge_full
  C:0FF1H         PUBLIC        sys_process
  D:002EH         PUBLIC        act_info
  D:0030H         PUBLIC        none_power_led_flash
  C:0CBDH         PUBLIC        sys_runing
  D:0031H         PUBLIC        test_time_count
  D:0032H         PUBLIC        act_msg
  D:0033H         PUBLIC        sys_state
  C:0056H         PUBLIC        sys_process_ini
  D:0034H         PUBLIC        low_power_led_flash
BL51 BANKED LINKER/LOCATER V6.22.2.0                                                  05/18/2022  16:22:27  PAGE 31


  C:1148H         PUBLIC        sys_error
  D:0035H         PUBLIC        msg_processed
  -------         PROC          COMMON_EV_PROCESS
  C:0C19H         LINE#         49
  C:0C19H         LINE#         51
  C:0C33H         LINE#         55
  C:0C33H         LINE#         57
  C:0C37H         LINE#         58
  C:0C3CH         LINE#         59
  C:0C41H         LINE#         60
  C:0C47H         LINE#         61
  C:0C4AH         LINE#         62
  C:0C4FH         LINE#         63
  C:0C51H         LINE#         64
  C:0C55H         LINE#         65
  C:0C58H         LINE#         66
  C:0C5BH         LINE#         67
  C:0C60H         LINE#         68
  C:0C65H         LINE#         69
  C:0C6EH         LINE#         70
  C:0C77H         LINE#         71
  C:0C7AH         LINE#         72
  C:0C7AH         LINE#         73
  C:0C7BH         LINE#         76
  C:0C7BH         LINE#         77
  C:0C81H         LINE#         78
  C:0C83H         LINE#         79
  C:0C85H         LINE#         80
  C:0C87H         LINE#         81
  C:0C8AH         LINE#         82
  C:0C8FH         LINE#         83
  C:0C8FH         LINE#         84
  C:0C98H         LINE#         85
  C:0C98H         LINE#         88
  C:0C98H         LINE#         89
  C:0CA0H         LINE#         90
  C:0CA0H         LINE#         91
  C:0CA0H         LINE#         92
  C:0CA7H         LINE#         93
  C:0CAAH         LINE#         94
  C:0CABH         LINE#         101
  C:0CABH         LINE#         102
  C:0CADH         LINE#         103
  C:0CB0H         LINE#         104
  C:0CB3H         LINE#         105
  C:0CB6H         LINE#         106
  C:0CB9H         LINE#         107
  C:0CBCH         LINE#         108
  C:0CBCH         LINE#         110
  C:0CBCH         LINE#         111
  C:0CBCH         LINE#         112
  C:0CBCH         LINE#         114
  -------         ENDPROC       COMMON_EV_PROCESS
  -------         PROC          SYS_POWER_UP
  C:0DEEH         LINE#         125
  C:0DEEH         LINE#         126
  C:0DFFH         LINE#         128
BL51 BANKED LINKER/LOCATER V6.22.2.0                                                  05/18/2022  16:22:27  PAGE 32


  C:0DFFH         LINE#         129
  C:0E02H         LINE#         132
  C:0E04H         LINE#         135
  C:0E08H         LINE#         136
  C:0E08H         LINE#         137
  C:0E0BH         LINE#         138
  C:0E10H         LINE#         139
  C:0E15H         LINE#         140
  C:0E1AH         LINE#         141
  C:0E1FH         LINE#         142
  C:0E25H         LINE#         143
  C:0E28H         LINE#         144
  C:0E30H         LINE#         145
  C:0E30H         LINE#         149
  C:0E33H         LINE#         150
  C:0E34H         LINE#         152
  C:0E34H         LINE#         153
  C:0E39H         LINE#         154
  C:0E3CH         LINE#         155
  C:0E45H         LINE#         156
  C:0E4EH         LINE#         157
  C:0E51H         LINE#         158
  C:0E51H         LINE#         162
  C:0E52H         LINE#         165
  C:0E52H         LINE#         166
  C:0E55H         LINE#         167
  C:0E59H         LINE#         168
  C:0E5EH         LINE#         169
  C:0E5EH         LINE#         170
  C:0E5EH         LINE#         171
  C:0E61H         LINE#         172
  C:0E64H         LINE#         173
  C:0E6BH         LINE#         174
  C:0E70H         LINE#         175
  C:0E73H         LINE#         176
  C:0E7CH         LINE#         177
  C:0E7FH         LINE#         178
  C:0E7FH         LINE#         180
  C:0E7FH         LINE#         181
  C:0E7FH         LINE#         182
  C:0E7FH         LINE#         183
  -------         ENDPROC       SYS_POWER_UP
  -------         PROC          SYS_STOP
  C:12F0H         LINE#         196
  C:12F0H         LINE#         199
  C:1302H         LINE#         200
  C:1302H         LINE#         201
  C:1302H         LINE#         202
  C:1305H         LINE#         203
  C:130AH         LINE#         204
  C:130FH         LINE#         205
  C:1314H         LINE#         209
  C:1317H         LINE#         211
  C:1318H         LINE#         213
  C:1318H         LINE#         214
  C:131BH         LINE#         215
  C:131EH         LINE#         216
BL51 BANKED LINKER/LOCATER V6.22.2.0                                                  05/18/2022  16:22:27  PAGE 33


  C:1321H         LINE#         217
  C:1324H         LINE#         218
  C:1326H         LINE#         219
  C:1329H         LINE#         220
  C:132AH         LINE#         221
  C:132AH         LINE#         222
  C:132DH         LINE#         223
  C:1332H         LINE#         224
  C:1335H         LINE#         225
  C:133CH         LINE#         226
  C:1341H         LINE#         227
  C:1344H         LINE#         228
  C:134DH         LINE#         229
  C:1350H         LINE#         230
  C:1350H         LINE#         231
  C:1350H         LINE#         232
  C:1350H         LINE#         233
  C:1350H         LINE#         234
  -------         ENDPROC       SYS_STOP
  -------         PROC          SYS_RUNING
  C:0CBDH         LINE#         245
  C:0CBDH         LINE#         247
  C:0CD5H         LINE#         248
  C:0CD5H         LINE#         249
  C:0CD8H         LINE#         250
  C:0CDAH         LINE#         251
  C:0CE5H         LINE#         252
  C:0CE8H         LINE#         253
  C:0CE8H         LINE#         254
  C:0CEDH         LINE#         255
  C:0CF2H         LINE#         256
  C:0CF2H         LINE#         257
  C:0CF2H         LINE#         258
  C:0CF5H         LINE#         259
  C:0CFAH         LINE#         260
  C:0CFDH         LINE#         261
  C:0D04H         LINE#         262
  C:0D09H         LINE#         263
  C:0D0CH         LINE#         264
  C:0D15H         LINE#         265
  C:0D18H         LINE#         267
  C:0D18H         LINE#         268
  C:0D1BH         LINE#         269
  C:0D20H         LINE#         270
  C:0D20H         LINE#         272
  C:0D20H         LINE#         273
  C:0D23H         LINE#         274
  C:0D26H         LINE#         275
  C:0D29H         LINE#         276
  C:0D2CH         LINE#         277
  C:0D2FH         LINE#         278
  C:0D34H         LINE#         279
  C:0D39H         LINE#         280
  C:0D42H         LINE#         281
  C:0D45H         LINE#         283
  C:0D46H         LINE#         284
  C:0D46H         LINE#         285
BL51 BANKED LINKER/LOCATER V6.22.2.0                                                  05/18/2022  16:22:27  PAGE 34


  C:0D49H         LINE#         286
  C:0D4CH         LINE#         287
  C:0D55H         LINE#         288
  C:0D58H         LINE#         291
  C:0D58H         LINE#         294
  C:0D58H         LINE#         295
  C:0D58H         LINE#         296
  C:0D58H         LINE#         298
  -------         ENDPROC       SYS_RUNING
[...]
  D:0040H         PUBLIC        keyCtrl
  C:0628H         PUBLIC        drv_key
  -------         PROC          DRV_KEY
  C:0628H         LINE#         30
  C:0628H         LINE#         31
  C:0636H         LINE#         32
  C:0639H         LINE#         34
  C:064BH         LINE#         35
  C:064BH         LINE#         36
  C:064EH         LINE#         37
  C:0650H         LINE#         38
  C:0655H         LINE#         39
  C:0658H         LINE#         40
  C:0659H         LINE#         42
  C:0659H         LINE#         44
  C:0662H         LINE#         45
  C:0664H         LINE#         46
  C:0667H         LINE#         47
  C:0667H         LINE#         48
  C:0668H         LINE#         50
  C:0668H         LINE#         51
  C:066EH         LINE#         52
  C:0670H         LINE#         53
  C:067EH         LINE#         54
  C:0681H         LINE#         56
  C:0684H         LINE#         57
  C:0684H         LINE#         58
  C:0685H         LINE#         59
  C:0685H         LINE#         60
  C:0685H         LINE#         61
  C:0687H         LINE#         64
  C:0687H         LINE#         65
BL51 BANKED LINKER/LOCATER V6.22.2.0                                                  05/18/2022  16:22:27  PAGE 40


  C:068DH         LINE#         67
  C:068FH         LINE#         68
  C:069AH         LINE#         69
  C:06A2H         LINE#         70
  C:06A2H         LINE#         72
  C:06ADH         LINE#         73
  C:06B2H         LINE#         74
  C:06B6H         LINE#         75
  C:06B8H         LINE#         77
  C:06B8H         LINE#         79
  C:06C3H         LINE#         80
  C:06C7H         LINE#         81
  C:06CAH         LINE#         82
  C:06D1H         LINE#         83
  C:06D1H         LINE#         84
  C:06D1H         LINE#         85
  C:06D1H         LINE#         87
  C:06D1H         LINE#         89
  C:06D1H         LINE#         90
  C:06D3H         LINE#         91
  C:06DEH         LINE#         92
  C:06E1H         LINE#         93
  C:06EDH         LINE#         95
  C:06EDH         LINE#         96
  C:06F2H         LINE#         98
  C:06F4H         LINE#         99
  C:06FBH         LINE#         101
  C:06FBH         LINE#         102
  C:06FEH         LINE#         103
  C:06FEH         LINE#         105
  C:06FEH         LINE#         106
  C:06FEH         LINE#         108
  C:06FEH         LINE#         109
  C:06FEH         LINE#         111
  C:06FEH         LINE#         112
  -------         ENDPROC       DRV_KEY
  -------         ENDMOD        DRV_KEY

  -------         MODULE        BLE_COMM
  C:0000H         SYMBOL        _ICE_DUMMY_
  C:10D8H         PUBLIC        _AppCommandParse
  -------         PROC          _APPCOMMANDPARSE
  D:0036H         SYMBOL        rx_buf
  C:10D8H         LINE#         21
  C:10DEH         LINE#         23
  C:10F1H         LINE#         24
  C:10F1H         LINE#         25
  C:10F6H         LINE#         26
  C:10F6H         LINE#         27
  C:10F6H         LINE#         28
  C:10FBH         LINE#         29
  C:1100H         LINE#         30
  C:1102H         LINE#         31
  C:1102H         LINE#         32
  C:1107H         LINE#         33
  C:110CH         LINE#         34
  C:110EH         LINE#         35
BL51 BANKED LINKER/LOCATER V6.22.2.0                                                  05/18/2022  16:22:27  PAGE 41


  C:110EH         LINE#         36
  C:1113H         LINE#         37
  C:112CH         LINE#         38
  C:112EH         LINE#         39
  C:112EH         LINE#         40
  C:1133H         LINE#         41
  C:1147H         LINE#         42
  C:1147H         LINE#         43
  C:1147H         LINE#         44
  C:1147H         LINE#         45
  C:1147H         LINE#         46
  -------         ENDPROC       _APPCOMMANDPARSE
  -------         ENDMOD        BLE_COMM

  -------         MODULE        DRV_TIMER
  C:0000H         SYMBOL        _ICE_DUMMY_
  C:1838H         PUBLIC        Init_evTimers
  C:0D59H         PUBLIC        _Start_evTimer
  C:0F7AH         PUBLIC        drv_time
  X:0000H         PUBLIC        ev_timer
  D:004FH         PUBLIC        drv_timer_tick
  C:1601H         PUBLIC        _Stop_evTimer
  -------         PROC          INIT_EVTIMERS
  -------         DO            
  D:0007H         SYMBOL        u8_Index
  -------         ENDDO         
  C:1838H         LINE#         27
  C:1838H         LINE#         28
  C:1838H         LINE#         31
  C:1844H         LINE#         32
  C:1844H         LINE#         33
  C:1856H         LINE#         34
  C:1859H         LINE#         35
  -------         ENDPROC       INIT_EVTIMERS
  -------         PROC          _START_EVTIMER
  D:0036H         SYMBOL        Time
  D:0005H         SYMBOL        ev
  -------         DO            
  D:0038H         SYMBOL        pTimer
  D:003BH         SYMBOL        pFreeTimer
  D:0007H         SYMBOL        u8_Index
  -------         ENDDO         
  C:0D59H         LINE#         51
  C:0D5DH         LINE#         52
  C:0D5DH         LINE#         54
  C:0D66H         LINE#         57
  C:0D6FH         LINE#         58
  C:0D7BH         LINE#         59
  C:0D7BH         LINE#         60
  C:0D8BH         LINE#         61
  C:0D8BH         LINE#         63
  C:0D93H         LINE#         64
  C:0D93H         LINE#         66
  C:0D99H         LINE#         67
  C:0D99H         LINE#         68
  C:0D9BH         LINE#         70
  C:0D9BH         LINE#         72
BL51 BANKED LINKER/LOCATER V6.22.2.0                                                  05/18/2022  16:22:27  PAGE 42


  C:0DAAH         LINE#         73
  C:0DAAH         LINE#         77
  C:0DB2H         LINE#         78
  C:0DB2H         LINE#         82
  C:0DBBH         LINE#         83
  C:0DBDH         LINE#         85
  C:0DBDH         LINE#         86
  C:0DC6H         LINE#         87
  C:0DC6H         LINE#         88
  C:0DC8H         LINE#         89
  C:0DC8H         LINE#         90
  C:0DC8H         LINE#         91
  C:0DD3H         LINE#         92
  C:0DD6H         LINE#         94
  C:0DE7H         LINE#         95
  -------         ENDPROC       _START_EVTIMER
  -------         PROC          _STOP_EVTIMER
  D:0007H         SYMBOL        ev
  -------         DO            
  D:0001H         SYMBOL        pTimer
  D:0006H         SYMBOL        u8_Index
  -------         ENDDO         
  C:1601H         LINE#         112
  C:1601H         LINE#         118
  C:1607H         LINE#         119
  C:1613H         LINE#         120
  C:1613H         LINE#         121
  C:161DH         LINE#         122
  C:161DH         LINE#         124
  C:1626H         LINE#         125
  C:1626H         LINE#         126
  C:162FH         LINE#         127
  C:162FH         LINE#         128
  C:162FH         LINE#         129
  C:1636H         LINE#         130
  C:1639H         LINE#         135
  -------         ENDPROC       _STOP_EVTIMER
  -------         PROC          DRV_TIME
  -------         DO            
  D:0036H         SYMBOL        pTimer
  D:0039H         SYMBOL        u8_Index
  -------         ENDDO         
  C:0F7AH         LINE#         151
  C:0F7AH         LINE#         156
  C:0F85H         LINE#         157
  C:0F88H         LINE#         159
  C:0F91H         LINE#         160
  C:0F9EH         LINE#         161
  C:0F9EH         LINE#         162
  C:0FB0H         LINE#         163
  C:0FB0H         LINE#         164
  C:0FB9H         LINE#         165
  C:0FB9H         LINE#         166
  C:0FC2H         LINE#         167
  C:0FCFH         LINE#         168
  C:0FD1H         LINE#         170
  C:0FD1H         LINE#         171
BL51 BANKED LINKER/LOCATER V6.22.2.0                                                  05/18/2022  16:22:27  PAGE 43


  C:0FE1H         LINE#         172
  C:0FE1H         LINE#         173
  C:0FE1H         LINE#         174
  C:0FECH         LINE#         175
  C:0FF0H         LINE#         177
  -------         ENDPROC       DRV_TIME
  -------         ENDMOD        DRV_TIMER

  -------         MODULE        UTILES
  C:0000H         SYMBOL        _ICE_DUMMY_
  X:005EH         PUBLIC        callbackQueue
  C:1351H         PUBLIC        _SendQueueSysRuningParam
  C:1670H         PUBLIC        _SendQueueAppAck
  C:1815H         PUBLIC        PopAckQueue
  C:1909H         PUBLIC        InitialQueue
  X:0063H         PUBLIC        commandQueue
  C:17F2H         PUBLIC        PopCommandQueue
  -------         PROC          INITIALQUEUE
  C:1909H         LINE#         20
  C:1909H         LINE#         21
  C:190EH         LINE#         22
  C:1912H         LINE#         23
  C:1916H         LINE#         24
  C:191AH         LINE#         25
  C:191EH         LINE#         26
  C:1922H         LINE#         27
  -------         ENDPROC       INITIALQUEUE
  -------         PROC          _SENDQUEUESYSRUNINGPARAM
  D:0007H         SYMBOL        pressure
  D:0005H         SYMBOL        temperature
  D:0003H         SYMBOL        battery
  C:1351H         LINE#         42
  C:1351H         LINE#         43
  C:1351H         LINE#         45
  C:135EH         LINE#         46
  C:135EH         LINE#         47
  C:1361H         LINE#         48
  C:1375H         LINE#         49
  C:1385H         LINE#         50
  C:1395H         LINE#         51
  C:13A4H         LINE#         52
  C:13A4H         LINE#         53
  C:13A6H         LINE#         54
  C:13A6H         LINE#         55
  C:13A9H         LINE#         56
  C:13A9H         LINE#         57
  C:13ABH         LINE#         58
  -------         ENDPROC       _SENDQUEUESYSRUNINGPARAM
  -------         PROC          POPCOMMANDQUEUE
  C:17F2H         LINE#         72
  C:17F2H         LINE#         73
  C:17F2H         LINE#         74
  C:17F8H         LINE#         75
  C:17F8H         LINE#         76
  C:17FAH         LINE#         77
  C:1809H         LINE#         78
  C:1809H         LINE#         79
BL51 BANKED LINKER/LOCATER V6.22.2.0                                                  05/18/2022  16:22:27  PAGE 44


  C:180BH         LINE#         80
  C:180BH         LINE#         81
  C:180CH         LINE#         83
  C:180CH         LINE#         84
  C:1814H         LINE#         85
  C:1814H         LINE#         87
  -------         ENDPROC       POPCOMMANDQUEUE
  -------         PROC          _SENDQUEUEAPPACK
  D:0007H         SYMBOL        cmd
  C:1670H         LINE#         103
  C:1670H         LINE#         104
  C:1670H         LINE#         105
  C:167DH         LINE#         106
  C:167DH         LINE#         107
  C:1680H         LINE#         109
  C:168FH         LINE#         110
  C:169EH         LINE#         111
  C:169EH         LINE#         112
  C:16A0H         LINE#         113
  C:16A0H         LINE#         114
  C:16A3H         LINE#         115
  C:16A3H         LINE#         116
  C:16A5H         LINE#         117
  -------         ENDPROC       _SENDQUEUEAPPACK
  -------         PROC          POPACKQUEUE
  C:1815H         LINE#         131
  C:1815H         LINE#         132
  C:1815H         LINE#         133
  C:181BH         LINE#         134
  C:181BH         LINE#         135
  C:181DH         LINE#         136
  C:182CH         LINE#         137
  C:182CH         LINE#         138
  C:182EH         LINE#         139
  C:182EH         LINE#         140
  C:182FH         LINE#         142
  C:182FH         LINE#         143
  C:1837H         LINE#         144
  C:1837H         LINE#         146
  -------         ENDPROC       POPACKQUEUE
  -------         ENDMOD        UTILES

  -------         MODULE        DRV_ADC
  C:0000H         SYMBOL        _ICE_DUMMY_
  I:0051H         PUBLIC        adc_battery
  D:009FH         PUBLIC        ADCDRH
  D:009CH         PUBLIC        ADCCRL
  D:009EH         PUBLIC        ADCDRL
  I:0053H         PUBLIC        adc_state
  C:1A22H         PUBLIC        drv_read_adc_currrent
  I:0054H         PUBLIC        adc_count
  C:1A1AH         PUBLIC        drv_read_adc_battery
  I:0055H         PUBLIC        adc_motor
  C:06FFH         PUBLIC        drv_adc
  I:0057H         PUBLIC        adc_sum
  C:19B3H         PUBLIC        drv_adc_ini
  -------         PROC          DRV_ADC_INI
BL51 BANKED LINKER/LOCATER V6.22.2.0                                                  05/18/2022  16:22:27  PAGE 45


  C:19B3H         LINE#         26
  C:19B3H         LINE#         28
  C:19B7H         LINE#         29
  C:19BCH         LINE#         30
  C:19BFH         LINE#         31
  -------         ENDPROC       DRV_ADC_INI
  -------         PROC          DRV_READ_ADC_BATTERY
  C:1A1AH         LINE#         45
  C:1A1AH         LINE#         47
  C:1A21H         LINE#         49
  -------         ENDPROC       DRV_READ_ADC_BATTERY
  -------         PROC          DRV_READ_ADC_CURRRENT
  C:1A22H         LINE#         63
  C:1A22H         LINE#         65
  C:1A29H         LINE#         67
  -------         ENDPROC       DRV_READ_ADC_CURRRENT
  -------         PROC          DRV_ADC
  -------         DO            
  D:0004H         SYMBOL        adcVal
  -------         ENDDO         
  C:06FFH         LINE#         83
  C:06FFH         LINE#         86
  C:070FH         LINE#         87
  C:070FH         LINE#         88
  C:0717H         LINE#         89
  C:071AH         LINE#         90
  C:071EH         LINE#         91
  C:0723H         LINE#         92
  C:0727H         LINE#         93
  C:0728H         LINE#         95
  C:0728H         LINE#         96
  C:0730H         LINE#         97
  C:0734H         LINE#         98
  C:0738H         LINE#         99
  C:0741H         LINE#         100
  C:0744H         LINE#         101
  C:074EH         LINE#         102
  C:0764H         LINE#         103
  C:076AH         LINE#         104
  C:076DH         LINE#         105
  C:0775H         LINE#         106
  C:0778H         LINE#         107
  C:0778H         LINE#         108
  C:0778H         LINE#         109
  C:0778H         LINE#         111
  C:077AH         LINE#         113
  C:077AH         LINE#         115
  C:077FH         LINE#         116
  C:0783H         LINE#         117
  C:0787H         LINE#         118
  C:0790H         LINE#         119
  C:0793H         LINE#         120
  C:079DH         LINE#         121
  C:07B3H         LINE#         122
  C:07B8H         LINE#         123
  C:07BBH         LINE#         124
  C:07C3H         LINE#         125
BL51 BANKED LINKER/LOCATER V6.22.2.0                                                  05/18/2022  16:22:27  PAGE 46


  C:07C6H         LINE#         126
  C:07C6H         LINE#         127
  C:07C9H         LINE#         128
  C:07C9H         LINE#         129
  C:07C9H         LINE#         130
  C:07C9H         LINE#         131
  C:07C9H         LINE#         133
  C:07C9H         LINE#         134
  -------         ENDPROC       DRV_ADC
  -------         ENDMOD        DRV_ADC

  -------         MODULE        DRV_CHARGE
  C:0000H         SYMBOL        _ICE_DUMMY_
  D:0088H         PUBLIC        P1
  X:0081H         PUBLIC        chargeCtrl
  D:0050H         PUBLIC        drv_charge_tick
  C:197EH         PUBLIC        drv_charge_ini
  C:1970H         PUBLIC        ReadChargeState
  C:0548H         PUBLIC        Drv_Charge
  -------         PROC          READCHARGESTATE
  C:1970H         LINE#         30
  C:1970H         LINE#         31
  C:197DH         LINE#         33
  -------         ENDPROC       READCHARGESTATE
  -------         PROC          DRV_CHARGE
  C:0548H         LINE#         48
  C:0548H         LINE#         49
  C:0556H         LINE#         50
  C:0558H         LINE#         51
  C:0572H         LINE#         52
  C:0572H         LINE#         53
  C:0579H         LINE#         54
  C:0582H         LINE#         56
  C:0582H         LINE#         57
  C:0584H         LINE#         58
  C:0587H         LINE#         59
  C:0587H         LINE#         60
  C:0588H         LINE#         61
  C:0588H         LINE#         62
  C:058EH         LINE#         63
  C:0594H         LINE#         64
  C:0597H         LINE#         65
  C:0599H         LINE#         67
  C:0599H         LINE#         68
  C:05A7H         LINE#         69
  C:05B6H         LINE#         70
  C:05BAH         LINE#         71
  C:05C1H         LINE#         72
  C:05C7H         LINE#         73
  C:05C7H         LINE#         74
  C:05C7H         LINE#         75
  C:05C8H         LINE#         76
  C:05C8H         LINE#         77
  C:05CEH         LINE#         78
  C:05D4H         LINE#         79
  C:05DAH         LINE#         80
  C:05DAH         LINE#         81
BL51 BANKED LINKER/LOCATER V6.22.2.0                                                  05/18/2022  16:22:27  PAGE 47


  C:05DBH         LINE#         82
  C:05DBH         LINE#         83
  C:05E1H         LINE#         84
  C:05EFH         LINE#         85
  C:05FEH         LINE#         86
  C:0602H         LINE#         87
  C:060AH         LINE#         88
  C:0610H         LINE#         89
  C:0610H         LINE#         90
  C:0611H         LINE#         92
  C:0611H         LINE#         93
  C:0612H         LINE#         94
  C:0612H         LINE#         95
  C:0612H         LINE#         96
  C:0614H         LINE#         97
  C:0614H         LINE#         98
  C:061CH         LINE#         99
  C:0622H         LINE#         100
  C:0627H         LINE#         101
  C:0627H         LINE#         102
  C:0627H         LINE#         103
  C:0627H         LINE#         104
  C:0627H         LINE#         105
  C:0627H         LINE#         107
  -------         ENDPROC       DRV_CHARGE
  -------         PROC          DRV_CHARGE_INI
  C:197EH         LINE#         121
  C:197EH         LINE#         123
  C:1981H         LINE#         124
  C:1987H         LINE#         125
  C:198BH         LINE#         126
  -------         ENDPROC       DRV_CHARGE_INI
  -------         ENDMOD        DRV_CHARGE

  -------         MODULE        ?C?CLDPTR
  C:023EH         PUBLIC        ?C?CLDPTR
  -------         ENDMOD        ?C?CLDPTR

  -------         MODULE        ?C?CLDOPTR
  C:0257H         PUBLIC        ?C?CLDOPTR
  -------         ENDMOD        ?C?CLDOPTR

  -------         MODULE        ?C?CSTPTR
  C:0284H         PUBLIC        ?C?CSTPTR
  -------         ENDMOD        ?C?CSTPTR

  -------         MODULE        ?C?CSTOPTR
  C:0296H         PUBLIC        ?C?CSTOPTR
  -------         ENDMOD        ?C?CSTOPTR

  -------         MODULE        ?C?IMUL
  C:02B8H         PUBLIC        ?C?IMUL
  -------         ENDMOD        ?C?IMUL

  -------         MODULE        ?C?UIDIV
  C:02CAH         PUBLIC        ?C?UIDIV
  -------         ENDMOD        ?C?UIDIV
BL51 BANKED LINKER/LOCATER V6.22.2.0                                                  05/18/2022  16:22:27  PAGE 48



  -------         MODULE        ?C?ILDOPTR
  C:031FH         PUBLIC        ?C?ILDOPTR
  -------         ENDMOD        ?C?ILDOPTR

  -------         MODULE        ?C?IILDOPTR
  C:0357H         PUBLIC        ?C?IILDOPTR
  -------         ENDMOD        ?C?IILDOPTR

  -------         MODULE        ?C?ISTPTR
  C:03A4H         PUBLIC        ?C?ISTPTR
  -------         ENDMOD        ?C?ISTPTR

  -------         MODULE        ?C?ISTOPTR
  C:03C3H         PUBLIC        ?C?ISTOPTR
  -------         ENDMOD        ?C?ISTOPTR

  -------         MODULE        ?C?IILDX
  C:03F0H         PUBLIC        ?C?IILDX
  -------         ENDMOD        ?C?IILDX

*** WARNING L16: UNCALLED SEGMENT, IGNORED FOR OVERLAY PROCESS
    SEGMENT: ?PR?UART_INIT?MAIN

*** WARNING L16: UNCALLED SEGMENT, IGNORED FOR OVERLAY PROCESS
    SEGMENT: ?PR?WDT_INIT?MAIN

*** WARNING L16: UNCALLED SEGMENT, IGNORED FOR OVERLAY PROCESS
    SEGMENT: ?PR?_SENDQUEUESYSRUNINGPARAM?UTILES

Program Size: data=90.0 xdata=147 code=6728
LINK/LOCATE RUN COMPLETE.  3 WARNING(S),  0 ERROR(S)
